Loaded environment from /Users/alexandr/dcode_pannel/lickbrick/.env
Warning: NEXTAUTH_SECRET not found in environment, using development default
Initializing embedding function...
Generating embeddings for: ['Black sofa', 'Wooden table']
DEBUG RAW RESPONSE STATUS: 200
DEBUG RAW RESPONSE TEXT: {
  "embeddings": [
    {
      "values": [
        0.015550519,
        -0.018542012,
        0.02023362,
        -0.08814502,
        8.817993e-05,
        0.0037966645,
        -0.003321128,
        -0.002784132,
        -0.007896684,
        0.023685766,
        0.00048577748,
        -0.034899198,
        -0.02078166,
        -0.011011082,
        0.11405214,
        0.01417655,
        0.0054500094,
        0.022961458,
        0.0044016615,
        -0.037170738,
        -0.0043802047,
        -0.009525796,
        0.016301865,
        0.023502871,
        -0.0067835073,
        -0.0001531178,
        0.005013017,
        0.025446894,
        0.036344998,
        -0.003835857,
        0.018671082,
        0.007542274,
        -0.0048342454,
        0.0150412815,
        8.650824e-05,
        0.029711764,
        0.02874304,
        -0.010302262,
        -0.010195325,
        0.028119259,
        -0.028692681,
        -0.007440188,
        -0.010546612,
        -0.014703992,
        -0.012589634,
        0.013226233,
        0.004080867,
        -0.0047087437,
        0.03242602,
        0.00083647255,
        0.00083618285,
        -0.001391649,
        -0.022904562,
        -0.16881734,
        6.0154303e-05,
        -0.005120195,
        0.0018522354,
        -0.022759017,
        -0.036134172,
        0.008351741,
        -0.010277104,
        0.007742151,
        0.025726024,
        -0.052287474,
        -0.021722907,
        -0.013546802,
        0.022127517,
        -0.00026338638,
        0.006334765,
        -0.0021031376,
        0.030245205,
        0.003080726,
        -0.0114005385,
        0.01717085,
        0.0049886024,
        -0.001761256,
        -0.009059425,
        0.009456253,
        0.005776371,
        0.016478939,
        0.0049991887,
        0.00033173303,
        -0.0055723507,
        -0.0025161682,
        0.00074189255,
        -0.015757328,
        -0.0101506915,
        0.0153248785,
        -0.0020626427,
        -0.0013363251,
        0.016031854,
        0.0012858061,
        0.023864765,
        -0.009045688,
        -0.011149249,
        -0.024109753,
        -7.0031034e-05,
        -0.007804671,
        0.017342906,
        0.0064155227,
        0.0024136459,
        0.004561402,
        0.00012535551,
        0.00085112796,
        0.010274517,
        -0.0014650899,
        0.024163691,
        0.003217247,
        -0.011063645,
        0.023321765,
        -0.009081354,
        0.016731452,
        0.00049118453,
        0.0017650595,
        0.014668014,
        -0.15970589,
        -0.0058086873,
        -0.010248782,
        -0.017381953,
        0.009970312,
        0.029141074,
        -0.009661002,
        0.015756674,
        0.016086783,
        -0.016807716,
        -0.035272993,
        0.004226528,
        -0.04081459,
        -0.0131703485,
        0.0050268415,
        -0.014062998,
        -0.012342642,
        0.01080123,
        0.015248416,
        -0.027870301,
        0.0010396212,
        -0.015556144,
        -0.007631491,
        -0.015210212,
        0.008697369,
        -0.0061350353,
        0.008818036,
        -0.00016592654,
        -0.017093748,
        -0.00020910644,
        0.011686801,
        -0.020169534,
        0.023248363,
        0.00046677832,
        -0.061733827,
        0.010707668,
        0.015742645,
        0.002806627,
        0.014036129,
        -0.002271638,
        -0.049989406,
        0.0064516286,
        -0.0078054643,
        -0.008602338,
        0.0029714063,
        0.009154081,
        0.010647076,
        0.038421378,
        0.003924285,
        -0.0037023823,
        -0.00023003717,
        -0.015227603,
        0.007796841,
        -0.0020398148,
        0.02864945,
        0.0070941723,
        0.022857353,
        -8.535183e-05,
        -0.008501436,
        0.023573693,
        0.01681509,
        -0.012803128,
        -8.053599e-05,
        -0.0019895819,
        0.015746102,
        -0.017860206,
        0.0123589905,
        0.020666998,
        0.029090898,
        -0.00972556,
        0.015542841,
        0.0019619213,
        0.023998696,
        -0.0032944477,
        -0.0022369043,
        0.027162887,
        -0.013584028,
        0.008292219,
        -0.024819398,
        -0.00093528745,
        0.0042986046,
        0.004325015,
        0.0035280753,
        -0.0047805067,
        0.038080934,
        -0.011627718,
        -0.02127372,
        0.02308071,
        0.011052351,
        0.006929592,
        0.00033097615,
        -0.013254402,
        -0.013769695,
        0.01648838,
        0.011681969,
        0.010031043,
        0.006905748,
        0.028374998,
        0.0060856175,
        0.012379387,
        -0.0031083229,
        -0.030127503,
        0.019456234,
        -0.009238481,
        0.003257591,
        0.04806458,
        0.0038786014,
        0.011641373,
        0.015877107,
        -0.0013051387,
        -0.0011873677,
        -0.003125212,
        -0.022226473,
        -0.0019415818,
        0.01942791,
        0.028188888,
        -0.0070695346,
        0.0012100069,
        -0.0031996283,
        0.008447292,
        0.011125612,
        -0.0007344627,
        -0.015125094,
        0.040489882,
        0.003976383,
        -0.00794967,
        0.0012811855,
        0.016090253,
        -0.0068913675,
        0.00033187718,
        0.047663774,
        -0.0118398275,
        0.015127002,
        0.02338946,
        0.014674731,
        0.021737328,
        -0.0024345075,
        -0.00825904,
        -0.020409659,
        -0.010266912,
        0.011497261,
        0.004786383,
        -0.00526186,
        -0.0055743023,
        0.032305807,
        -0.044605512,
        0.020792183,
        0.0053771785,
        0.00090986467,
        -0.024790155,
        -0.005324343,
        -0.023689706,
        0.010046106,
        -0.0049672257,
        0.005349992,
        0.011724043,
        0.00846259,
        0.005735375,
        0.004003349,
        0.01153366,
        0.021203948,
        -0.086969,
        -0.0037493005,
        -0.010789233,
        0.0014783677,
        0.012624925,
        -0.008491762,
        0.010427512,
        -0.030067403,
        0.008669943,
        -0.0052383463,
        -0.0043930034,
        -0.020289747,
        0.008851985,
        0.019915093,
        0.0077614035,
        -0.01130975,
        -0.010480035,
        0.017926604,
        0.025850793,
        -0.0043302323,
        0.020952037,
        -0.010522462,
        0.010801465,
        -0.010846216,
        0.02433702,
        -0.015158214,
        -0.010864056,
        0.019883461,
        0.0020018388,
        0.0176663,
        0.0019878317,
        0.0029792362,
        0.010983473,
        0.010229053,
        -0.0060908585,
        0.0063075623,
        -0.0054558027,
        -0.00069798564,
        -0.002055408,
        -0.0062746396,
        0.006824682,
        -0.018358285,
        0.0022837522,
        -0.002266981,
        -0.015464968,
        -0.01641908,
        0.0126077365,
        0.009245065,
        0.011332869,
        0.0064016045,
        0.019079298,
        0.0006046012,
        0.0358506,
        0.011973499,
        0.023869973,
        -0.037055455,
        0.0014610607,
        -0.02242224,
        -0.042266984,
        -0.0007155767,
        0.029967202,
        -0.019547777,
        -0.015422331,
        0.036289033,
        -0.0023256678,
        0.0050259447,
        -0.011782336,
        -0.005670355,
        0.030576209,
        -0.0086484505,
        -0.016528085,
        0.02148285,
        -0.009328919,
        0.005908215,
        0.019313784,
        0.01931675,
        0.00027300513,
        -0.007884791,
        -0.0057079163,
        -0.009138581,
        -0.008328747,
        0.0053339256,
        0.02851053,
        0.036185753,
        -0.017869253,
        0.010290867,
        -0.0009212085,
        0.0019100098,
        0.013764193,
        -0.021808475,
        0.018308166,
        -0.002645668,
        0.0010823063,
        0.00185364,
        0.010503477,
        -0.0140672065,
        0.0074739642,
        0.025350526,
        -0.0046136724,
        -0.0044852933,
        -0.013159434,
        -0.012930099,
        0.008941815,
        -0.0056596454,
        -0.0024739364,
        0.048012987,
        -0.0010113708,
        0.029249443,
        0.0005270558,
        0.0008295193,
        0.012793073,
        0.0006229387,
        -0.025151605,
        0.011008892,
        0.00035893614,
        0.0059889047,
        -0.025766455,
        -0.027578888,
        -0.013093005,
        -0.0027927118,
        0.015248259,
        -0.016694818,
        0.0067508137,
        0.014987663,
        -0.008855463,
        0.024978243,
        0.002657683,
        -0.012590157,
        -0.010788752,
        -0.013974203,
        -0.007198661,
        0.030546982,
        0.0018195723,
        -0.010202065,
        0.03941674,
        -0.003257729,
        0.013863778,
        0.021608973,
        0.027779412,
        -0.003161105,
        -0.0121564595,
        -0.024654886,
        0.024943935,
        0.0043827775,
        0.015987499,
        0.017341206,
        -0.0052302973,
        0.018922392,
        -0.021873543,
        -0.018705562,
        -0.022077203,
        -0.019926451,
        -0.010280965,
        0.013244166,
        -0.020140998,
        -0.018081332,
        -0.016903095,
        0.008855504,
        -0.026438683,
        -0.008855795,
        -0.009511801,
        -0.006125326,
        -0.0022947185,
        -0.010708786,
        -0.006704041,
        0.0047205724,
        0.004025306,
        -0.012241163,
        -0.004749705,
        0.03272842,
        0.016649617,
        -0.0010193785,
        0.006606051,
        -0.025019217,
        0.0042140917,
        0.008340847,
        0.0021741472,
        0.03435247,
        0.009260649,
        -0.0037326133,
        0.035445444,
        -0.004445898,
        0.003503209,
        0.0064024823,
        0.008202777,
        -0.013710289,
        -0.024330055,
        0.01880046,
        0.0057952083,
        0.012026272,
        0.012663393,
        -0.0047354605,
        0.00412346,
        -0.00030561534,
        0.0024469208,
        0.0056365137,
        -0.009176468,
        -0.0156434,
        -0.0030166227,
        0.017216846,
        -0.017237356,
        0.026086606,
        0.032654237,
        -0.0051870537,
        0.007244042,
        -0.005407294,
        -0.0028455162,
        0.014291721,
        -0.009533236,
        0.0008750424,
        -0.0032995653,
        0.0010645989,
        -0.0051263743,
        0.0025821223,
        -0.010400207,
        0.020610493,
        -0.012570181,
        -0.011033543,
        -0.0118738385,
        0.0012739846,
        0.0052337833,
        0.00015223763,
        0.010070153,
        -0.008650956,
        0.010477339,
        -0.016329344,
        -0.002468954,
        0.007212492,
        -0.028384726,
        0.011422749,
        -0.01608839,
        -0.00020031727,
        -0.002079321,
        0.0016370763,
        -0.024270909,
        -0.0062493454,
        0.012130319,
        -0.0005902173,
        -0.014255839,
        0.02282764,
        -0.0120298555,
        0.0059204195,
        0.010161621,
        -0.014148468,
        -0.0042938637,
        -0.009580057,
        -0.01936193,
        -0.018275417,
        -3.480424e-05,
        0.007681368,
        -0.009782809,
        0.027642373,
        -0.009813648,
        -0.0020380626,
        0.003858298,
        -0.004452449,
        -0.025051404,
        -0.012760956,
        -0.01592735,
        -0.018960658,
        -0.019637441,
        0.017062698,
        -0.003927529,
        -0.017677214,
        0.003360471,
        -0.0037522763,
        -0.0046493392,
        0.0037224994,
        0.008622824,
        -0.12146442,
        -0.0032613394,
        0.01765161,
        -0.008857743,
        -0.010148765,
        0.02848715,
        -0.0034856936,
        0.009920478,
        -0.0008651321,
        -0.04083264,
        0.0010505791,
        0.0107259005,
        0.015135474,
        0.03349947,
        -0.015718011,
        -0.0056395265,
        -0.019225068,
        0.014257437,
        0.024556486,
        0.029759929,
        0.0024813567,
        0.029453777,
        -0.021963933,
        0.0060713454,
        0.01835891,
        -0.036291245,
        -0.024276448,
        -0.027478755,
        -0.0197465,
        0.011580673,
        0.0142063955,
        -0.011091686,
        -0.016708981,
        0.005706022,
        -0.010179892,
        -0.018954761,
        -0.0047894656,
        0.02449388,
        -0.0065788706,
        0.011765782,
        -0.029746797,
        -0.02518388,
        0.015134706,
        -0.0068579675,
        0.019755732,
        0.015105916,
        0.007280507,
        -0.0033261082,
        -0.0010057017,
        0.025748342,
        -0.015520293,
        0.019152597,
        -0.0043164426,
        0.00037639873,
        -0.014824988,
        -0.011967052,
        0.0037033297,
        0.015647534,
        0.0076111,
        0.0079919165,
        -0.0058306437,
        -0.02803831,
        -0.006611008,
        0.0065074298,
        -0.020987188,
        -0.01017563,
        0.01768506,
        0.0133517375,
        -0.028516924,
        -0.016153237,
        -0.0003658389,
        0.012904879,
        0.01691211,
        0.029808473,
        0.019948259,
        0.023015216,
        -0.016263068,
        0.004286876,
        -0.00746757,
        -0.0035216494,
        -0.034497295,
        0.0070403055,
        -0.073185995,
        0.0032867726,
        0.001158071,
        -0.017636599,
        0.014620013,
        0.0022967716,
        0.012244099,
        -0.03143575,
        -0.024103926,
        0.017197292,
        0.005719039,
        -0.0062973863,
        0.028696384,
        -0.0028044241,
        0.006642165,
        -0.0009710343,
        0.014473928,
        -0.009211807,
        0.010776334,
        0.0011517436,
        -0.0047685853,
        0.0068157483,
        0.015262199,
        -0.00874805,
        -0.0068573216,
        0.03712215,
        0.011514046,
        0.014099393,
        0.051053222,
        -0.002986954,
        -0.001953707,
        -0.114620626,
        0.00087117276,
        -0.0035669452,
        -0.0072974013,
        0.016554715,
        0.044062313,
        -0.020377303,
        -0.001575607,
        -0.01995445,
        -0.008279284,
        -0.0075668627,
        0.027229594,
        -0.0015394822,
        0.008896765,
        0.0032811302,
        0.13757144,
        0.006379867,
        0.01350639,
        -0.02397626,
        0.0015985279,
        0.0034208577,
        -0.012123812,
        -0.008331699,
        -0.0032153828,
        -0.0036674545,
        -0.0068466747,
        0.009808031,
        0.031857908,
        -0.033058114,
        0.019053727,
        -0.0047086384,
        -0.0061728586,
        0.0016717998,
        0.017796872,
        -0.0077251624,
        -0.020950843,
        -0.009163165,
        0.0027809213,
        0.0076550837,
        -0.0015580885,
        -0.017952621,
        0.028537394,
        0.0035479337,
        0.022473384,
        -0.0060633486,
        -0.014533665,
        0.021876687,
        -0.0143685285,
        -0.01030971,
        -0.00966036,
        -0.031653125,
        -0.057958838,
        0.005810901,
        0.045705833,
        0.0261903,
        -0.0049906243,
        -0.036664724,
        0.0054019764,
        -0.00041534627,
        -0.009489162,
        -0.0048781303,
        -0.013748797,
        0.035373874,
        0.016585482,
        -0.016926525,
        -0.020633852,
        0.0031053259,
        0.014135761,
        0.01580139,
        0.0018354403,
        0.003700322,
        0.038204335,
        0.020512665,
        0.008593291,
        -0.035538036,
        -0.02125707,
        -0.013854215,
        -0.026133826,
        -0.013891135,
        -0.027719526,
        0.015286373,
        -0.027818285,
        0.010939998,
        -0.013181557,
        0.009812844,
        -0.0058433036,
        -0.015062477,
        0.025674962,
        -0.032016784,
        0.01128714,
        -0.0050761965,
        -0.004071528,
        0.035776023,
        -0.009767614,
        -0.026070237,
        -0.022445742,
        0.021811558,
        -0.021750007,
        0.014925656,
        0.001196145,
        0.022420418,
        -0.014697004,
        0.028643023,
        -0.017121214,
        -0.0023676588,
        -0.009487171,
        9.413303e-05,
        -0.020379793,
        0.009857378,
        0.00094224187,
        -0.016116101,
        -0.0078714425,
        0.008424578,
        -0.002324278,
        0.0055162297,
        0.0098051485,
        -0.0019294068,
        0.0017382968,
        -0.0004270157,
        0.0002259468,
        0.009122969,
        0.0032802818,
        -0.0085224705,
        0.007298057,
        0.007943366,
        -0.005443493,
        0.0048161866,
        -0.0033852858,
        0.0103701865,
        -0.030856676,
        0.0069977106,
        0.009758712,
        0.008787696,
        0.018660782,
        -0.00087373686,
        0.0036834166,
        0.014836765,
        -0.019343356,
        -0.0025666927,
        -0.0069021867,
        0.005691396,
        -0.005159131,
        0.012703098,
        -0.01031296,
        0.0064488044,
        0.0017214743,
        -0.00016686178,
        -0.0006391463,
        0.008636741,
        0.008845538,
        -0.005004231,
        -0.014319992,
        0.010737724,
        -0.0049061365,
        0.0004715283,
        -0.011217494,
        -0.015356297,
        0.0044535566,
        -0.0010051879,
        -0.0027264692,
        -0.0007301236,
        0.0018523387,
        0.0052699647,
        -0.0017826754,
        0.0029279436,
        0.021875743,
        0.0065701376,
        -0.022983715,
        0.0028748738,
        0.013349691,
        0.006934314,
        -0.012343706,
        0.008694921,
        -0.0019018272,
        -0.019096147,
        0.009742741,
        -0.0014457328,
        -0.009062516,
        -0.0034724027,
        0.011054285,
        -0.0021662354,
        0.015523134,
        -0.010491505,
        0.009299824,
        0.011695251,
        0.01546941,
        0.005085446,
        0.0054319655,
        0.004997833,
        -0.0066846004,
        0.005417436,
        -0.015078675,
        0.013734493,
        -0.015701003,
        0.021794977,
        0.017020877,
        0.0055954377,
        -0.0134817185,
        0.014094833,
        0.013705054,
        -0.0052545643,
        -0.018803867,
        0.0038320816,
        -0.01363326,
        0.005455233,
        0.0070958124,
        -0.012470369,
        -0.0109332595,
        -0.0051966975,
        0.0055431877,
        1.0448588e-05,
        0.0024315785,
        -0.0005046015,
        -0.01577692,
        0.014104157,
        -0.011843052,
        0.021178456,
        -0.003375809,
        0.0016722843,
        0.006729433,
        0.01106203,
        0.0064900476,
        0.016435005,
        0.0037328417,
        -0.007157921,
        0.00674612,
        0.0088526225,
        0.010830371,
        -0.00805617,
        0.0007128863,
        0.0018180056,
        -0.012240424,
        0.0023254901,
        -0.003552639,
        -0.0010988768,
        0.007135422,
        -0.0045485436,
        -0.0044216723,
        -0.0015555777,
        0.0040163435,
        0.0024036798,
        0.0011873767,
        0.02084704,
        -0.0046666297,
        -0.009258697,
        0.018194411,
        -0.005447019,
        -0.00632946,
        -0.0014332029,
        -0.0046055457,
        -0.0031745243,
        -0.010892778,
        -0.00036274595,
        0.0018454024,
        -0.0033488097,
        -0.0057495083,
        0.006192248,
        0.014096882,
        -0.019100437,
        -0.031518504,
        0.022403153,
        0.012226784,
        0.02134202,
        -0.0014883527,
        0.0020488866,
        -0.0011396072,
        -0.014136911,
        0.0023748232,
        0.007147387,
        0.0072085094,
        0.00041985724,
        0.00143334,
        -0.0053224955,
        0.004946442,
        -0.007724224,
        -0.007853778,
        0.006594883,
        -0.0123454565,
        -0.004963322,
        0.014328942,
        0.014731836,
        -0.012742281,
        -0.006862966,
        -0.0072029545,
        -0.004257249,
        -0.0056924685,
        -0.0036528194,
        0.0067140926,
        0.01955796,
        -0.010336262,
        -0.0074845357,
        0.017069545,
        0.01522787,
        0.01705186,
        -0.00935135,
        0.0071410635,
        -0.0109890625,
        -0.0013940565,
        0.018560577,
        -0.005052933,
        -0.007000014,
        0.0006595624,
        -0.0005085727,
        0.01302788,
        0.011488103,
        -0.00555048,
        0.01092091,
        -0.0010756635,
        0.0051739584,
        0.012918037,
        0.09272364,
        0.014026774,
        0.014084796,
        0.012035346,
        -0.0033591285,
        0.008803877,
        0.004541237,
        -0.0119215995,
        0.006620552,
        -0.004275635,
        -0.015492745,
        0.012266102,
        -0.024034305,
        0.011112424,
        0.0020709378,
        0.013147633,
        0.01678538,
        -0.0037923926,
        0.00093196775,
        -0.007900267,
        -0.0026278256,
        -0.0044041993,
        0.0060023097,
        0.0038874883,
        0.011203898,
        0.0144108,
        -0.0096952915,
        -0.013699091,
        -0.002276413,
        0.019800939,
        0.0021247333,
        0.010121672,
        0.017820854,
        0.004979273,
        -0.00046909973,
        0.001579394,
        0.0004934799,
        0.0010785119,
        0.016707586,
        0.014402229,
        -0.0032628388,
        0.008152926,
        0.0006581599,
        0.006943888,
        0.027604103,
        0.009899764,
        -0.007959177,
        -0.0007932839,
        -0.001487977,
        -0.006989545,
        -0.0060986234,
        0.020591585,
        -0.001261876,
        0.0022003064,
        -0.008966326,
        0.0013633713,
        -0.018559605,
        0.010414256,
        0.0052907118,
        0.011406575,
        -0.010077819,
        0.0057672993,
        -0.016233433,
        -0.0035657063,
        0.012164957,
        -0.01999874,
        -0.01402927,
        0.0041595865,
        -0.011393266,
        -0.009779702,
        0.006801467,
        -0.0049618953,
        -0.0045351246,
        0.007186222,
        0.045794763,
        -0.0036387928,
        0.0001348254,
        0.006561951,
        0.0049267197,
        0.017150812,
        -0.0012450013,
        -0.009209606,
        0.0001756034,
        0.0049800086,
        0.0058544027,
        0.013240371,
        -0.012699443,
        0.0016582925,
        -0.0035373273,
        -0.011439337,
        0.008421549,
        -0.012419569,
        0.017001199,
        -0.009525894,
        0.0056007206,
        0.007386976,
        0.099370174,
        -0.0025473114,
        -0.014125471,
        -0.009229478,
        -0.011434997,
        -0.01309617,
        -0.008609342,
        0.014095708,
        -0.0039016376,
        -0.011395934,
        0.0015469862,
        -0.0179433,
        -0.00488226,
        0.005042694,
        0.020721585,
        0.005389244,
        0.01144921,
        -0.0013605237,
        -0.0032947252,
        -0.0175092,
        -0.013563892,
        0.009479371,
        -0.0200137,
        -0.004522609,
        0.00239544,
        -0.0017368412,
        -0.0024866257,
        0.0073062326,
        -0.0025889783,
        0.01238495,
        -0.010255131,
        -0.017670447,
        0.013988736,
        0.010512736,
        0.005982318,
        -0.005098696,
        -0.009018101,
        -0.002342114,
        0.011897115,
        -0.0025440913,
        -0.009472971,
        0.0279035,
        0.0023898175,
        -0.0005947293,
        -0.016743645,
        -0.002568468,
        0.00041010528,
        0.003415593,
        -0.022303542,
        -0.005419644,
        0.012393622,
        0.0026385745,
        0.001292528,
        0.004220406,
        0.0027572326,
        0.004193466,
        0.0028343988,
        -0.007788982,
        0.019006342,
        0.0051517026,
        0.0014720958,
        0.010636108,
        0.031812254,
        -0.0076207696,
        0.010489433,
        0.001734597,
        0.0003727296,
        0.001863934,
        0.008689936,
        0.004480433,
        0.029184176,
        0.023769416,
        -0.014558396,
        -0.00043337187,
        0.014460844,
        0.015361226,
        4.0686347e-05,
        -0.0031332932,
        -0.0009767761,
        0.013440933,
        0.0054285727,
        0.013427595,
        -0.009705455,
        0.009851951,
        0.014811121,
        0.011474746,
        0.002016705,
        -0.016614802,
        0.011683012,
        -0.020832926,
        0.03857425,
        -0.008582475,
        0.002120465,
        -0.008288721,
        -0.0027968937,
        -0.0046153874,
        -0.004442013,
        -0.004607203,
        -0.007504249,
        -0.008311511,
        0.0122871585,
        -0.010828094,
        0.0032400424,
        0.0077589033,
        -0.0040038964,
        -0.008786211,
        0.009027222,
        -0.024454638,
        -0.0006076751,
        0.00262833,
        0.006104933,
        0.00914786,
        0.006148712,
        0.0029709483,
        0.009399426,
        -0.013914001,
        0.0058869417,
        -0.020066207,
        0.002616191,
        -0.00889697,
        0.0006102091,
        -0.007343618,
        -0.012113542,
        0.0004192318,
        -0.0016628501,
        0.0017719243,
        0.0025761873,
        0.024172714,
        -0.0102965925,
        -0.014561873,
        -0.0009972255,
        0.006521652,
        -0.0012680439,
        0.0069915713,
        0.013400091,
        0.008743257,
        -0.002733206,
        -0.002281231,
        -0.0065006334,
        0.00485868,
        -0.0029307604,
        -0.001334832,
        0.021684708,
        0.005405855,
        -0.009105313,
        -0.0065359394,
        -0.0013321701,
        0.0026314408,
        0.0026346976,
        0.018599905,
        -0.009116257,
        -0.0024459278,
        -0.0063352,
        0.0039083334,
        -0.0020144964,
        0.007945938,
        0.012489809,
        -0.010744803,
        0.016354738,
        0.011689683,
        -0.0029802753,
        -0.04869737,
        0.0075882026,
        0.011229581,
        0.00892329,
        0.0050637703,
        -0.008725623,
        -0.0001283581,
        0.0016739827,
        0.014611992,
        0.0006862023,
        -0.009909271,
        -0.007652503,
        0.00094983674,
        -0.0076569645,
        0.008747118,
        0.0044020084,
        -0.00969846,
        -0.0027083806,
        -0.01687335,
        -0.005681582,
        -0.016310817,
        -0.017834146,
        0.0016298704,
        0.008643788,
        0.000978357,
        0.0069718454,
        -0.0104424255,
        0.01563616,
        0.0017350933,
        -0.010877297,
        0.005144737,
        0.004379938,
        -0.008530164,
        0.002721829,
        0.0007945464,
        -0.014385779,
        0.02305598,
        0.0056405873,
        0.01497007,
        0.0023480537,
        0.02152021,
        0.006438023,
        0.0013206727,
        0.016214639,
        -0.006892307,
        0.00026280183,
        0.01287128,
        0.004529066,
        -0.007393348,
        -0.0007579636,
        0.0076329643,
        0.0044538197,
        -0.00078620174,
        0.0011287676,
        0.002584715,
        0.0052335155,
        0.019639736,
        -0.0008902361,
        -0.014252799,
        -0.027189225,
        0.009204716,
        0.0074163307,
        -0.019192679,
        -0.005113425,
        -0.022961717,
        0.0062907087,
        0.001304056,
        -0.013693011,
        0.0062808185,
        0.008165839,
        -0.007423162,
        -0.011355771,
        -0.0026603916,
        0.020031642,
        -0.020829763,
        0.0010458472,
        0.009081393,
        0.01376156,
        0.005408602,
        0.01032415,
        -0.016838674,
        0.017341953,
        -0.0070448853,
        -0.017159387,
        -0.01470231,
        -0.016034856,
        -0.0038657975,
        -0.034143586,
        -0.014101499,
        0.0061505535,
        -0.0035755453,
        0.00732463,
        -0.009080336,
        -0.0038935589,
        -0.016296452,
        -0.006177199,
        -0.007884521,
        0.010459765,
        0.01160978,
        0.0040238216,
        -0.015271195,
        -0.002737413,
        -0.009496717,
        -0.00714287,
        -0.0057837265,
        0.00091808545,
        0.01349004,
        0.009345949,
        -0.021275865,
        -0.0009209512,
        7.672338e-05,
        0.0145324925,
        0.0029696114,
        -0.0042383987,
        -0.013795878,
        3.6874382e-05,
        0.017356088,
        -0.007865857,
        -0.005180632,
        -0.010106539,
        -0.0134940855,
        0.007840136,
        0.023357725,
        -0.022151664,
        -0.0188928,
        -0.016124062,
        0.022757584,
        0.00739024,
        0.028552637,
        -0.004244163,
        -0.016026918,
        0.0014203324,
        0.00071421266,
        0.009050619,
        0.0016067214,
        0.012438347,
        0.008574444,
        0.0054576118,
        -0.02161136,
        0.0026534298,
        0.0031575938,
        -0.01807142,
        -0.0016637775,
        -0.008458633,
        -0.0009748613,
        -0.0039712456,
        -0.0045184377,
        -0.00043030852,
        0.0018187513,
        -0.013574801,
        -0.0022260875,
        0.009774158,
        0.01601459,
        0.016093202,
        0.014408027,
        0.004342555,
        -0.010274364,
        -0.0015162154,
        -0.005113024,
        -0.018168619,
        0.008387629,
        0.014872271,
        0.0095755,
        0.009949899,
        0.019927213,
        -0.011283613,
        0.004131771,
        -0.013776444,
        0.0025728534,
        -0.018582061,
        0.00030306476,
        -0.008822664,
        -0.0058045643,
        0.018349264,
        0.0032298805,
        -0.014230792,
        -0.0015976722,
        0.0009778751,
        0.0010747064,
        0.0012256,
        -0.011952984,
        0.0016914754,
        -0.015688796,
        0.009032798,
        0.00031547743,
        -0.005257413,
        -0.012415339,
        -0.00339328,
        -0.0016777766,
        0.0027252168,
        0.023717877,
        0.015352629,
        -0.0029166816,
        -0.009630351,
        0.01358383,
        -0.004191108,
        -0.011029045,
        0.010876208,
        0.0066326167,
        -0.017344313,
        0.010455121,
        0.00448432,
        -0.012524549,
        0.0037196435,
        -0.004394077,
        -0.07031942,
        0.0035343284,
        0.007711187,
        0.007989802,
        -0.025466278,
        0.017354274,
        -0.005804197,
        0.016538689,
        0.014105269,
        -0.010584554,
        -0.011581498,
        0.010520538,
        0.011742626,
        -0.018625252,
        0.00013252419,
        -0.026777526,
        0.015083198,
        -0.0081441775,
        0.006877336,
        -0.002020559,
        -0.0064298883,
        0.010019538,
        0.01992363,
        -0.008450818,
        -0.0037202712,
        0.015886884,
        -0.0075250966,
        -0.013161913,
        0.015703771,
        -0.010688876,
        0.0103881555,
        0.0065201656,
        -0.0013857994,
        0.010291987,
        0.017734896,
        0.0125085,
        0.011871682,
        -0.0022893269,
        -0.14611122,
        0.008008159,
        0.0050348495,
        -0.021811675,
        -0.0072690984,
        0.0072259707,
        0.00089497486,
        -0.0025718152,
        -0.0019317721,
        -0.012747091,
        0.013987641,
        0.0065915682,
        -0.00094884017,
        -0.004762013,
        0.020434018,
        0.00014290199,
        0.0009595674,
        0.012523468,
        -0.016897783,
        -0.008051975,
        -0.017486515,
        -0.011623448,
        -0.0026294799,
        0.0050085597,
        -0.015903823,
        -0.009327568,
        0.0018315864,
        -0.0023319551,
        0.0077822777,
        0.0061216666,
        0.012876663,
        -0.0019812428,
        -0.011063072,
        -0.012689343,
        0.0064306124,
        -0.004335928,
        -0.009952431,
        -0.0075467355,
        0.0018611227,
        -0.0093313055,
        0.011195702,
        0.0055111386,
        0.016924739,
        0.009214923,
        -0.0074945097,
        0.0011572879,
        0.002555846,
        0.014533203,
        -0.009879303,
        -0.009348989,
        -0.004146763,
        -0.003766391,
        -0.0161246,
        -0.001044076,
        0.00044694354,
        -0.019104788,
        0.0029512192,
        -0.013665496,
        -0.0004969216,
        0.008143388,
        -0.009822971,
        0.003442487,
        0.013852363,
        0.0062704333,
        -0.0067286757,
        0.015624812,
        0.0033110774,
        -0.005559851,
        0.002747428,
        0.025663523,
        0.0037028436,
        0.008085762,
        0.014759333,
        -0.007323112,
        0.019360045,
        -0.007870332,
        0.0045365365,
        0.013427548,
        0.003777409,
        -0.015822703,
        0.01002017,
        -0.000774672,
        0.0007249928,
        0.00695412,
        0.01625612,
        -0.0065889233,
        -0.0067146723,
        -0.02661742,
        0.013718142,
        -0.036424052,
        -0.026712105,
        -0.0066029322,
        -0.028415915,
        0.017134193,
        -0.011773679,
        0.0055031115,
        -0.025396757,
        0.03589285,
        0.0017794713,
        -0.013955725,
        0.015467172,
        -0.010265314,
        -0.025701333,
        0.014891295,
        -0.011434122,
        -0.01178709,
        -0.00880923,
        -0.01854711,
        -0.0073617594,
        0.005936173,
        -0.025704367,
        0.02049669,
        0.017686216,
        0.0031579488,
        -0.026076833,
        -0.010918474,
        0.0104178665,
        -0.00066134706,
        -0.0019225935,
        -0.0055510122,
        0.01911081,
        0.005857551,
        0.020444216,
        -0.021725088,
        0.0017931992,
        0.004064073,
        -0.0049552596,
        -0.029514462,
        0.021620631,
        0.013815527,
        0.0136880595,
        -0.0166133,
        0.008389256,
        -0.007655265,
        0.005300828,
        -0.024721079,
        0.0150946705,
        -0.0056216777,
        0.014514947,
        0.0039232573,
        0.004968241,
        0.0021400633,
        0.00611675,
        0.026358597,
        -0.0026753475,
        0.014176171,
        -0.008627164,
        0.0041036503,
        0.044046216,
        0.0074090157,
        0.0010162572,
        0.013284586,
        0.015984,
        0.022446843,
        0.009469354,
        0.0065180236,
        0.0036916523,
        -0.036494736,
        -0.027086018,
        0.002488553,
        -0.01860615,
        -0.0176771,
        -0.0032616698,
        -0.01043644,
        0.0051652654,
        -0.0142761255,
        -0.00371118,
        -0.024524314,
        -0.01739117,
        0.0068622637,
        0.013630033,
        -0.0039478336,
        0.011195419,
        0.03216283,
        -0.012765206,
        -0.008772463,
        -0.019263487,
        -0.012221753,
        0.016821152,
        -0.011077728,
        0.0008967986,
        0.0074796877,
        0.00740402,
        -0.004200879,
        -0.008981902,
        0.0012431545,
        -0.0125781195,
        -0.0050484496,
        -0.0046997056,
        0.012795469,
        0.008616459,
        -0.0066338195,
        0.006563418,
        -0.003724642,
        -0.016478267,
        0.009945431,
        -0.01275187,
        -0.0081527075,
        -0.008311161,
        0.002118906,
        -0.024507077,
        -0.004835598,
        -0.00499223,
        -0.14394733,
        -0.013939103,
        -0.015439199,
        0.01217677,
        0.012883361,
        -0.018558685,
        -0.0037488714,
        -0.002585696,
        0.0018516671,
        0.003413116,
        -0.014664846,
        -0.004733974,
        -0.0057670693,
        0.010509758,
        0.012146714,
        -0.0010191728,
        0.013516367,
        -0.0040494925,
        -0.018814335,
        -0.009879295,
        -0.032740936,
        0.0055387574,
        -0.01531233,
        -0.011976406,
        0.0046678707,
        -0.009585625,
        0.0068591083,
        0.022046793,
        -0.0050774906,
        0.013952351,
        0.00203611,
        -0.010078715,
        0.01431499,
        -0.00052647927,
        0.011325664,
        0.004189521,
        -0.013577347,
        0.0030112586,
        -0.005003756,
        0.009570479,
        -0.016997537,
        0.0052927216,
        0.01882318,
        -0.01721522,
        -0.0028337715,
        0.0057900385,
        0.016762787,
        0.008634309,
        -0.025102017,
        -0.012038482,
        0.0079521,
        -0.020177197,
        0.004098586,
        -0.0001397658,
        -0.0013288048,
        -0.008417845,
        0.00034174163,
        0.0032793605,
        0.019095205,
        0.01793273,
        0.008856765,
        -0.014620761,
        -0.0100685805,
        0.002728217,
        -0.007487885,
        -0.009727911,
        0.007935884,
        0.14152502,
        -0.012676292,
        -0.0053667137,
        0.016099216,
        0.0031371443,
        0.020893358,
        -0.0037977174,
        0.015625793,
        0.0023676641,
        -0.018718716,
        0.011890689,
        0.0055786213,
        -0.0077144266,
        -0.022549136,
        0.0021664456,
        -0.019061677,
        -0.00919933,
        0.028731732,
        0.0051474418,
        0.0006267401,
        0.012872566,
        0.03340733,
        -0.017013947,
        -0.008961584,
        -0.02613904,
        0.0058440156,
        0.015697086,
        0.004835986,
        0.011461571,
        0.005186286,
        0.038088404,
        0.011373883,
        -0.014713845,
        0.0038190251,
        -0.024106706,
        0.0049169394,
        0.012852196,
        -0.00339615,
        -0.0184537,
        0.0031967387,
        -0.011035287,
        0.024264513,
        0.025620818,
        -0.025985569,
        -0.0066205733,
        -0.023058623,
        -0.0088465465,
        0.028821686,
        -0.0023595332,
        0.0330804,
        0.009970799,
        -0.02047643,
        -0.0032418792,
        -0.011453759,
        0.014656789,
        0.0039083264,
        0.0011327779,
        -0.025270749,
        -0.005871252,
        0.0076477146,
        0.022117177,
        -0.000763407,
        -0.0050310297,
        0.0059904233,
        0.017739456,
        0.0037310922,
        0.009187591,
        0.010450777,
        0.010270677,
        -0.1335521,
        -0.013220206,
        -0.0055942168,
        -0.0033177468,
        0.009837078,
        0.001955825,
        0.0038015656,
        -0.0034789066,
        0.007400692,
        0.0004991531,
        0.006621164,
        -0.0012845169,
        -0.025320066,
        0.010689656,
        -0.0031264084,
        0.015575595,
        0.0020460756,
        0.010609962,
        0.00695172,
        -0.010013825,
        -0.0005196656,
        -0.014134622,
        0.007906656,
        -0.008436872,
        -0.004604453,
        0.00013840286,
        -0.001417382,
        0.011642206,
        -0.0057205986,
        -0.005197303,
        -0.030643038,
        0.013020774,
        -0.0028058058,
        -0.014254141,
        -0.012452787,
        0.034208328,
        -0.008044459,
        -0.020804418,
        -0.006214479,
        0.008393323,
        -0.01023594,
        -0.012597522,
        0.005735568,
        0.018005893,
        -0.01583407,
        6.779093e-05,
        -0.013127083,
        -0.0014517556,
        0.0071818354,
        -0.016834445,
        -0.0066916184,
        -0.0102305375,
        0.006959535,
        0.005313629,
        -0.01112722,
        0.026361918,
        0.0111475,
        0.0023768682,
        -0.0028994677,
        -0.00057685043,
        -0.004603275,
        0.0066505824,
        0.004469036,
        0.007780703,
        0.02135974,
        -0.021667687,
        0.008312805,
        0.011816395,
        0.0065010944,
        -0.0018628632,
        0.0038389717,
        -0.0056180856,
        -0.0077486383,
        -0.0049949083,
        -0.00015069266,
        -0.0058699376,
        0.017923065,
        0.017312186,
        -0.01644245,
        0.009559774,
        -0.005839651,
        -0.0069625806,
        -0.0043610223,
        -0.008790831,
        0.041685265,
        0.0029505168,
        0.021282101,
        -0.019904396,
        0.013956457,
        0.009806178,
        -0.005910061,
        0.008441364,
        -0.021376295,
        -0.001096356,
        0.004560491,
        0.005023663,
        -0.00412475,
        0.01980342,
        0.0072212378,
        0.005043287,
        -0.014404506,
        -0.013340174,
        -0.0034786377,
        -0.0032858702,
        0.006794702,
        -0.010856332,
        -0.010492904,
        0.0062820422,
        0.031188952,
        -1.4424279e-05,
        -0.000500044,
        0.014299256,
        -0.010333832,
        0.0026319213,
        0.017079724,
        0.0066531184,
        0.011579746,
        0.015466882,
        -0.02235896,
        -0.009409443,
        0.013465925,
        0.00024987152,
        0.011800387,
        0.0035628253,
        -0.01916269,
        0.016966866,
        -0.0031695466,
        -0.0035913894,
        0.0016277476,
        -0.008347883,
        0.0010343953,
        0.02536007,
        0.013932242,
        0.021758845,
        0.0020952637,
        0.028137038,
        0.017436814,
        0.010782411,
        0.0006786525,
        0.012045415,
        0.023439458,
        -0.006676158,
        0.005954865,
        -0.0027618015,
        -0.008121248,
        -0.0070310123,
        0.014103315,
        0.0173262,
        -0.005023637,
        -0.011537601,
        0.0034571222,
        -0.011392276,
        -0.0020649577,
        0.012272993,
        -0.0020836126,
        -0.012762635,
        0.0035457083,
        0.0128914565,
        0.009731314,
        0.014123577,
        -0.009377111,
        0.0008322829,
        -0.021941835,
        0.0041297222,
        0.015788559,
        0.00017672087,
        0.0011389621,
        -0.009740437,
        -0.006359467,
        0.0004740124,
        -0.011192935,
        -0.008816194,
        0.014477851,
        -0.015429385,
        -0.008659485,
        0.005447617,
        0.01053766,
        0.02090725,
        0.0027509232,
        -0.061931998,
        -0.007403043,
        -0.00071567437,
        0.011323157,
        -0.004840717,
        -0.0013393272,
        0.013005226,
        0.0072834883,
        -0.023172142,
        -0.013945999,
        0.03416589,
        -0.014327682,
        -0.0035418745,
        0.0029986764,
        0.007364745,
        -0.006727057,
        -0.01335135,
        0.008323436,
        0.0017717319,
        -0.03509859,
        -0.0025516439,
        -0.00013139941,
        0.013867433,
        0.002801041,
        -0.0076103695,
        -0.014169456,
        0.0033894277,
        0.010179457,
        4.93916e-05,
        0.006673222,
        -0.0145358415,
        -0.012005628,
        0.0073289564,
        -0.008204479,
        0.011243225,
        0.0271786,
        0.004965746,
        0.007607664,
        0.007609171,
        -0.069291554,
        0.0065669892,
        -0.007171288,
        -0.08980096,
        0.013037581,
        -0.0027681142,
        0.0109057585,
        -0.009026225,
        -0.022940474,
        0.005035733,
        -0.0037953495,
        0.016064888,
        -0.014733474,
        -0.0016208282,
        -0.0057094283,
        0.006399495,
        0.02181148,
        -0.008210301,
        -0.0025701874,
        -0.008818664,
        -0.024176218,
        2.6188487e-05,
        -0.005758492,
        0.011822864,
        0.009904712,
        -0.0015350404,
        -0.007385208,
        0.01114183,
        0.0047292006,
        -0.012069871,
        0.013843964,
        0.012520656,
        -0.002820153,
        -0.019327205,
        0.009138392,
        -0.01311708,
        0.0071821315,
        0.007059197,
        0.0027813513,
        0.0009933282,
        0.01167065,
        -0.017081019,
        0.0010070924,
        0.026108317,
        0.037272837,
        -0.0015530429,
        -0.021084625,
        0.013926429,
        -0.110784985,
        0.0097427685,
        -0.0095812455,
        -0.0013492488,
        0.020599276,
        0.00087229064,
        -0.0073813167,
        0.07301744,
        -0.012005011,
        0.0021700326,
        0.017570956,
        0.0010260618,
        0.0022113698,
        -0.022116497,
        -0.011046504,
        -0.015587278,
        -0.009699917,
        -0.0010586669,
        -0.004928304,
        -0.021861289,
        -0.0107587995,
        0.01755353,
        -0.005304601,
        -0.00074469845,
        -0.021849982,
        -0.035246506,
        0.0038613316,
        -0.01752461,
        0.0052316636,
        0.016247118,
        0.0072287144,
        -0.0007596228,
        -0.007112147,
        -0.015000775,
        -0.018352164,
        -0.0050111176,
        0.0036336666,
        -0.003700625,
        -0.0016900304,
        0.0011046333,
        -0.013995568,
        -0.01947926,
        -0.023962565,
        -0.0015010166,
        -0.018006455,
        0.003483105,
        0.012892488,
        -0.0042848424,
        0.01120954,
        -0.017591719,
        -0.020728962,
        0.0038036779,
        -0.0076542054,
        0.0037047763,
        0.023430428,
        0.0050169416,
        0.005024702,
        -0.031916108,
        0.025198948,
        -0.0019795944,
        0.033458102,
        0.008754435,
        0.0037860896,
        0.005434659,
        0.006211499,
        -0.03207785,
        -0.019951047,
        -0.020614179,
        -0.007557527,
        0.011331622,
        0.004731656,
        -0.0010134276,
        -0.0015404387,
        -0.023199942,
        0.012324969,
        0.016461639,
        -0.005778327,
        0.008468707,
        -0.026910897,
        -0.003640519,
        0.0018398796,
        0.004713565,
        0.003408337,
        0.0018251761,
        -0.005332731,
        -0.011324053,
        -0.0050159968,
        0.017441118,
        0.010595145,
        -0.0103844665,
        0.010122038,
        -0.0028388975,
        -0.01544967,
        0.01941322,
        0.0025284241,
        -0.010922128,
        -0.014419273,
        0.023941029,
        0.0030221026,
        -0.004197702,
        0.01007999,
        -0.017517947,
        -0.019741124,
        -0.02119819,
        0.00030586534,
        0.023047443,
        0.007196097,
        -0.014465991,
        -0.0022640317,
        0.02165373,
        -0.01130819,
        0.0034753317,
        0.0034032306,
        0.001242602,
        0.005894848,
        -0.009081222,
        -0.006435673,
        0.004004931,
        -0.025789054,
        -0.009500178,
        -0.0034516316,
        -0.0021109201,
        0.016071472,
        -0.024312424,
        5.567732e-05,
        -0.0011901268,
        -0.002532303,
        -0.007216428,
        0.025995925,
        -0.01682701,
        -0.0031265435,
        -0.019099401,
        0.0015012418,
        -0.006682875,
        -0.0018092233,
        0.0003445807,
        -0.017235214,
        0.018256959,
        -0.019301463,
        -0.0059120115,
        -0.0011034936,
        -0.0116238,
        0.0039859144,
        -0.012507636,
        -0.020380408,
        0.009155386,
        0.02613917,
        -0.014619095,
        -0.004272316,
        0.014067558,
        -0.015160724,
        -0.010432249,
        0.016582806,
        0.0022560232,
        -0.002969263,
        0.0049920157,
        0.020099858,
        -0.022358729,
        -0.006362987,
        0.033437427,
        0.004931458,
        -0.016176363,
        0.0071039028,
        0.014581356,
        -0.0022585115,
        -0.0008470845,
        0.004733828,
        0.026111286,
        0.008156051,
        -0.0016765748,
        0.0039864564,
        0.010421075,
        0.016566016,
        -0.006407341,
        0.050341588,
        -0.0048851618,
        -0.0042181453,
        0.0020319477,
        0.013072049,
        -0.007112343,
        0.015101029,
        0.0051592668,
        -0.0068231765,
        0.016340636,
        0.007101306,
        -0.0016613868,
        0.0031165502,
        -0.012709803,
        0.02323818,
        0.0030571073,
        0.0017909927,
        0.01017508,
        0.029577391,
        0.0024435865,
        -0.004373232,
        0.008825075,
        -0.019906394,
        -0.012235447,
        -0.0012335138,
        -0.0060463673,
        -0.025701895,
        -0.009422983,
        0.0051608216,
        0.0032289843,
        0.006386354,
        0.02308432,
        -0.044199467,
        -0.0031189222,
        0.00805683,
        0.004724676,
        0.006054567,
        -0.025804613,
        0.014687665,
        0.021385556,
        -0.010715943,
        0.007968775,
        0.04307121,
        -0.024612237,
        -0.014253663,
        -0.00057716697,
        0.0013760647,
        0.018897837,
        0.010051196,
        -0.0061119706,
        -0.0151012745,
        -0.02466055,
        0.010062789,
        -0.010998132,
        0.0023883828,
        -0.009529714,
        -0.011368956,
        0.022299586,
        -0.018894495,
        0.015491748,
        -0.018083816,
        -0.0014845342,
        -0.0117326,
        -0.0011103795,
        -0.002454198,
        -0.010290738,
        -0.00051190826,
        0.029750755,
        0.022193916,
        0.002393748,
        -0.011555346,
        -0.004633363,
        -0.016238714,
        -0.013753118,
        0.0092507955,
        -0.017799063,
        0.012941895,
        -0.021057347,
        -0.01880517,
        0.0060172966,
        -0.021728545,
        0.009197734,
        -0.016670773,
        -0.032657437,
        0.010140207,
        0.0116489455,
        0.0025373762,
        -0.012959688,
        0.007374457,
        0.0140604535,
        -0.03681101,
        0.0048741507,
        0.006217022,
        -0.0026647123,
        0.005197549,
        -0.018647011,
        -0.005490936,
        0.00746395,
        -0.027723506,
        -0.020356644,
        -0.003284226,
        -0.011438199,
        -0.005456003,
        -0.005653519,
        -0.02431827,
        -0.0032854571,
        0.0025017376,
        0.0095867915,
        0.016824476,
        0.007914246,
        0.0056331656,
        -0.013677813,
        0.016298952,
        -0.006015854,
        0.018697135,
        0.00075091794,
        0.008626892,
        -0.006171423,
        0.007697281,
        -0.00996711,
        -0.013362731,
        -0.009896643,
        0.005981481,
        -0.011540702,
        0.007713418,
        0.022941895,
        0.009685016,
        -0.0060607875,
        -0.008315814,
        -0.025681168,
        -0.0050314683,
        0.016536001,
        -0.00095832255,
        -0.002616992,
        0.00017427551,
        0.008290037,
        0.007953755,
        -0.000757811,
        -0.012151534,
        0.017360926,
        0.0013881692,
        0.0031539386,
        0.010811125,
        0.009448265,
        0.006507087,
        -0.010600359,
        0.0025099553,
        0.0035423413,
        0.003194135,
        0.002391342,
        -0.0016578274,
        0.011716511,
        -0.008766675,
        0.019758921,
        0.01585225,
        0.013203702,
        0.020103542,
        -0.0134013835,
        0.00066965056,
        -0.009519027,
        -0.0025944612,
        -0.007699399,
        0.02476171,
        0.019468216,
        -0.031751607,
        0.0052045425,
        -0.0022182977,
        0.03814968,
        0.0148231005,
        0.0044036987,
        -0.0028052907,
        0.00278499,
        0.010146313,
        -0.0041137347,
        -0.0025823591,
        -0.000679945,
        -0.02866676,
        -0.0010892155,
        -0.00061772764,
        0.009198468,
        0.009637172,
        0.0073500243,
        -0.010991211,
        0.012971636,
        -0.0020961356,
        -0.01281024,
        -0.004837023,
        -0.011736924,
        -0.0014949542,
        0.0120737245,
        -0.009474926,
        -0.0101753045,
        0.0020567141,
        -0.012828608,
        -0.0041434923,
        0.024051301,
        -0.023483051,
        0.041987885,
        0.008227073,
        0.0023530757,
        -0.010747628,
        0.0039913687,
        -0.012826016,
        0.010744259,
        -0.008943761,
        0.0014869194,
        0.01019325,
        0.007358269,
        -0.01100904,
        -0.0028012332,
        0.0015929237,
        -0.002046548,
        -0.013634688,
        0.015196796,
        0.0023709089,
        -0.006400678,
        -0.004698527,
        -0.013904793,
        0.012155245,
        -0.011847229,
        0.0069009173,
        -0.0041378746,
        -0.025989067,
        -0.009013504,
        0.017444232,
        0.014801414,
        -0.000929443,
        -0.019032188,
        0.039838105,
        -0.002885434,
        0.0047559896,
        0.01874983,
        0.002960342,
        -0.0063149417,
        -0.016106457,
        0.031807844,
        -0.007677308,
        0.000103534716,
        0.008908119,
        0.005303227,
        -0.030919686,
        0.00029631777,
        -0.017753068,
        0.025934529,
        0.02042719,
        -0.024324017,
        0.003408292,
        -0.011222658,
        0.016262813,
        0.006550177,
        0.028623115,
        0.0052857194,
        -0.009814662,
        0.011358332,
        0.023796527,
        -0.0022193668,
        0.027662136,
        0.0017149862,
        -0.008294674,
        0.008974761,
        -0.019658942,
        0.033315774,
        0.004388566,
        0.01782868,
        -0.0040591736,
        0.029778661,
        -0.009065598,
        -0.007408847,
        -0.012997588,
        -0.00589537,
        0.0011770391,
        0.013058815,
        0.011979679,
        0.012948122,
        -0.017813874,
        -0.014509099,
        0.026985211,
        -0.035738938,
        0.0039323233,
        0.01543665,
        -0.02736141,
        -0.0013748651,
        -0.01161653,
        0.00011361282,
        0.009992175,
        0.012613138,
        -0.0015883249,
        -0.0261155,
        -0.0040542325,
        -0.005128251,
        -0.005295037,
        -0.006338256,
        0.005860737,
        0.022217194,
        -0.0013835669,
        0.011847112,
        -0.06126144,
        -0.01205711,
        -0.039447803,
        -0.015485764,
        -0.005404198,
        0.031792983,
        0.0026601849,
        0.010984315,
        0.013813495,
        -0.033914346,
        -0.01574625,
        0.018081428,
        0.01864648,
        -0.00013617436,
        0.014672131,
        -0.004963113,
        -0.021963626,
        -0.012091108,
        0.014158133,
        -0.0038040655,
        -0.005376301,
        0.028622208,
        0.0029649916,
        -0.021929748,
        -0.034730103,
        -0.0013480387,
        -0.006081319,
        0.009799032,
        -0.0043599727,
        -0.0007806131,
        -0.008229779,
        0.0074101645,
        -0.0025214124,
        -0.015173822,
        -0.023348125,
        -0.0014913639,
        0.0079584895,
        -0.016755357,
        -0.009903912,
        -0.0051997886,
        -0.014235712,
        0.002133641,
        -0.007120518,
        -0.025942696,
        0.008809019,
        -0.0019761098,
        0.009616437,
        0.008899898,
        0.006888554,
        -0.0026970035,
        0.016953155,
        0.009902788,
        0.005484868,
        -0.004468393,
        0.004122769,
        -0.0068345484,
        0.00080235064,
        0.004229611,
        0.0013796116,
        -0.0006287746,
        0.0075856224,
        -0.0041542775,
        -0.017589767,
        -0.02021113,
        -0.012102624,
        -0.02034182,
        0.0028006043,
        0.012760479,
        0.0108177615,
        -0.027731044,
        -0.0060667885,
        0.02581907,
        -0.010368853,
        0.008623889,
        0.030087925,
        0.0054828958,
        -0.045309693,
        -0.018318027,
        -0.02013859,
        0.006492033,
        -0.005347142,
        -0.0039049413,
        -0.010544163,
        -0.016826153,
        0.015864367,
        0.0052407063,
        -0.004507066,
        0.008190587,
        2.356198e-05,
        -0.0017969316,
        -0.0035951966,
        -0.0018544975,
        -0.028065355,
        0.0065634,
        -9.789766e-05,
        -0.0017583694,
        0.0070015923,
        -0.0169733,
        -0.012229248,
        0.0032025815,
        0.014202967,
        -0.011589596,
        0.005823353,
        -0.008467685,
        -0.013973529,
        0.017506873,
        0.007661237,
        0.015508089,
        0.0065698647,
        0.00988826,
        -0.008849866,
        -0.015291924,
        0.022960035,
        0.008467639,
        0.013147226,
        0.00086684746,
        -0.007842922,
        -0.0074498006,
        0.0041207997,
        0.0063571716,
        -0.009357177,
        -0.001148741,
        0.010688635,
        0.022766342,
        -0.009275551,
        -0.008596144,
        -0.011916384,
        -0.0029522246,
        -0.016721018,
        0.0023148651,
        -0.011969821,
        -0.010839022,
        0.012660201,
        0.021046575,
        -0.0038773913,
        -0.004808179,
        0.009970107,
        0.020613028,
        0.013331093,
        0.00086063315,
        0.019708687,
        0.015969122,
        -0.0018356519,
        -0.01974486,
        0.00010052761,
        0.0024434498,
        -0.010568417,
        0.0073346053,
        0.014296586,
        0.006212922,
        -0.0008469059,
        -0.002029317,
        -0.0056815324,
        0.0016620886,
        0.009309792,
        -0.010920629,
        0.028316928,
        -0.007213249,
        0.015422213,
        -0.011421424,
        0.014958369,
        0.004984937,
        0.003133859,
        -0.0044755093,
        -0.011147043,
        0.0015000673,
        -0.0022129563,
        -0.012979987,
        0.025269706,
        -0.011227868,
        0.017886331,
        -0.016119307,
        0.0009851182,
        -0.022426505,
        0.0043474846,
        0.020470632,
        -0.006530017,
        -0.0110715125,
        -0.011828496,
        0.0021212928,
        0.025457071,
        0.0004586336,
        -0.019706031,
        0.005195953,
        0.006114101,
        0.016679794,
        0.022313436,
        -0.006558009,
        -0.0062968405,
        -0.014910262,
        0.019680072,
        -0.0050594206,
        0.013805136,
        -0.016411657,
        -0.017860243,
        -0.0075533264,
        0.011976582,
        0.023052296,
        0.014510075,
        -0.013596918,
        -0.020726977,
        -0.019144585,
        -0.0169313,
        0.016680114,
        -0.0030697857,
        0.008577901,
        -0.007261201,
        0.034977205,
        0.016219394,
        0.004664119,
        -0.004416933,
        0.029770847,
        0.0040267566,
        -0.025740154,
        -0.012710217,
        -0.01382036,
        0.17865019,
        0.12030994,
        -0.0071227904,
        -0.0048021404,
        -0.011958739,
        -0.0004518493,
        -0.018140532,
        0.005205683,
        0.003363259,
        0.0047539966,
        -0.0013038145,
        0.004737447,
        0.012590419,
        -0.0017047417,
        0.0010204585,
        -0.010309291,
        -0.007463334,
        0.0030372364,
        0.0021073327,
        -0.0025989064,
        0.0058577987,
        0.020736353,
        -0.010391192,
        0.003300506,
        0.008566039,
        -0.023268458,
        0.01020582,
        -0.009460181,
        0.02854026,
        0.00028358432,
        -0.012198432,
        0.007787061,
        -0.007488821,
        0.0046953,
        -0.0035301524,
        -0.00860841,
        0.029715054,
        0.014459673,
        -0.013624419,
        -0.011001161,
        -0.00032516074,
        0.0034187387,
        0.0017141728,
        -0.014224861,
        0.023579538,
        0.008866487,
        0.0017216377,
        0.00335472,
        -0.008667856,
        -0.0076345038,
        -0.0019976357,
        0.0027164833,
        0.005853245,
        -0.014152618,
        -0.017019868,
        -0.006066314,
        0.01910991,
        0.00094063644,
        -0.003920052,
        0.002768644,
        -0.0057645077,
        -0.009556244,
        -0.008732921,
        -0.008525224,
        0.035587177,
        0.007961314,
        -0.012337929,
        -0.0058683706,
        -0.010129264,
        0.01015283,
        0.015043675,
        -0.009773506,
        0.017914327,
        -0.0047276462,
        0.008311498,
        -0.016441768,
        0.0052451277,
        0.009177977,
        -0.0063264263,
        -0.006497892,
        -0.009235742,
        -0.00031391,
        -0.0016103889,
        0.0015778673,
        -0.017632492,
        0.008720388,
        0.021600429,
        0.0056503247,
        0.1340291,
        0.0051723444,
        -0.01220621,
        -0.011530605,
        0.014243273,
        0.0010378347,
        0.004338539,
        0.04417699,
        -0.0054609384,
        -0.01480198,
        0.022468904,
        -0.006764784,
        -0.00053746405,
        -0.016692841,
        0.00747635,
        -0.017181426,
        0.016192058,
        0.051617187,
        0.0076439683,
        -0.0028515954,
        -0.0031632166,
        -0.010607635,
        -0.025994016,
        0.007674837,
        -0.014100832,
        0.021860503,
        -0.0011550603,
        0.0048457184,
        0.0057396987,
        -0.008445153,
        -0.087695524,
        -0.013091293,
        -0.005476917,
        0.0036706894,
        0.01760921,
        0.004176806,
        -0.0039439932,
        0.006709515,
        0.0049273428,
        -0.011089453,
        0.012012699,
        -0.0026575187,
        0.01683408,
        0.007890963,
        -0.0029652733,
        -0.010775723,
        -0.0061674975,
        -0.005344102,
        -0.015757227,
        0.014850539,
        0.015017501,
        -0.0019655402,
        -0.009258375,
        0.014134148,
        -0.004046936,
        0.025614055,
        -0.010152935,
        -0.008557238,
        0.0024291635,
        0.008759636,
        -0.011889597,
        0.0005369363,
        0.001052651,
        -0.016680064,
        -0.009217948,
        0.023826025,
        -0.005650907,
        0.016352454,
        -0.012561584,
        -0.015694426,
        0.021706672,
        -0.0078028506,
        0.020232756,
        -0.037976146,
        0.0030358771,
        -0.010560425,
        0.010727931,
        -0.019880528,
        -0.01476852,
        -0.020750191,
        0.048505273,
        0.011746458,
        -0.010941408,
        0.004908108,
        0.008292251,
        0.011647349,
        -0.0065571466,
        -0.003322799,
        -0.0029935038,
        0.016036065,
        -0.0016535886,
        0.010501352,
        -0.022650136,
        -0.0022202693,
        -0.031035045,
        -0.01069237,
        0.0035935913,
        0.014069448,
        -0.0061026704,
        3.4058543e-05,
        0.0002396439,
        -0.0193289,
        0.008066514,
        -0.007043377,
        -0.0010555506,
        -0.013547291,
        -0.016260862,
        0.019203883,
        -0.0012308873,
        -0.011682342,
        0.012945276,
        0.0021111185,
        -0.010691912,
        0.13833928,
        0.02519544,
        0.016602213,
        -0.020883458,
        0.011056411,
        0.014542173,
        0.018402321,
        -0.005825102,
        -0.0017763447,
        -0.016924683,
        0.007716431,
        0.0031724304,
        -0.009905859,
        -0.013724384,
        0.013560509,
        0.017138207,
        -0.01541839,
        -0.01657398,
        0.004231917,
        -0.01138902,
        -0.00041422492,
        0.01270763,
        0.013257762,
        -0.0014946201,
        -0.0013516615,
        0.0048019574,
        -0.023889076,
        0.001090251,
        -0.008211328,
        0.00200506,
        0.009599126,
        0.0027569358,
        -0.0037818789,
        -0.011459675,
        -0.011896872,
        -0.00039971157,
        -0.014764295,
        0.010194194,
        0.0015814602,
        -0.010214423,
        0.024488317,
        0.0035552608,
        -0.0068807397,
        -0.0126801515,
        -0.045663394,
        0.19509393,
        -0.022320697,
        0.013756714,
        0.0103124995,
        -0.014472305,
        0.0044737947,
        0.011720898,
        -0.0035122046,
        -0.013448253,
        0.008639101,
        0.000499447,
        0.023035057,
        -0.0025761137,
        0.010403681,
        -0.028421903,
        -0.008349791,
        -0.015966637,
        -0.007909181,
        0.0035106596,
        0.016735366,
        0.017920658,
        -0.0022048699,
        -0.014121446,
        -0.01245945,
        0.0039895973,
        -0.023503177,
        -0.004251456,
        -0.010675313,
        -0.018568862,
        0.002061592,
        0.012866801,
        0.017304601,
        0.018364515,
        -0.0071956418,
        -0.004123315,
        -0.021452807,
        0.0020683242,
        0.0056873793,
        -0.004978881,
        -0.004279338,
        -0.012336379,
        0.014870781,
        0.0005997171,
        0.022412017,
        -0.002683866,
        0.0058873217,
        -0.014323146,
        0.01633269,
        0.00283574,
        0.037189495,
        -0.013654204,
        -0.006867911,
        -0.012204269,
        0.0047038323,
        0.0051088342,
        -0.0043399697,
        0.026493458,
        -0.02129539,
        -0.019753398,
        0.0061784894,
        -0.00086186035,
        -0.0009566044,
        0.0017182463,
        -0.0050712526,
        -0.010582919,
        0.014501172,
        -0.0012858594
      ]
    },
    {
      "values": [
        0.008262745,
        -0.0020646383,
        0.0035470105,
        -0.06425429,
        -0.0127346525,
        -0.018763857,
        0.019673888,
        -0.00046356532,
        -0.0056350315,
        0.010579177,
        -0.019633995,
        -0.010263704,
        -0.0029904437,
        -0.02410605,
        0.1190735,
        -0.029778702,
        0.014068429,
        0.027013088,
        -0.00027249125,
        -0.022515936,
        0.016550725,
        0.0014616773,
        0.024003517,
        0.0024441443,
        -0.023838943,
        -0.0136519475,
        0.008673114,
        0.008848458,
        0.06601045,
        -0.0050230655,
        -0.0058570337,
        0.0045687445,
        0.009444436,
        0.01104595,
        -0.002705338,
        0.0267059,
        0.013055191,
        -0.0023151697,
        -0.018059157,
        0.0069822767,
        -0.033061102,
        0.011989192,
        0.002206632,
        -0.009344936,
        -0.017491227,
        -0.0124064265,
        -0.0034701284,
        -0.021586701,
        0.002759893,
        0.018540464,
        -0.02077685,
        -0.0016377252,
        0.011681226,
        -0.1462852,
        0.014873965,
        -0.0008653465,
        -0.020070564,
        0.016774984,
        -0.023262756,
        0.000402274,
        -0.00874505,
        0.00833484,
        0.0058266944,
        -0.010815126,
        0.013939474,
        -0.034011655,
        -0.0049900473,
        -0.024584247,
        0.004382607,
        0.028074501,
        0.019358726,
        -0.0060328934,
        0.0027197583,
        0.03857725,
        -0.0106222,
        -0.027269516,
        0.0006531545,
        -0.020833442,
        0.0031654886,
        0.0315059,
        -0.024251882,
        0.0012308587,
        0.00032459374,
        -0.02781034,
        0.007745026,
        -0.0043285964,
        0.008073509,
        -0.008604185,
        -0.0054598744,
        -0.008353051,
        -0.008089349,
        -0.0032182515,
        0.022388201,
        0.0126801105,
        -0.02474699,
        -0.017237524,
        -0.0043161716,
        -0.01020819,
        -0.015678309,
        -0.005280877,
        0.0134765515,
        -0.017867792,
        0.025339454,
        -0.014067407,
        0.011350618,
        0.009443395,
        0.020605925,
        0.029248277,
        -0.007692828,
        0.01357066,
        0.02374907,
        -0.009333042,
        0.033148814,
        0.007657602,
        -0.0017600486,
        -0.1930178,
        0.0041274983,
        -0.020056328,
        -0.00032493513,
        1.1502672e-06,
        0.008020277,
        0.020305341,
        0.020917367,
        0.00418066,
        -0.04076683,
        -0.023423836,
        0.015135217,
        0.004361646,
        -0.0078045675,
        -0.0019979856,
        -0.0053192107,
        0.004408649,
        0.0039549107,
        0.024184715,
        -0.0057534347,
        0.0033790949,
        -0.013055671,
        -0.0041541047,
        0.012950764,
        0.0057537355,
        0.012790569,
        -0.0017046911,
        0.0007107726,
        -0.015622828,
        -0.004245799,
        -0.011361697,
        -0.03755929,
        0.02345392,
        -0.007100172,
        0.0004134169,
        0.00038546088,
        0.03186162,
        -0.008902562,
        0.017569032,
        -0.023273794,
        -0.062649906,
        -0.025874106,
        -0.0007021325,
        -0.0005578421,
        -0.001465597,
        -0.016898703,
        -0.005535492,
        0.0016456387,
        0.0013556058,
        0.005795829,
        -0.015764687,
        -0.0016978917,
        -0.008019427,
        0.021062348,
        0.01991326,
        -0.015220687,
        0.008095727,
        -0.0054182312,
        0.022845225,
        0.013444476,
        -0.019156726,
        0.02073907,
        -0.00029925897,
        0.009689411,
        -0.0062795603,
        0.004611309,
        0.00019519917,
        -0.003995564,
        -0.013785579,
        0.01705817,
        0.0041465266,
        -0.012803346,
        0.01267042,
        0.012025614,
        -0.0029046691,
        0.044222135,
        -0.030902263,
        0.006202611,
        -0.04464009,
        -0.016350081,
        0.0022071025,
        -0.030525232,
        -0.006115915,
        0.011931187,
        0.0028425804,
        0.0043968316,
        0.007512865,
        -0.00690225,
        0.021996064,
        -0.0027937028,
        0.0043309573,
        0.029122353,
        -0.0049721287,
        0.004204348,
        0.026402973,
        0.017550996,
        -0.009341018,
        -0.000908609,
        -0.022692816,
        0.023311287,
        0.0017230354,
        0.0015982332,
        0.006526058,
        -0.001343364,
        0.0035469038,
        -0.009010735,
        -0.011787578,
        0.00037818291,
        0.0009930113,
        0.0018819174,
        -0.013298265,
        -0.036631335,
        -0.014833292,
        -0.01450039,
        0.029549303,
        0.009664895,
        0.016796373,
        -0.011788497,
        -0.012150966,
        -0.0038936073,
        0.010131607,
        0.0005813615,
        -0.018933102,
        -0.0016345553,
        0.009692474,
        -0.016139206,
        -0.009597666,
        -0.0055069574,
        0.028025063,
        -0.0070694406,
        0.04054157,
        0.0048372773,
        -0.008898406,
        0.014926563,
        0.01742412,
        0.005798222,
        0.007898562,
        0.005544256,
        0.003570372,
        0.008999203,
        -0.030469226,
        -0.010211657,
        0.01942483,
        0.032281037,
        0.023844946,
        -0.039089262,
        -0.03214695,
        -0.009884665,
        0.004416539,
        -0.007123936,
        0.0106524555,
        -0.00042510132,
        0.036899135,
        -0.022615228,
        -0.0071883355,
        -0.015333755,
        -0.00337191,
        -0.010879641,
        0.003289004,
        -0.00066292274,
        -0.0022228681,
        -0.08394864,
        -0.00043750223,
        -0.011575218,
        0.007272447,
        0.006163961,
        0.015832746,
        -0.010105953,
        0.015832324,
        -0.022222025,
        0.008752041,
        -0.009732352,
        -0.012346621,
        -0.0029832027,
        -0.0015203526,
        0.012771467,
        -0.010691959,
        -0.014239266,
        0.009430284,
        0.039502844,
        0.0019481553,
        0.0025645352,
        -0.025859589,
        -0.015708925,
        0.004716854,
        -0.021415073,
        0.005474911,
        0.008089127,
        0.03970251,
        -0.0117872525,
        0.009900068,
        0.0010432034,
        -0.01767805,
        -0.0036129914,
        -0.012780368,
        -0.0070205354,
        0.009827747,
        -0.0017793707,
        0.014102406,
        -0.009324864,
        0.0082438225,
        -0.011145268,
        -0.009200647,
        0.0067182244,
        -0.00014575811,
        -0.0061999806,
        0.0042498135,
        0.004816275,
        -0.002569561,
        0.024939274,
        -0.011638248,
        -0.011590245,
        0.009079138,
        0.008282829,
        -0.0020828824,
        0.029867796,
        -0.0011832042,
        0.028946204,
        -0.00091290957,
        0.0029513896,
        -0.0074037863,
        0.022497345,
        -0.022766434,
        0.005502524,
        0.020433798,
        -0.0034940096,
        -0.012701849,
        -0.004913361,
        0.0030646964,
        0.018420573,
        0.0022889187,
        -0.017457757,
        -0.02043763,
        -0.030111624,
        -0.0063979626,
        0.017555658,
        0.003421084,
        -0.0017631175,
        -0.028691141,
        -0.0015428972,
        0.0094041545,
        -0.017857905,
        -0.0023484982,
        0.012115634,
        0.014493851,
        -0.017929154,
        -0.0038249788,
        -0.011755837,
        -0.0018470068,
        0.0070807603,
        -0.0071509383,
        0.0065176184,
        0.014122131,
        0.0127553865,
        0.0040681674,
        -0.0042925314,
        -0.026684549,
        -0.017390396,
        0.021846713,
        -0.0053178775,
        -0.008479763,
        -0.0061054733,
        -0.011392756,
        -0.00091384276,
        -0.0035641554,
        -0.0052195583,
        0.03388159,
        -0.014635819,
        0.010813308,
        -0.011612394,
        -0.015216206,
        0.022834715,
        0.018832078,
        -0.0046693734,
        0.043478932,
        0.003387485,
        0.017178027,
        -0.007135788,
        -0.019179065,
        -0.004720275,
        0.015139981,
        -0.017501758,
        0.029857455,
        -0.011561756,
        0.010661361,
        0.00088574406,
        -0.0006997112,
        0.008971141,
        0.013478615,
        0.0010768455,
        -0.006259204,
        0.0054039485,
        0.019863501,
        -0.0015941276,
        -0.015975662,
        0.0038754598,
        0.007692548,
        0.034712203,
        -0.015681177,
        0.0036719649,
        -0.018967098,
        -0.044219073,
        0.0045868116,
        0.001611899,
        0.0013804722,
        0.033321165,
        -0.0146738775,
        -0.0073379604,
        0.015437728,
        0.023523139,
        -0.038017366,
        -0.0050481823,
        -0.033603247,
        0.0051931995,
        -0.0059179743,
        -0.0057810023,
        0.014527231,
        -0.0029706035,
        -0.007308275,
        -0.04431399,
        0.002310693,
        -0.031172298,
        0.026423678,
        0.0070677428,
        -0.024031498,
        -0.0049866294,
        -0.002361163,
        -0.0048236945,
        -0.011518153,
        -0.025063107,
        0.027489202,
        0.013771193,
        -0.0070296433,
        0.0014167012,
        0.004933951,
        -0.022110848,
        -0.0048272214,
        -0.0014817029,
        -0.022125501,
        0.03522675,
        -0.015029922,
        0.009111231,
        0.023934301,
        -0.012539155,
        -0.012639648,
        -0.004775202,
        -0.044852972,
        -0.0011252933,
        0.020541798,
        -0.0111666005,
        0.015877683,
        0.0009344361,
        -0.013058186,
        -0.0023995503,
        0.028018575,
        -0.02453732,
        0.038886625,
        0.023657314,
        -0.013772822,
        0.0019165783,
        0.008521461,
        -0.0008003517,
        0.0006332702,
        0.0062110433,
        0.018385539,
        0.009628965,
        0.0069610197,
        0.0053329193,
        0.020584373,
        -0.00046271403,
        -0.010625636,
        -0.008897602,
        0.005354333,
        0.010891935,
        0.0011821499,
        0.022224082,
        -0.0012316332,
        -0.018001806,
        0.020651452,
        -0.029925197,
        -0.03329016,
        0.00041599327,
        -0.0031378998,
        0.0073889946,
        0.0067663086,
        -0.0024803623,
        -0.012165245,
        -0.016584622,
        0.014590006,
        0.010272807,
        0.0073752035,
        -0.013535724,
        -0.010863723,
        0.008236828,
        -0.0024063322,
        -0.014016381,
        0.011062521,
        0.034774806,
        0.017433453,
        -0.028091554,
        0.045911938,
        -0.0149725145,
        0.013637911,
        -0.012200115,
        -0.008489505,
        -0.008781241,
        0.0065075,
        -0.011819529,
        0.024367163,
        -0.0031388113,
        0.0073695146,
        0.032449774,
        -0.006781057,
        0.0017277923,
        0.015191846,
        -0.0055682026,
        -0.013584152,
        -0.017480664,
        0.0027282478,
        -0.023274334,
        -0.010718315,
        -0.009827615,
        -0.0033485196,
        0.007256414,
        -0.010212749,
        0.005676776,
        0.0035274797,
        -0.011838557,
        0.011335526,
        -0.018887226,
        -0.1093085,
        0.029836372,
        0.020401476,
        -0.024318013,
        0.0015706873,
        -0.011025337,
        0.0018735094,
        -0.007587413,
        0.0072759455,
        -0.0074548502,
        0.0027278324,
        0.009226071,
        -0.0056554745,
        0.015605095,
        -0.032987107,
        -0.0067189853,
        -0.019646034,
        0.0025034125,
        -0.005359864,
        0.027141811,
        0.00459906,
        0.02968214,
        0.030807098,
        0.009815527,
        0.0014475243,
        -0.00694463,
        -0.009595425,
        0.016866459,
        -0.0022982527,
        0.018879572,
        1.2996348e-07,
        0.01863164,
        -0.009945671,
        -0.014464402,
        -0.019172652,
        0.008401967,
        0.006705402,
        0.012019216,
        -0.01640555,
        0.021278419,
        0.0008654819,
        -0.020446926,
        -0.0058313985,
        -0.013428156,
        0.021488443,
        0.018099789,
        0.019226808,
        -0.026129775,
        -0.0059143794,
        0.0022495096,
        -0.028482672,
        -0.006902858,
        -0.014711115,
        0.008264344,
        -0.012646892,
        -0.017425263,
        -0.0035191893,
        0.00866518,
        -0.009946035,
        0.0042227004,
        -0.010562682,
        0.020371856,
        -0.01158991,
        -0.016419573,
        -0.0018448962,
        -0.01227179,
        0.0075251614,
        0.024002343,
        -0.019544374,
        -0.0054218243,
        -0.01419115,
        0.0046489257,
        0.04180678,
        0.031511527,
        0.010216659,
        -0.005664941,
        0.01924858,
        0.025588619,
        0.004250142,
        0.022591624,
        -0.0026608722,
        0.016599376,
        -0.075568214,
        -0.025785215,
        -0.00348397,
        0.0042426186,
        0.009252072,
        -0.0010018498,
        -0.018558446,
        0.0035682186,
        -0.0033517664,
        -0.01743455,
        -0.00044477973,
        0.016475733,
        -0.0038502153,
        -0.013890828,
        -0.010620741,
        0.0066039595,
        0.010766551,
        0.012890548,
        -0.0067963465,
        0.0076478515,
        0.0014224576,
        0.026449017,
        0.01617251,
        0.0033049132,
        -0.01240619,
        0.04040004,
        -0.0028985967,
        0.009360016,
        0.021840071,
        -0.01700369,
        -0.004278275,
        -0.1140839,
        -0.0027218142,
        0.00014997786,
        0.014460051,
        0.010303562,
        -0.0018149602,
        0.003312081,
        0.027607193,
        -0.0074518016,
        0.008445013,
        -0.018826906,
        -0.00020197274,
        -0.00846021,
        -0.013245643,
        -0.009496745,
        0.12500282,
        0.019760255,
        0.01824994,
        0.013535608,
        0.013226771,
        -0.0031635922,
        0.0072634467,
        0.008492551,
        -0.000357118,
        0.011737282,
        -0.004980057,
        -0.0120761115,
        -0.0047026863,
        -0.0058985744,
        0.021214109,
        0.008146241,
        -0.0073121046,
        0.0076817214,
        0.006068393,
        -0.0035418358,
        0.022829495,
        -0.036897857,
        0.025332093,
        0.018462703,
        0.0064022983,
        0.033448342,
        -0.0003286623,
        0.00025322844,
        0.015503107,
        -0.018634817,
        -0.022428282,
        0.0070702806,
        -0.007534217,
        0.004383203,
        0.011778295,
        -0.014482772,
        -0.08446844,
        0.018054869,
        -0.022051673,
        0.0040607527,
        0.011652388,
        0.0036754496,
        -0.019933356,
        -0.03421039,
        0.010749271,
        0.018199373,
        0.0118694855,
        0.001952657,
        -0.013562406,
        0.0046197153,
        -0.01806425,
        0.014944502,
        0.0019208058,
        -0.015772687,
        0.012108346,
        0.007740925,
        -0.011828319,
        -0.0029153905,
        -0.018679371,
        -0.012300577,
        -0.0076428675,
        0.007155274,
        -0.016398743,
        -0.004757474,
        -0.01966336,
        -0.0030751927,
        -0.004992097,
        0.010237995,
        -0.016651357,
        -0.00019648686,
        -0.0067401906,
        -0.009070176,
        0.029037438,
        0.008413914,
        -5.0987655e-05,
        -0.0043792254,
        0.01244263,
        0.009465372,
        -0.030026374,
        -0.01258405,
        0.011136055,
        0.0028084947,
        -0.0058148154,
        0.02908101,
        0.015422638,
        0.03393633,
        -0.023790464,
        -0.004938151,
        -0.013171258,
        0.0034918792,
        -0.0024645312,
        0.010417796,
        -0.017212557,
        0.008137772,
        0.023690596,
        -0.0020253614,
        0.0098269675,
        -0.0035459984,
        0.015682522,
        0.010225528,
        0.0032461097,
        0.0010382459,
        0.012066734,
        0.010297224,
        -0.010984225,
        0.025002811,
        0.005255834,
        -0.00858056,
        0.014959623,
        0.01806526,
        -0.012560616,
        0.015718084,
        -0.013053595,
        -0.0013563089,
        -0.016145589,
        0.008965939,
        0.006952072,
        -0.0015051406,
        0.010389994,
        -0.008527328,
        0.020261917,
        0.0033053649,
        -0.00073676434,
        0.00794952,
        -0.0028170326,
        0.007502109,
        -0.0128847,
        -0.013454064,
        0.009939417,
        0.004684679,
        0.0031365885,
        -0.0037717372,
        0.009192066,
        -0.0083022285,
        -0.001243247,
        -0.0044722944,
        -0.0007890038,
        0.03895779,
        0.0023890429,
        0.0099908095,
        0.016200008,
        -0.007400201,
        -0.010063876,
        -0.010955831,
        0.0012560352,
        0.0036805524,
        -0.009771506,
        -0.011059316,
        -0.010001779,
        0.00027812299,
        0.0009959233,
        0.004932638,
        -0.006643664,
        0.0040465826,
        -0.007592903,
        0.0026145594,
        0.0065828664,
        0.005845663,
        -0.0019191781,
        -0.006932774,
        -0.017328633,
        -0.011620098,
        0.0033281168,
        0.000887839,
        -0.007451335,
        0.0042674756,
        -0.010896599,
        -0.0071313097,
        0.00828329,
        -0.012569703,
        0.01923064,
        -0.020975735,
        0.012943235,
        0.010343888,
        0.0025536595,
        -0.0069362647,
        -0.0056472337,
        0.008877527,
        0.007162741,
        -0.01598058,
        0.0154327145,
        0.0030232829,
        0.009910103,
        0.0057368805,
        -0.0076026763,
        -0.004981311,
        0.0060952078,
        0.009033653,
        -0.00324188,
        0.005790684,
        0.007883068,
        0.0051620323,
        0.017538248,
        0.016142707,
        0.00996622,
        -0.011076768,
        -0.0074015246,
        -0.0050159525,
        0.010081468,
        -0.010394253,
        -0.0160131,
        -0.010952931,
        -0.0038354048,
        -0.0017916551,
        0.0060313907,
        -0.005173508,
        -0.0065990873,
        0.021130348,
        -0.004217651,
        -0.008082724,
        0.017705807,
        -0.023284115,
        -0.019107712,
        0.015922986,
        -0.006738195,
        -0.016157446,
        -0.011892356,
        0.0057233637,
        0.00350043,
        0.0052667395,
        0.0022546093,
        0.019956272,
        0.0046900897,
        -0.00011246986,
        -0.021002993,
        0.019335752,
        0.0030738197,
        0.012991471,
        -0.003025496,
        -0.0028907026,
        0.012754327,
        0.0156836,
        0.008143985,
        -0.0064582783,
        0.0026140828,
        0.004785498,
        -0.011907494,
        0.012321157,
        -0.0073430603,
        -0.012348988,
        -0.013374014,
        -0.004034324,
        0.004885504,
        -0.015525007,
        -0.011120877,
        0.0052380827,
        -0.0088713,
        0.0029625602,
        -0.0008740351,
        0.018536525,
        -0.016236875,
        0.0009899039,
        -0.0039859368,
        -0.01878769,
        0.0011075969,
        -0.004213132,
        -0.008457708,
        -0.0006833832,
        -8.508592e-05,
        -0.017381357,
        -0.009031066,
        -0.010719221,
        -0.005905724,
        -0.010719448,
        0.010799291,
        -0.002966126,
        -0.027834496,
        -0.0011291273,
        0.009903045,
        0.009588959,
        -0.004320476,
        0.0025942223,
        0.010300985,
        -0.00731488,
        -0.025681598,
        -0.014613996,
        0.017905328,
        -0.007696408,
        0.028157774,
        -0.0072854026,
        0.0073030074,
        -0.003733016,
        0.0072231535,
        0.012928073,
        -0.0086333435,
        -0.0018078327,
        0.0125102345,
        0.010426642,
        -0.010869753,
        0.00024062175,
        -0.017960947,
        -0.00039414316,
        0.010657737,
        0.00970101,
        0.0034412518,
        0.09782422,
        -0.0033478315,
        0.012370878,
        0.026363699,
        0.013040188,
        -0.012066441,
        0.0064651184,
        -0.00383537,
        -0.00036117484,
        -0.011908497,
        -0.003201133,
        -0.005099776,
        0.0007854258,
        0.026337104,
        0.002450698,
        -0.0066684345,
        -0.0072930804,
        0.016914673,
        -0.0056200656,
        0.0046047643,
        -0.014237617,
        -0.0026583965,
        0.0017467166,
        -0.009895203,
        0.015905796,
        0.007050596,
        -0.0077799014,
        -0.0013725548,
        -0.015574629,
        0.015541494,
        0.0075762593,
        0.013123374,
        -0.015354287,
        0.0010648915,
        -0.017126523,
        0.0061453213,
        -0.008197442,
        -0.015017196,
        0.007969992,
        0.009612322,
        -0.018491952,
        0.008687196,
        0.011274919,
        -0.012591977,
        0.014492352,
        0.009251554,
        -0.01616089,
        0.01474359,
        0.0023636234,
        0.007980019,
        -0.007258743,
        -0.017778026,
        -0.01277268,
        0.014633272,
        -0.0034009288,
        -0.009030058,
        -0.009820313,
        0.0054165893,
        0.0007107394,
        0.010001748,
        -0.017242556,
        0.029638208,
        -0.007755359,
        -0.0015308128,
        0.005790475,
        -0.03131324,
        -0.005038698,
        0.0038784128,
        0.007629303,
        -0.0026973905,
        -0.004823724,
        -0.0026002524,
        0.0030351565,
        -0.004924153,
        0.054320924,
        0.0067726397,
        -0.0013141579,
        -0.0048845513,
        -0.023614507,
        -0.009309963,
        -0.008378954,
        0.009400755,
        -0.015776373,
        -0.028638817,
        0.002109085,
        0.0074723586,
        -0.014068323,
        -0.0020960215,
        -0.0183734,
        -0.0019404812,
        0.00697832,
        0.00033203687,
        0.004660906,
        0.0059237895,
        -0.0063222563,
        0.02539229,
        0.105110414,
        -0.003816757,
        -0.00090619555,
        -0.009575267,
        0.0005899169,
        -0.022427255,
        -0.010864935,
        -0.005105657,
        -0.014762512,
        -0.007016731,
        0.012726656,
        0.012074003,
        -0.0028537328,
        -0.010053519,
        -0.006875575,
        -6.9394635e-05,
        -0.0036189791,
        -0.0010902596,
        0.016993733,
        -0.013611833,
        -0.005387313,
        -0.009525383,
        -0.013446905,
        -0.010291895,
        0.004571802,
        0.0071996152,
        -0.0035654644,
        0.0021905387,
        -0.00024723163,
        0.001706574,
        -0.011808755,
        -0.018296318,
        -0.01866789,
        -0.0026052287,
        0.006644962,
        -0.01390173,
        -0.005374135,
        0.014403553,
        -0.012170812,
        -0.00328678,
        0.002437223,
        0.015010008,
        0.014019512,
        0.004407532,
        -0.018415408,
        -0.005489107,
        0.01109893,
        -0.00892013,
        0.0019344533,
        0.0013585481,
        0.0007177949,
        0.0051757502,
        0.008209043,
        0.010941429,
        0.014820226,
        0.0018026724,
        0.016566599,
        0.0028815179,
        -0.005684277,
        -0.012223964,
        0.0048313765,
        0.012841313,
        0.0016635281,
        0.014025541,
        0.0026030096,
        0.010758289,
        0.003443968,
        0.006446625,
        0.006393347,
        0.002640535,
        0.029349906,
        0.009895534,
        0.002970595,
        0.0017056841,
        0.022266025,
        0.011005632,
        -0.0031804033,
        0.013556307,
        0.0020589277,
        0.0075987577,
        0.0013221131,
        -0.011538712,
        -0.01803156,
        0.013441555,
        0.01343942,
        -0.0047437,
        -0.008708776,
        -0.00894733,
        -0.00040831516,
        -0.015641028,
        0.016968295,
        0.009244833,
        0.0004308416,
        -0.004601922,
        0.0015907596,
        -0.006425367,
        0.017617585,
        -0.006210322,
        -0.008475237,
        -0.0035003829,
        0.0018071333,
        0.010091818,
        -0.017277313,
        0.0044949264,
        0.003911108,
        -0.0033030517,
        0.016570132,
        -0.028364431,
        -0.021976706,
        -0.0010661451,
        0.011663509,
        0.008477287,
        -0.0012191031,
        0.0050982963,
        -0.0009572262,
        -0.013879946,
        0.013080955,
        -0.004098324,
        -6.420016e-05,
        -0.010383214,
        0.012100915,
        -0.018757937,
        -0.0040008533,
        -0.0065985136,
        -0.0018410693,
        -0.02202698,
        0.0017954605,
        0.0146011375,
        0.0009464541,
        -0.029941317,
        -0.018975524,
        0.015644323,
        0.009824041,
        -0.016057199,
        0.011198236,
        0.0012135174,
        0.003504927,
        -0.015152878,
        -0.0029866323,
        -0.009463288,
        0.002612926,
        0.0069317776,
        -0.009362504,
        0.016037634,
        0.011947414,
        0.00012643101,
        0.009088293,
        0.01660401,
        7.7652054e-05,
        -0.0104661165,
        0.012657026,
        0.023732336,
        -0.008400114,
        0.020215662,
        -0.004005796,
        -0.014608526,
        0.017504089,
        0.004566521,
        -0.00032891592,
        0.020736951,
        -0.00018864348,
        -0.056714423,
        -0.0076064984,
        0.0050382717,
        0.007701806,
        0.019581215,
        -0.012365176,
        -0.011277512,
        -0.028619349,
        0.0031135639,
        0.0024831926,
        -0.008522792,
        -0.011500881,
        -0.018332256,
        0.004997709,
        0.018923003,
        0.014104138,
        -0.0012686801,
        -0.010740752,
        -0.0077746487,
        -0.014801782,
        -0.008764039,
        0.010550446,
        -0.0022101484,
        0.003460406,
        0.005770098,
        -0.0022859755,
        -0.00028945215,
        0.02544765,
        -0.004872762,
        -0.015176602,
        -0.016038759,
        -0.008053255,
        0.015335581,
        0.009797532,
        0.022104558,
        0.00068922504,
        -0.00054018624,
        0.007970588,
        0.013100022,
        -0.002162975,
        0.026592689,
        -0.0027516312,
        -0.01347322,
        0.018212948,
        -0.0066384603,
        0.010012131,
        0.017878115,
        0.002674524,
        -0.0017386067,
        0.0014376506,
        0.009194919,
        0.020586837,
        -0.011513807,
        0.011515029,
        -0.015879817,
        -0.004105982,
        -0.014636394,
        0.005930956,
        -0.0076257866,
        -0.0066017425,
        -0.0010259869,
        0.0096172225,
        -0.0076315533,
        -0.003198331,
        -0.021514747,
        -0.0049097645,
        0.015685564,
        -0.0060910177,
        0.008564247,
        0.014641819,
        -0.002026389,
        0.005521693,
        -0.013094429,
        -0.0023636813,
        -0.014058715,
        -0.0027217618,
        0.0032402603,
        -6.0053906e-05,
        -0.0039848257,
        0.002930397,
        -0.005350208,
        0.009895059,
        -0.014520215,
        -0.020029169,
        0.0010745155,
        -0.02481115,
        0.011909065,
        -0.007090558,
        -0.016533634,
        0.0017576478,
        -0.011801793,
        0.0077179596,
        0.00046115334,
        -0.007943733,
        -0.014756279,
        -0.0022166653,
        -0.002449903,
        0.0025896733,
        -0.004671842,
        -0.0056457454,
        -0.00013785968,
        -0.0059282556,
        -0.0014234798,
        0.00022767122,
        -0.014578897,
        0.00033231394,
        -0.0035347843,
        -0.022472622,
        0.002891129,
        0.0018050426,
        -0.0070907637,
        0.00079132506,
        -0.0014608557,
        -0.0031040062,
        0.01276663,
        -0.010569829,
        0.004092661,
        0.019069394,
        0.0037160933,
        -0.013230881,
        -0.0061480664,
        0.0022982405,
        -0.0033384345,
        -0.0049788402,
        -0.01768235,
        -0.00022170553,
        0.015219627,
        0.01772106,
        0.02288094,
        -0.012936042,
        0.0048778257,
        -0.01186569,
        0.0047684987,
        0.0041106297,
        -0.00929547,
        -0.008471601,
        0.018110938,
        0.0021386426,
        -0.021119792,
        0.021632146,
        -0.0059515806,
        -0.0066754185,
        0.010663043,
        -0.025536673,
        0.003075263,
        0.024463069,
        -0.00232835,
        -0.01243454,
        0.003913259,
        -0.0015017196,
        0.027788326,
        -0.012536714,
        0.007727369,
        0.016020918,
        0.018968727,
        -0.01187976,
        0.009352992,
        0.00841913,
        0.011421704,
        -0.0024754994,
        0.019232891,
        -0.001301115,
        0.015086595,
        -0.01661434,
        -0.0060866773,
        -0.031016197,
        0.010324399,
        -0.0014333478,
        -0.0027657954,
        -0.016185464,
        -0.011390378,
        0.007946238,
        -0.0011934064,
        0.023341445,
        -0.008232014,
        -0.005004693,
        0.013954034,
        -0.0015232684,
        -0.0103891045,
        -0.0033837827,
        0.001317337,
        -0.0008500084,
        -0.0029850272,
        -0.008442849,
        0.0069394177,
        -0.0014108163,
        0.011188878,
        0.017735647,
        0.0013854085,
        -5.219478e-05,
        0.0139170345,
        -0.001280909,
        0.0013256388,
        0.013070528,
        0.010721588,
        -0.017106207,
        0.0075570536,
        -0.000899471,
        -0.0020795919,
        0.005241519,
        -0.009812464,
        0.005699701,
        0.023849497,
        -0.015783135,
        -0.004139597,
        -0.06522248,
        3.2648815e-05,
        -0.002982057,
        0.011359993,
        -0.017082365,
        -0.0042865253,
        -0.015934413,
        -0.009105697,
        0.008975719,
        0.0019666255,
        -0.0019802067,
        -0.0037068299,
        -0.008134181,
        -0.026933618,
        0.021586848,
        -0.015256459,
        -0.005394077,
        -0.010855239,
        -0.001628198,
        0.0029972252,
        0.005085343,
        0.012312876,
        0.0017665763,
        -0.01614828,
        -0.015199192,
        0.0032190084,
        -0.0077774087,
        0.010988106,
        0.0060869944,
        -0.00036027233,
        -0.016588066,
        -0.0011459738,
        -0.004390258,
        0.004533197,
        0.017448224,
        -0.005325336,
        0.020356562,
        0.0005316701,
        -0.14905511,
        -0.01705904,
        0.014484476,
        -0.0045174207,
        -0.007117252,
        0.009771405,
        -0.027305527,
        0.005824728,
        -0.004147741,
        -0.000344115,
        0.001265251,
        0.007386775,
        -0.011071693,
        -0.0037657921,
        0.0035116668,
        0.013121404,
        0.005873115,
        0.01281992,
        -0.008962697,
        0.0071999603,
        0.003685035,
        -0.0030399084,
        -0.0010926703,
        0.0052127824,
        -0.0058434713,
        -0.0053787385,
        0.016292099,
        -0.0026121477,
        0.011970993,
        0.027908493,
        -0.0026387204,
        0.0052185166,
        -0.003694763,
        -0.011862204,
        0.003188827,
        0.008797219,
        0.007955404,
        0.0070596873,
        -0.002868695,
        0.009927657,
        -0.012209541,
        -0.0068121376,
        0.0007696377,
        -0.00049182033,
        -0.0051368624,
        -0.0037163051,
        0.009049726,
        0.0055677686,
        0.00034393393,
        -0.010230739,
        -0.0017327924,
        0.0030849443,
        -0.007520234,
        0.0010877656,
        -0.00021156612,
        0.0058637336,
        -0.014922365,
        0.009528203,
        -0.0103803575,
        0.0019280277,
        -0.0062219948,
        -0.0005322517,
        0.023639305,
        -0.00786408,
        -0.0046809525,
        0.0072459267,
        -0.00032069936,
        0.009596753,
        0.01805609,
        0.032992464,
        0.012145831,
        -0.0029884237,
        0.006109513,
        -0.0072842445,
        0.00981117,
        -0.005857486,
        0.008511898,
        0.014692844,
        -0.010204205,
        -0.026868295,
        0.015938804,
        -0.0024619114,
        -0.0012689942,
        -0.014355056,
        0.006006891,
        -0.021283196,
        -0.022472717,
        0.009262905,
        0.0026755526,
        -0.046930213,
        -0.002705942,
        0.0051404773,
        -0.01012178,
        0.033840355,
        -0.006741247,
        0.010463882,
        -0.015375726,
        -0.014005718,
        0.003714186,
        0.0028379268,
        0.007424366,
        0.029980136,
        -0.0044323215,
        0.019734625,
        0.008570328,
        -0.0075939894,
        0.0044592894,
        -0.0009225774,
        -0.009271213,
        -0.0054734508,
        -0.002007984,
        0.015871558,
        0.0037877308,
        0.005167388,
        -0.01613186,
        -0.008061799,
        -0.006729765,
        0.01701274,
        -0.02225821,
        -0.016722422,
        -0.01388628,
        -0.0020374646,
        0.001096514,
        -0.00901354,
        0.009239451,
        0.0019482104,
        0.039001197,
        -0.026710771,
        0.005584859,
        0.02289215,
        -0.012629173,
        0.0070856074,
        -0.006219309,
        0.0011985851,
        0.014631495,
        -0.0052401116,
        -0.003203915,
        -0.012533407,
        0.010911956,
        -0.024641257,
        0.028225135,
        0.0036936353,
        -0.012240782,
        0.0054201283,
        -0.0068103783,
        -0.00014404647,
        -0.00597577,
        0.011511191,
        0.04375723,
        -0.02806872,
        -0.0035219754,
        -0.017146401,
        0.0079251975,
        -0.00045370683,
        0.002300703,
        0.01675555,
        -0.0074847243,
        0.0036307736,
        -0.013785549,
        -0.0034046322,
        -0.017900445,
        0.013635689,
        0.0007447612,
        -0.027500853,
        0.006919507,
        -0.0046458677,
        0.0014421954,
        0.015286105,
        -0.0022486264,
        0.010675223,
        0.016018558,
        0.008405772,
        0.0010106864,
        0.028845616,
        -0.026555533,
        0.023051005,
        -0.005629428,
        -0.015076624,
        0.011514606,
        -0.0057367277,
        -0.02056919,
        -0.0079194475,
        0.0012131301,
        0.005846704,
        -2.5230065e-06,
        -0.0172777,
        -0.0015441937,
        -0.010243961,
        0.02488298,
        0.039517313,
        0.006759726,
        -0.020764094,
        -0.030342037,
        0.013303383,
        -0.00034138927,
        0.013654158,
        0.0011145035,
        -0.00806231,
        -0.0047377027,
        0.00016260057,
        -0.01651605,
        -0.00053148024,
        0.0017795099,
        -0.12724388,
        -0.018050456,
        -0.027534364,
        0.010946556,
        -0.012910993,
        -0.013800112,
        0.010947511,
        -0.0088555785,
        0.029458813,
        -0.019420383,
        -0.0049562785,
        -0.0017778274,
        0.014656866,
        -0.0049746335,
        0.00909353,
        -0.016399648,
        -0.0061878744,
        -0.011460159,
        -0.025909226,
        -0.02436293,
        -0.024886081,
        -0.013677065,
        0.003283583,
        -0.0038375645,
        -0.011512004,
        -0.0029220684,
        -0.00655329,
        0.014751434,
        0.009169749,
        0.0065799206,
        -0.0021929774,
        -0.0031076614,
        0.0075009842,
        -0.005033793,
        0.0014922408,
        -0.020154346,
        -0.015491809,
        0.024873922,
        0.004901227,
        0.003142861,
        -0.0008453615,
        0.018690147,
        0.011946628,
        -0.00444185,
        -0.0046632686,
        0.0051288465,
        0.0018693357,
        0.007478764,
        -0.028793128,
        -0.007156138,
        0.018670626,
        -0.0123162465,
        0.0012244226,
        -0.00684176,
        0.0057848473,
        -0.02274927,
        0.018559443,
        0.008058886,
        -0.0024544732,
        0.0073169107,
        -0.01289587,
        -0.004226657,
        0.00755737,
        -0.0034044087,
        -0.011546906,
        -0.021938497,
        -0.01695464,
        0.15304781,
        0.0029697854,
        -0.008144063,
        -0.013634303,
        -0.0040453374,
        -0.00029262464,
        -0.0022881601,
        -0.0073902183,
        -0.015150394,
        -0.028153066,
        -0.0066900696,
        0.023799637,
        -0.007860633,
        0.0024119571,
        0.0098934015,
        -0.0066293026,
        -0.0034020543,
        0.024938103,
        0.0014384916,
        0.011409514,
        0.007096653,
        -0.007845674,
        0.009315857,
        -0.0153256515,
        -0.0044749035,
        0.0023356683,
        -0.0066823554,
        -0.019033901,
        0.012916156,
        -0.0092962105,
        0.020069798,
        -0.0118695665,
        -0.009232324,
        -0.00089984573,
        -0.0058634714,
        0.0022637455,
        -0.005480908,
        0.02763415,
        0.0071005956,
        0.013195072,
        -0.019525986,
        -0.0033069232,
        0.0017038392,
        0.0010998384,
        0.0047528544,
        -0.0025725788,
        0.008991656,
        0.01693843,
        -0.0023502877,
        -0.01024304,
        -0.019041698,
        -0.005211157,
        0.019008042,
        0.00022598168,
        0.008645845,
        0.00382306,
        0.0024937927,
        0.003781623,
        0.0072857756,
        -0.0036161866,
        0.009333962,
        -0.01650187,
        -0.001850146,
        0.003155154,
        0.014905173,
        0.008241552,
        0.016519846,
        -0.0023883022,
        -0.0032179584,
        -0.13581681,
        -0.009203092,
        -0.0036812713,
        0.009626218,
        0.0021852765,
        0.046947367,
        0.009943687,
        0.014022559,
        0.0072439453,
        -0.003690167,
        0.004937386,
        0.0049450854,
        -0.0026431023,
        0.01977813,
        0.0016993994,
        -0.0038672178,
        -0.018184744,
        0.016756777,
        0.019998705,
        0.0049775476,
        -0.016928334,
        -0.0025113462,
        0.003758751,
        -0.017839564,
        0.002139213,
        -0.005330205,
        -0.010839116,
        -0.008289833,
        -0.0027628103,
        -0.004265555,
        -0.012666114,
        -5.8503876e-05,
        0.0045803385,
        -0.009571798,
        -0.011867833,
        0.008259063,
        0.014034369,
        -0.0043382905,
        0.009567895,
        0.011728439,
        -0.011297783,
        0.004581752,
        -0.0029315576,
        0.017463645,
        0.0023977633,
        0.006864049,
        -0.012262118,
        -0.0011068872,
        0.02200712,
        -0.018484764,
        0.013164035,
        -0.020417498,
        -0.0053953542,
        -0.017079806,
        -0.004832614,
        -0.0013580914,
        0.0020022073,
        -0.006701592,
        0.0042676046,
        0.002277464,
        0.02393398,
        0.01371058,
        -0.014181957,
        -0.0058023077,
        0.01983129,
        0.008033789,
        -0.015739072,
        -0.024309812,
        0.007363405,
        -0.01411887,
        8.869106e-05,
        -0.0012025643,
        0.009222334,
        -0.019529423,
        -0.005034586,
        0.0067469976,
        0.014883918,
        0.016202966,
        -0.001643178,
        -0.00291216,
        -0.011219615,
        0.0037704203,
        0.0006921948,
        0.002894782,
        0.04000028,
        -0.0014977768,
        -0.016685124,
        -0.018017994,
        -0.0023020757,
        0.0057901484,
        -0.0026959528,
        0.007574643,
        -0.0029641874,
        -0.005727128,
        -0.0320021,
        0.028441465,
        -0.01657154,
        0.026037496,
        -0.02525216,
        0.010827193,
        -0.0080838,
        0.0036823128,
        -0.017322812,
        -0.00017396358,
        -0.00014719403,
        -0.014828154,
        0.0046996656,
        0.018392798,
        0.00953487,
        0.0060260254,
        -0.012211126,
        -0.009653677,
        0.016323444,
        0.019390896,
        0.012454436,
        -0.025024397,
        -0.016672969,
        0.007867301,
        -0.008642839,
        0.0052047144,
        0.01043335,
        -0.00032251884,
        0.02067044,
        0.0057710893,
        0.016642634,
        -0.00945439,
        -0.0109640155,
        0.001983063,
        0.0040742476,
        0.018035494,
        0.0007185645,
        0.013106709,
        0.014814314,
        -0.0072564627,
        -0.0032624053,
        0.0023194326,
        0.017423047,
        -0.0023713522,
        -0.011827002,
        -0.002266033,
        0.0111989975,
        -0.012716429,
        0.006858197,
        -0.017253976,
        -0.01965288,
        0.00079693407,
        0.00096599513,
        0.046170916,
        0.0012778217,
        0.01866531,
        0.0024791018,
        0.013397936,
        -0.025229452,
        -0.01678502,
        -0.0029979474,
        6.093302e-05,
        0.0038377685,
        0.012922594,
        0.010819937,
        0.009941673,
        -0.0036712296,
        -0.0018397338,
        -0.00081424514,
        0.0071478314,
        0.018148929,
        0.009562319,
        -0.025593612,
        -0.0077173123,
        0.0028423625,
        -0.016112939,
        -0.01738955,
        -0.0059805075,
        0.019157533,
        0.00012028301,
        0.0033007464,
        0.014170798,
        0.013508139,
        0.011086438,
        0.008648346,
        -0.06449673,
        0.008053296,
        -0.0015173163,
        -0.0023500575,
        -0.017819399,
        -0.0027060008,
        0.021435553,
        0.0065987282,
        -0.003635465,
        -0.019457802,
        0.0011387048,
        -0.008416662,
        -0.0058191908,
        -0.0372288,
        0.0015663235,
        -0.0011445351,
        -0.0027860075,
        -0.014000196,
        -0.0043500024,
        -0.0044949143,
        -0.008226237,
        -0.0074848663,
        0.021046279,
        -0.019174416,
        0.00013561475,
        0.0023449922,
        0.021652885,
        0.0009911406,
        -0.011574878,
        0.023942148,
        -0.005033615,
        -0.0073940717,
        -0.0025800685,
        0.020378888,
        -0.0031997329,
        -0.010642734,
        -0.013127237,
        -0.015145913,
        0.018968979,
        -0.05680786,
        0.0037551946,
        0.023021165,
        -0.098732755,
        0.017358223,
        0.022655971,
        0.014482942,
        0.012180912,
        0.005613121,
        0.0051735053,
        0.0011877146,
        -0.012085383,
        0.003406758,
        -0.013346308,
        0.007939968,
        -0.00015406449,
        0.043966416,
        -0.01613541,
        0.007317526,
        0.015059125,
        -0.014011186,
        -0.009614277,
        -0.019751146,
        0.0036216709,
        0.014462263,
        0.00559393,
        0.013551231,
        0.0081588235,
        0.010363209,
        0.011923672,
        0.026060082,
        -0.0009528916,
        -0.017904505,
        -0.019164938,
        0.0023902294,
        0.026142417,
        0.008403016,
        -0.011187723,
        0.003922627,
        0.0054697255,
        -0.0064721843,
        -0.010330305,
        -0.006443782,
        0.006906086,
        0.038458664,
        0.015437763,
        -0.012638903,
        0.0020925258,
        -0.11255605,
        0.0026013204,
        0.009925101,
        -0.0015450141,
        0.011952053,
        -0.0007185272,
        -0.026213842,
        0.081686705,
        -0.007835965,
        -0.0030637998,
        0.0052190856,
        -0.00811272,
        0.012278403,
        0.026449597,
        0.0066797417,
        0.00012487054,
        0.016534187,
        0.023692785,
        -0.0013151574,
        -0.0060663093,
        -0.00305885,
        0.011426262,
        0.011705119,
        0.0038548615,
        -7.311439e-05,
        -0.05104844,
        -0.013884614,
        -0.018753434,
        0.03282674,
        0.020135311,
        0.010818144,
        0.006216727,
        -0.0024563186,
        -0.009594829,
        -0.0154360775,
        0.030961346,
        0.001236703,
        0.009456698,
        -0.009703789,
        0.0026199573,
        -0.0054787123,
        -0.0043789297,
        -0.0025134392,
        -0.010490117,
        0.013625177,
        -0.01970814,
        0.0017256322,
        -0.006600249,
        0.00560807,
        -0.02033839,
        0.0011653927,
        -0.007602809,
        0.0070960806,
        0.020386444,
        0.0056213317,
        -0.013210747,
        0.00040266715,
        0.0033825485,
        -0.0062132007,
        -0.02828569,
        -0.002679017,
        0.005088168,
        -0.002462201,
        0.02798099,
        0.017060231,
        -0.030635852,
        -0.02552144,
        -0.011355847,
        0.0006789462,
        0.023719896,
        0.005620842,
        0.0048541925,
        0.0016375156,
        -0.001380859,
        0.02448707,
        -0.015554127,
        -0.017806303,
        -0.00033570538,
        -0.026794437,
        0.0043363688,
        -0.0098759215,
        -0.0044552437,
        0.004513842,
        -0.0077131283,
        -0.02284539,
        0.0070712366,
        0.021053264,
        0.026569635,
        0.011307396,
        -0.012169325,
        -0.021433344,
        -0.0049578357,
        -0.003830229,
        0.017657708,
        0.0016263378,
        -3.2442586e-05,
        -0.013611836,
        0.010469591,
        -0.0106645385,
        -0.0012851,
        0.021542221,
        -0.00027825567,
        -0.02367947,
        -0.0056022005,
        0.0013426485,
        -0.0036383227,
        0.005056439,
        0.007407321,
        -0.025444021,
        -0.0016036078,
        0.021734845,
        0.0074128853,
        0.009348992,
        0.010151405,
        -0.010117598,
        -0.023342103,
        -0.014164417,
        -0.00032028486,
        -0.00031666158,
        0.010391667,
        -0.009801646,
        0.0008598547,
        0.0047281873,
        -0.03717224,
        0.00019319885,
        -0.0018110926,
        0.00014694719,
        -0.01405306,
        0.009347417,
        0.011951494,
        -0.011904517,
        0.004643391,
        0.0033726494,
        0.0042919563,
        0.009448821,
        0.0060535125,
        -0.027069695,
        0.022108588,
        -0.012639593,
        -0.0028433623,
        -0.0068822834,
        -0.037593555,
        -0.006603323,
        -0.0067733866,
        -0.0051351697,
        0.006114155,
        0.01993345,
        0.0004038755,
        -0.0018558421,
        0.00077715795,
        0.007370972,
        0.017818563,
        -0.008460546,
        -0.005718009,
        0.0071831853,
        0.004000354,
        0.0018056699,
        0.011655193,
        -0.013127925,
        0.009815902,
        0.002010976,
        -0.016793048,
        -0.0055577257,
        -0.020398963,
        -0.0080212075,
        0.004184954,
        -0.009229687,
        -0.014391565,
        0.021575399,
        3.468412e-05,
        0.014867738,
        -0.008580293,
        -0.01781842,
        0.004093776,
        0.034961,
        1.8347866e-05,
        0.0013135121,
        -0.025014514,
        -0.0030817827,
        0.0151521005,
        0.011911927,
        -0.01862762,
        -0.017270776,
        0.01820096,
        0.0024336998,
        -0.00022737835,
        0.01330663,
        -0.0131368125,
        0.025190419,
        0.0195521,
        0.010940989,
        0.001030418,
        0.018408656,
        -0.019520424,
        -0.0014740269,
        -0.020891262,
        -0.030201586,
        0.00663286,
        -0.0036676815,
        -0.0075008473,
        -0.015048696,
        0.0050125816,
        -6.9441114e-05,
        -0.030587964,
        -0.008315137,
        -0.0068397755,
        -0.013820393,
        -0.007961793,
        -0.028783144,
        -0.007222895,
        0.010682368,
        0.009739108,
        -0.0025288477,
        0.006869673,
        0.005029004,
        0.019447602,
        0.015940076,
        -0.011602448,
        0.005304743,
        0.005784197,
        0.0043303017,
        0.011184275,
        0.029775593,
        0.006482066,
        -0.01901559,
        0.0020671147,
        0.0056938906,
        -0.016091978,
        -0.0063752574,
        -0.006672065,
        -0.010308823,
        0.0017674691,
        0.014681909,
        0.00781273,
        0.00723744,
        0.029379658,
        -0.005343211,
        -0.012901564,
        0.01247312,
        -0.0020704437,
        0.02037146,
        0.0109927105,
        0.0039079054,
        0.010259457,
        -0.01107292,
        0.0027401971,
        0.0025494657,
        -0.014830782,
        -0.010382451,
        0.011728641,
        0.018252546,
        0.019442506,
        0.0025360317,
        0.0033874162,
        -0.0022154958,
        0.0017032408,
        -0.019170579,
        -0.008960317,
        -0.0053339237,
        -0.0022118774,
        -0.0086283665,
        -0.00067489245,
        -0.010356308,
        -0.006106611,
        -0.031500153,
        0.008551609,
        -0.0089372285,
        -0.017550902,
        0.009735344,
        -0.0043948824,
        -0.0015305312,
        -0.0013000609,
        -0.011750871,
        0.0028421737,
        0.011910143,
        0.014261303,
        -0.019857375,
        0.0049575446,
        0.003972762,
        0.01919715,
        0.0010446993,
        0.0067721843,
        -0.0057808436,
        -0.012453746,
        0.018842408,
        -0.012045646,
        0.0066206986,
        -0.0069642602,
        -0.0036502257,
        -0.008073045,
        0.00074465515,
        -0.0021230401,
        0.009632009,
        -0.017262598,
        -0.02251628,
        0.0021727907,
        0.0068095145,
        -0.0022142266,
        -0.00044110997,
        -0.017150322,
        0.0029158911,
        -0.0009250483,
        -0.024418445,
        0.0029017292,
        0.0042316318,
        0.0029983472,
        0.007088978,
        -0.038059667,
        -0.010548548,
        -0.0056863916,
        -0.015069812,
        0.021839017,
        -0.014865049,
        0.0058126305,
        -0.0048017125,
        0.00022184858,
        0.007943223,
        0.0022364603,
        -0.0022389663,
        -0.00012160431,
        -0.02584734,
        0.008836297,
        0.02996643,
        0.0025692228,
        0.004006278,
        -0.014943826,
        0.005711075,
        -0.016179956,
        -0.007137865,
        0.01585441,
        0.039972186,
        -0.012919499,
        -0.01673398,
        0.0038464589,
        0.018556025,
        -0.00063696323,
        0.010585266,
        0.020111673,
        -0.02312421,
        -0.0064145927,
        -0.0055485168,
        -0.00023879031,
        0.014549344,
        -0.00830853,
        0.004953696,
        -0.0056532104,
        0.011900824,
        -0.00012545561,
        0.0127124805,
        -0.017041057,
        -0.013269249,
        -0.014991442,
        0.012708528,
        0.022458293,
        0.0057805874,
        0.010382929,
        0.0128569,
        -0.03431728,
        0.023564385,
        -0.008388879,
        -0.0064783613,
        0.011569899,
        -0.025678549,
        0.004354891,
        -0.007193723,
        0.026334833,
        0.0154430345,
        -0.011862589,
        0.001474963,
        0.01803626,
        -0.003814409,
        0.019938378,
        -0.010524232,
        -0.010144176,
        -0.012718621,
        0.012816903,
        -0.024048628,
        0.0074362094,
        -0.006473277,
        -0.0069376724,
        -0.0018206012,
        0.001213748,
        -0.012420809,
        0.0022385512,
        -0.011005351,
        4.8735405e-05,
        -0.010465854,
        0.008416911,
        -0.012525589,
        -0.013388494,
        0.014723248,
        -0.015712637,
        0.008135536,
        -0.021539582,
        0.0066765565,
        0.010497977,
        0.009480461,
        0.005918405,
        -0.0010933215,
        0.010120566,
        0.004727044,
        -0.0072705583,
        0.025124518,
        -0.020694353,
        0.0077853934,
        0.006817529,
        0.011378478,
        -0.0030704131,
        0.0025303422,
        0.00070181186,
        0.009719738,
        -0.0012373854,
        0.0063222093,
        0.0015428311,
        -0.045855075,
        0.008447987,
        0.008490923,
        0.0005088542,
        0.009982324,
        -0.0074036615,
        -0.007906148,
        0.0072858674,
        0.00759929,
        0.01875131,
        -0.0042590927,
        0.009114433,
        -0.0032566458,
        0.014186985,
        0.022686828,
        -0.0022304163,
        0.0070357583,
        0.01754448,
        0.007424136,
        -0.003570414,
        -0.014765024,
        0.002076104,
        -0.011441886,
        0.016091784,
        -0.0049313055,
        0.021779168,
        0.01527937,
        0.0027018676,
        0.018338338,
        0.0041299206,
        -0.00052244327,
        0.0066179773,
        -0.002091485,
        0.0020860005,
        -0.0066980915,
        -0.0007471896,
        0.013195176,
        0.015136741,
        -0.013052044,
        0.021022867,
        -0.016361916,
        0.015341802,
        -0.0018783514,
        0.0127077885,
        0.0004106422,
        0.0008852015,
        -0.0032448578,
        -0.0064322646,
        0.023194697,
        0.005648514,
        -0.020009995,
        -0.01957467,
        -0.014857056,
        0.01360904,
        -0.0021678645,
        0.016860595,
        -0.040485214,
        -0.0055038705,
        -0.037193693,
        0.009308636,
        0.009298996,
        0.00041469713,
        -0.006332565,
        -0.017767634,
        0.00079153315,
        -0.044696048,
        0.033866197,
        0.03785604,
        0.012536545,
        -0.00072902656,
        -0.00036748464,
        0.009893871,
        -0.0049549527,
        -0.0032813938,
        -0.0016120207,
        -0.03191268,
        -0.0071291486,
        0.0118892025,
        -0.009807695,
        0.002542565,
        -0.012368785,
        -0.009291833,
        0.0111068,
        0.007162348,
        0.00854095,
        -0.012343943,
        0.008011426,
        -0.026722873,
        0.003951294,
        -0.022273954,
        -0.0011843708,
        0.007418649,
        -0.0038342518,
        0.0051674806,
        -0.0016764685,
        -0.027616821,
        -0.0164832,
        -0.003958385,
        0.007611718,
        0.00209643,
        -0.016756034,
        -0.0034410795,
        -0.0026926824,
        0.007598077,
        -0.022251477,
        -0.0071154432,
        -0.03849174,
        -0.01665909,
        0.013609914,
        0.014118669,
        0.006739879,
        -0.017385982,
        0.017799312,
        0.014215724,
        -0.007704249,
        0.011383564,
        -0.005223153,
        -0.013443631,
        -0.0069844434,
        -0.009382917,
        0.004858286,
        -0.024059681,
        0.017634291,
        -0.0025337588,
        0.018157532,
        -0.0021159383,
        -0.02128687,
        0.026024355,
        -0.019587627,
        0.002603181,
        0.016577953,
        0.021717422,
        -0.038777877,
        -0.007593828,
        0.0028334649,
        0.029960426,
        -0.009678649,
        -0.006161291,
        -0.011030848,
        -0.008581637,
        0.020372529,
        -0.0012394207,
        -0.0022448257,
        0.018389931,
        0.013752341,
        -0.015326471,
        -0.009163572,
        -0.0071616177,
        -0.017306654,
        0.015082858,
        -0.031244233,
        0.013139997,
        -0.0139875,
        -0.0015179542,
        -0.0051151593,
        0.0054879007,
        0.023868144,
        -0.0075938874,
        0.01377579,
        0.00017564859,
        -0.010032508,
        0.00972591,
        0.012076874,
        -0.008205897,
        -0.012682854,
        0.0007626393,
        -2.4730067e-05,
        7.593342e-05,
        0.0068413536,
        -0.017199555,
        0.016694693,
        -0.006172279,
        -0.009273582,
        -0.004528891,
        0.02536135,
        -0.008854299,
        -0.015027037,
        -0.023762286,
        -0.008410892,
        0.0077221435,
        -0.013367638,
        0.0050712866,
        -0.027022716,
        -0.011040678,
        -0.021642113,
        -0.0025487284,
        0.0009212137,
        0.0052463776,
        0.008635814,
        0.002438758,
        0.012082924,
        -0.014357622,
        -0.018857397,
        0.026358753,
        0.009825974,
        0.005899466,
        -0.0032832325,
        0.014069916,
        -0.008939001,
        0.0026924554,
        -0.0044778017,
        0.003640484,
        0.004730881,
        -0.0014899576,
        -0.007258477,
        0.009588394,
        -0.018422645,
        -0.012672835,
        0.00993397,
        -0.0031282112,
        0.008668277,
        -0.014749341,
        0.028373443,
        0.0054335487,
        -0.006858366,
        -0.022217793,
        0.0017704137,
        -0.010685656,
        -0.005935102,
        -0.008190293,
        0.023547722,
        -0.010641196,
        -0.0018387189,
        -0.0027601735,
        0.021506203,
        -0.009028288,
        0.018317973,
        0.008630854,
        -0.0008328304,
        -0.0031606222,
        0.013516591,
        0.016234074,
        0.01810044,
        -0.028530933,
        -0.005941334,
        -0.0019187724,
        0.016648335,
        0.015630234,
        0.00073351007,
        -0.0028132484,
        0.011270831,
        0.003463902,
        0.013631239,
        0.005625128,
        0.0007434217,
        -0.0277161,
        0.00621723,
        -0.016194101,
        -0.01183131,
        -0.019567477,
        -0.016261972,
        -0.01260383,
        0.012508566,
        0.016328992,
        -0.007820113,
        -0.038270608,
        -0.016677702,
        -0.0061966176,
        0.004634712,
        -0.0035748284,
        0.0064737094,
        -0.00712551,
        -0.012342577,
        -0.013216793,
        0.024820134,
        -0.0069583873,
        -0.0019666345,
        -0.003541762,
        0.0011282226,
        0.0019072169,
        -0.0126677,
        0.0016749917,
        0.17769904,
        0.13686894,
        0.0041233734,
        0.0022675018,
        0.022894295,
        -0.00461916,
        -0.018076278,
        0.0027351598,
        0.0035691475,
        0.032972287,
        -0.007924325,
        0.002349766,
        0.00066808565,
        0.016785352,
        0.021617534,
        0.0045872056,
        -0.018529871,
        0.006057487,
        -0.004996461,
        0.009095534,
        -0.011638243,
        0.014093551,
        0.0008319378,
        0.0067477576,
        -0.0009085391,
        -0.015485236,
        0.006861883,
        -0.0086299945,
        0.011665416,
        0.0066121146,
        -0.028669938,
        -0.011777633,
        0.0042715347,
        0.0064296597,
        0.020170104,
        -0.015255075,
        0.015548025,
        -0.0064048623,
        0.0038208691,
        -0.023774918,
        -0.020542245,
        0.0011993228,
        -0.0012433408,
        -0.010115937,
        -0.010789462,
        -0.0034641009,
        -0.010025348,
        0.011085035,
        -0.0051384433,
        0.016391305,
        -0.011096027,
        0.008629219,
        0.029908963,
        -0.008211692,
        -0.011425837,
        -0.011656106,
        0.010336157,
        0.007946476,
        -0.014747836,
        -0.0007627821,
        0.03294341,
        0.006976803,
        -0.000771719,
        -0.006301276,
        0.02392632,
        -0.006254184,
        -0.0062563987,
        -0.003000163,
        0.0075951656,
        0.0042189537,
        0.018891338,
        0.0012608744,
        0.00067062944,
        0.0034068443,
        0.006137819,
        -0.009037244,
        0.020377984,
        -0.00060294213,
        -0.016469527,
        0.0071852645,
        -0.03282021,
        -0.0024693438,
        -0.022291016,
        0.013048541,
        -0.003907478,
        0.02107876,
        0.011566582,
        0.005586034,
        0.12676628,
        0.026231607,
        -0.018366542,
        -0.027467003,
        -0.00997401,
        -0.021836253,
        -0.003102063,
        0.023541583,
        -0.007399746,
        0.02693953,
        -0.006323666,
        0.006581963,
        0.0007884623,
        -0.0130544985,
        -0.010762675,
        -0.010491199,
        0.020770688,
        0.063000314,
        0.0039452463,
        0.0056004315,
        0.0063251965,
        -0.0009958271,
        -0.010740619,
        0.011239183,
        0.004984487,
        0.02114261,
        0.01597757,
        -0.020251531,
        -0.0063082147,
        -0.0029517652,
        -0.09248158,
        0.016437836,
        0.021639967,
        -0.00663795,
        -0.0055867224,
        -0.017012011,
        -0.016720442,
        0.00048332068,
        0.015260246,
        0.012349027,
        -0.0035556129,
        -0.009320754,
        -0.0041044517,
        0.011089744,
        -0.003260337,
        -0.0018660113,
        0.013459524,
        -0.008899085,
        -0.0059391577,
        0.0031315878,
        0.009837841,
        -0.008930891,
        -0.00045419938,
        0.031641617,
        6.8185705e-05,
        -0.011591632,
        -0.00094430277,
        -0.018348739,
        -0.012174053,
        0.013173585,
        -0.009378712,
        0.0017414729,
        -0.0034390562,
        -0.011468892,
        -0.019536667,
        -0.013593501,
        -0.0341007,
        -0.013240133,
        0.014336193,
        -0.011844023,
        0.018882513,
        -0.02678851,
        0.0067066173,
        -0.025081083,
        0.018620195,
        -0.027705457,
        -0.009946982,
        -0.019104544,
        -0.007525618,
        -0.007983454,
        0.063494384,
        0.0025078892,
        -0.023366822,
        0.010595891,
        0.0019264808,
        0.00843506,
        -0.0027926425,
        0.01170464,
        -0.013092887,
        -0.005720979,
        0.003787295,
        0.014267475,
        -0.016126027,
        0.00045646337,
        0.0023958592,
        -0.001459415,
        0.013215993,
        -0.0055882894,
        -0.002882695,
        -0.0062348302,
        0.0012516757,
        -0.023149682,
        -0.015665386,
        -0.013457138,
        -0.0053457175,
        0.01711215,
        -0.040117413,
        0.021693073,
        -0.010719533,
        -0.012390573,
        -0.00063044386,
        0.0036223005,
        0.005869642,
        0.12402858,
        0.011907674,
        0.010180202,
        0.022197824,
        0.007858446,
        -0.00034736126,
        -0.009669672,
        -0.010477125,
        -0.010195664,
        -0.010419889,
        -0.012281949,
        -0.013227559,
        0.012501394,
        -0.017622435,
        0.0045124018,
        0.00019985315,
        0.010878265,
        -0.037323955,
        0.004884369,
        -0.025704931,
        -0.011435488,
        -0.013018548,
        -0.0043525295,
        -0.0020500747,
        -0.012501511,
        0.016245047,
        -0.006391944,
        0.0021078377,
        0.018242635,
        -0.0075783296,
        0.010868627,
        0.014933467,
        0.0045747375,
        -0.010289051,
        -0.0044212947,
        -0.00090407114,
        -0.010054787,
        0.015253208,
        0.013936276,
        -0.0086403,
        0.0035383534,
        0.006109758,
        0.009828793,
        0.0031235784,
        -0.06718377,
        0.19657016,
        0.00598744,
        0.004197776,
        0.00062632054,
        -0.0059518693,
        0.01574138,
        0.009378725,
        -0.0008126281,
        0.008691763,
        0.009345853,
        0.0063072345,
        -0.0033846076,
        -0.018762827,
        -0.00013698603,
        -0.015377338,
        -0.0038505737,
        0.008962791,
        0.0037367656,
        -0.007862768,
        -0.008448103,
        0.020800667,
        0.0039563496,
        0.0035792983,
        0.007279615,
        0.0103530735,
        -0.011820326,
        0.0048141857,
        -0.004268827,
        -0.019262306,
        0.0027580997,
        0.014988539,
        0.0071800123,
        0.0048048026,
        -0.0043762703,
        -0.0028520997,
        -0.0041472767,
        0.006816501,
        0.0026243492,
        0.009304603,
        -0.010246889,
        -0.007899807,
        -0.0033633364,
        0.003603141,
        0.023904888,
        0.00787463,
        0.005982991,
        -0.011566939,
        0.011434746,
        -0.0065670456,
        0.007454616,
        -0.0025073255,
        0.016261084,
        -0.019755451,
        -0.0007033195,
        -0.00028343278,
        -0.01867948,
        -0.008609067,
        -0.005843161,
        0.004898602,
        0.01833153,
        -0.008601058,
        0.0052998383,
        -0.011253145,
        -0.0038270985,
        -0.0027427652,
        0.006242003,
        -0.00473818
      ]
    }
  ]
}

DEBUG EMBEDDING RESPONSE: {'embeddings': [{'values': [0.015550519, -0.018542012, 0.02023362, -0.08814502, 8.817993e-05, 0.0037966645, -0.003321128, -0.002784132, -0.007896684, 0.023685766, 0.00048577748, -0.034899198, -0.02078166, -0.011011082, 0.11405214, 0.01417655, 0.0054500094, 0.022961458, 0.0044016615, -0.037170738, -0.0043802047, -0.009525796, 0.016301865, 0.023502871, -0.0067835073, -0.0001531178, 0.005013017, 0.025446894, 0.036344998, -0.003835857, 0.018671082, 0.007542274, -0.0048342454, 0.0150412815, 8.650824e-05, 0.029711764, 0.02874304, -0.010302262, -0.010195325, 0.028119259, -0.028692681, -0.007440188, -0.010546612, -0.014703992, -0.012589634, 0.013226233, 0.004080867, -0.0047087437, 0.03242602, 0.00083647255, 0.00083618285, -0.001391649, -0.022904562, -0.16881734, 6.0154303e-05, -0.005120195, 0.0018522354, -0.022759017, -0.036134172, 0.008351741, -0.010277104, 0.007742151, 0.025726024, -0.052287474, -0.021722907, -0.013546802, 0.022127517, -0.00026338638, 0.006334765, -0.0021031376, 0.030245205, 0.003080726, -0.0114005385, 0.01717085, 0.0049886024, -0.001761256, -0.009059425, 0.009456253, 0.005776371, 0.016478939, 0.0049991887, 0.00033173303, -0.0055723507, -0.0025161682, 0.00074189255, -0.015757328, -0.0101506915, 0.0153248785, -0.0020626427, -0.0013363251, 0.016031854, 0.0012858061, 0.023864765, -0.009045688, -0.011149249, -0.024109753, -7.0031034e-05, -0.007804671, 0.017342906, 0.0064155227, 0.0024136459, 0.004561402, 0.00012535551, 0.00085112796, 0.010274517, -0.0014650899, 0.024163691, 0.003217247, -0.011063645, 0.023321765, -0.009081354, 0.016731452, 0.00049118453, 0.0017650595, 0.014668014, -0.15970589, -0.0058086873, -0.010248782, -0.017381953, 0.009970312, 0.029141074, -0.009661002, 0.015756674, 0.016086783, -0.016807716, -0.035272993, 0.004226528, -0.04081459, -0.0131703485, 0.0050268415, -0.014062998, -0.012342642, 0.01080123, 0.015248416, -0.027870301, 0.0010396212, -0.015556144, -0.007631491, -0.015210212, 0.008697369, -0.0061350353, 0.008818036, -0.00016592654, -0.017093748, -0.00020910644, 0.011686801, -0.020169534, 0.023248363, 0.00046677832, -0.061733827, 0.010707668, 0.015742645, 0.002806627, 0.014036129, -0.002271638, -0.049989406, 0.0064516286, -0.0078054643, -0.008602338, 0.0029714063, 0.009154081, 0.010647076, 0.038421378, 0.003924285, -0.0037023823, -0.00023003717, -0.015227603, 0.007796841, -0.0020398148, 0.02864945, 0.0070941723, 0.022857353, -8.535183e-05, -0.008501436, 0.023573693, 0.01681509, -0.012803128, -8.053599e-05, -0.0019895819, 0.015746102, -0.017860206, 0.0123589905, 0.020666998, 0.029090898, -0.00972556, 0.015542841, 0.0019619213, 0.023998696, -0.0032944477, -0.0022369043, 0.027162887, -0.013584028, 0.008292219, -0.024819398, -0.00093528745, 0.0042986046, 0.004325015, 0.0035280753, -0.0047805067, 0.038080934, -0.011627718, -0.02127372, 0.02308071, 0.011052351, 0.006929592, 0.00033097615, -0.013254402, -0.013769695, 0.01648838, 0.011681969, 0.010031043, 0.006905748, 0.028374998, 0.0060856175, 0.012379387, -0.0031083229, -0.030127503, 0.019456234, -0.009238481, 0.003257591, 0.04806458, 0.0038786014, 0.011641373, 0.015877107, -0.0013051387, -0.0011873677, -0.003125212, -0.022226473, -0.0019415818, 0.01942791, 0.028188888, -0.0070695346, 0.0012100069, -0.0031996283, 0.008447292, 0.011125612, -0.0007344627, -0.015125094, 0.040489882, 0.003976383, -0.00794967, 0.0012811855, 0.016090253, -0.0068913675, 0.00033187718, 0.047663774, -0.0118398275, 0.015127002, 0.02338946, 0.014674731, 0.021737328, -0.0024345075, -0.00825904, -0.020409659, -0.010266912, 0.011497261, 0.004786383, -0.00526186, -0.0055743023, 0.032305807, -0.044605512, 0.020792183, 0.0053771785, 0.00090986467, -0.024790155, -0.005324343, -0.023689706, 0.010046106, -0.0049672257, 0.005349992, 0.011724043, 0.00846259, 0.005735375, 0.004003349, 0.01153366, 0.021203948, -0.086969, -0.0037493005, -0.010789233, 0.0014783677, 0.012624925, -0.008491762, 0.010427512, -0.030067403, 0.008669943, -0.0052383463, -0.0043930034, -0.020289747, 0.008851985, 0.019915093, 0.0077614035, -0.01130975, -0.010480035, 0.017926604, 0.025850793, -0.0043302323, 0.020952037, -0.010522462, 0.010801465, -0.010846216, 0.02433702, -0.015158214, -0.010864056, 0.019883461, 0.0020018388, 0.0176663, 0.0019878317, 0.0029792362, 0.010983473, 0.010229053, -0.0060908585, 0.0063075623, -0.0054558027, -0.00069798564, -0.002055408, -0.0062746396, 0.006824682, -0.018358285, 0.0022837522, -0.002266981, -0.015464968, -0.01641908, 0.0126077365, 0.009245065, 0.011332869, 0.0064016045, 0.019079298, 0.0006046012, 0.0358506, 0.011973499, 0.023869973, -0.037055455, 0.0014610607, -0.02242224, -0.042266984, -0.0007155767, 0.029967202, -0.019547777, -0.015422331, 0.036289033, -0.0023256678, 0.0050259447, -0.011782336, -0.005670355, 0.030576209, -0.0086484505, -0.016528085, 0.02148285, -0.009328919, 0.005908215, 0.019313784, 0.01931675, 0.00027300513, -0.007884791, -0.0057079163, -0.009138581, -0.008328747, 0.0053339256, 0.02851053, 0.036185753, -0.017869253, 0.010290867, -0.0009212085, 0.0019100098, 0.013764193, -0.021808475, 0.018308166, -0.002645668, 0.0010823063, 0.00185364, 0.010503477, -0.0140672065, 0.0074739642, 0.025350526, -0.0046136724, -0.0044852933, -0.013159434, -0.012930099, 0.008941815, -0.0056596454, -0.0024739364, 0.048012987, -0.0010113708, 0.029249443, 0.0005270558, 0.0008295193, 0.012793073, 0.0006229387, -0.025151605, 0.011008892, 0.00035893614, 0.0059889047, -0.025766455, -0.027578888, -0.013093005, -0.0027927118, 0.015248259, -0.016694818, 0.0067508137, 0.014987663, -0.008855463, 0.024978243, 0.002657683, -0.012590157, -0.010788752, -0.013974203, -0.007198661, 0.030546982, 0.0018195723, -0.010202065, 0.03941674, -0.003257729, 0.013863778, 0.021608973, 0.027779412, -0.003161105, -0.0121564595, -0.024654886, 0.024943935, 0.0043827775, 0.015987499, 0.017341206, -0.0052302973, 0.018922392, -0.021873543, -0.018705562, -0.022077203, -0.019926451, -0.010280965, 0.013244166, -0.020140998, -0.018081332, -0.016903095, 0.008855504, -0.026438683, -0.008855795, -0.009511801, -0.006125326, -0.0022947185, -0.010708786, -0.006704041, 0.0047205724, 0.004025306, -0.012241163, -0.004749705, 0.03272842, 0.016649617, -0.0010193785, 0.006606051, -0.025019217, 0.0042140917, 0.008340847, 0.0021741472, 0.03435247, 0.009260649, -0.0037326133, 0.035445444, -0.004445898, 0.003503209, 0.0064024823, 0.008202777, -0.013710289, -0.024330055, 0.01880046, 0.0057952083, 0.012026272, 0.012663393, -0.0047354605, 0.00412346, -0.00030561534, 0.0024469208, 0.0056365137, -0.009176468, -0.0156434, -0.0030166227, 0.017216846, -0.017237356, 0.026086606, 0.032654237, -0.0051870537, 0.007244042, -0.005407294, -0.0028455162, 0.014291721, -0.009533236, 0.0008750424, -0.0032995653, 0.0010645989, -0.0051263743, 0.0025821223, -0.010400207, 0.020610493, -0.012570181, -0.011033543, -0.0118738385, 0.0012739846, 0.0052337833, 0.00015223763, 0.010070153, -0.008650956, 0.010477339, -0.016329344, -0.002468954, 0.007212492, -0.028384726, 0.011422749, -0.01608839, -0.00020031727, -0.002079321, 0.0016370763, -0.024270909, -0.0062493454, 0.012130319, -0.0005902173, -0.014255839, 0.02282764, -0.0120298555, 0.0059204195, 0.010161621, -0.014148468, -0.0042938637, -0.009580057, -0.01936193, -0.018275417, -3.480424e-05, 0.007681368, -0.009782809, 0.027642373, -0.009813648, -0.0020380626, 0.003858298, -0.004452449, -0.025051404, -0.012760956, -0.01592735, -0.018960658, -0.019637441, 0.017062698, -0.003927529, -0.017677214, 0.003360471, -0.0037522763, -0.0046493392, 0.0037224994, 0.008622824, -0.12146442, -0.0032613394, 0.01765161, -0.008857743, -0.010148765, 0.02848715, -0.0034856936, 0.009920478, -0.0008651321, -0.04083264, 0.0010505791, 0.0107259005, 0.015135474, 0.03349947, -0.015718011, -0.0056395265, -0.019225068, 0.014257437, 0.024556486, 0.029759929, 0.0024813567, 0.029453777, -0.021963933, 0.0060713454, 0.01835891, -0.036291245, -0.024276448, -0.027478755, -0.0197465, 0.011580673, 0.0142063955, -0.011091686, -0.016708981, 0.005706022, -0.010179892, -0.018954761, -0.0047894656, 0.02449388, -0.0065788706, 0.011765782, -0.029746797, -0.02518388, 0.015134706, -0.0068579675, 0.019755732, 0.015105916, 0.007280507, -0.0033261082, -0.0010057017, 0.025748342, -0.015520293, 0.019152597, -0.0043164426, 0.00037639873, -0.014824988, -0.011967052, 0.0037033297, 0.015647534, 0.0076111, 0.0079919165, -0.0058306437, -0.02803831, -0.006611008, 0.0065074298, -0.020987188, -0.01017563, 0.01768506, 0.0133517375, -0.028516924, -0.016153237, -0.0003658389, 0.012904879, 0.01691211, 0.029808473, 0.019948259, 0.023015216, -0.016263068, 0.004286876, -0.00746757, -0.0035216494, -0.034497295, 0.0070403055, -0.073185995, 0.0032867726, 0.001158071, -0.017636599, 0.014620013, 0.0022967716, 0.012244099, -0.03143575, -0.024103926, 0.017197292, 0.005719039, -0.0062973863, 0.028696384, -0.0028044241, 0.006642165, -0.0009710343, 0.014473928, -0.009211807, 0.010776334, 0.0011517436, -0.0047685853, 0.0068157483, 0.015262199, -0.00874805, -0.0068573216, 0.03712215, 0.011514046, 0.014099393, 0.051053222, -0.002986954, -0.001953707, -0.114620626, 0.00087117276, -0.0035669452, -0.0072974013, 0.016554715, 0.044062313, -0.020377303, -0.001575607, -0.01995445, -0.008279284, -0.0075668627, 0.027229594, -0.0015394822, 0.008896765, 0.0032811302, 0.13757144, 0.006379867, 0.01350639, -0.02397626, 0.0015985279, 0.0034208577, -0.012123812, -0.008331699, -0.0032153828, -0.0036674545, -0.0068466747, 0.009808031, 0.031857908, -0.033058114, 0.019053727, -0.0047086384, -0.0061728586, 0.0016717998, 0.017796872, -0.0077251624, -0.020950843, -0.009163165, 0.0027809213, 0.0076550837, -0.0015580885, -0.017952621, 0.028537394, 0.0035479337, 0.022473384, -0.0060633486, -0.014533665, 0.021876687, -0.0143685285, -0.01030971, -0.00966036, -0.031653125, -0.057958838, 0.005810901, 0.045705833, 0.0261903, -0.0049906243, -0.036664724, 0.0054019764, -0.00041534627, -0.009489162, -0.0048781303, -0.013748797, 0.035373874, 0.016585482, -0.016926525, -0.020633852, 0.0031053259, 0.014135761, 0.01580139, 0.0018354403, 0.003700322, 0.038204335, 0.020512665, 0.008593291, -0.035538036, -0.02125707, -0.013854215, -0.026133826, -0.013891135, -0.027719526, 0.015286373, -0.027818285, 0.010939998, -0.013181557, 0.009812844, -0.0058433036, -0.015062477, 0.025674962, -0.032016784, 0.01128714, -0.0050761965, -0.004071528, 0.035776023, -0.009767614, -0.026070237, -0.022445742, 0.021811558, -0.021750007, 0.014925656, 0.001196145, 0.022420418, -0.014697004, 0.028643023, -0.017121214, -0.0023676588, -0.009487171, 9.413303e-05, -0.020379793, 0.009857378, 0.00094224187, -0.016116101, -0.0078714425, 0.008424578, -0.002324278, 0.0055162297, 0.0098051485, -0.0019294068, 0.0017382968, -0.0004270157, 0.0002259468, 0.009122969, 0.0032802818, -0.0085224705, 0.007298057, 0.007943366, -0.005443493, 0.0048161866, -0.0033852858, 0.0103701865, -0.030856676, 0.0069977106, 0.009758712, 0.008787696, 0.018660782, -0.00087373686, 0.0036834166, 0.014836765, -0.019343356, -0.0025666927, -0.0069021867, 0.005691396, -0.005159131, 0.012703098, -0.01031296, 0.0064488044, 0.0017214743, -0.00016686178, -0.0006391463, 0.008636741, 0.008845538, -0.005004231, -0.014319992, 0.010737724, -0.0049061365, 0.0004715283, -0.011217494, -0.015356297, 0.0044535566, -0.0010051879, -0.0027264692, -0.0007301236, 0.0018523387, 0.0052699647, -0.0017826754, 0.0029279436, 0.021875743, 0.0065701376, -0.022983715, 0.0028748738, 0.013349691, 0.006934314, -0.012343706, 0.008694921, -0.0019018272, -0.019096147, 0.009742741, -0.0014457328, -0.009062516, -0.0034724027, 0.011054285, -0.0021662354, 0.015523134, -0.010491505, 0.009299824, 0.011695251, 0.01546941, 0.005085446, 0.0054319655, 0.004997833, -0.0066846004, 0.005417436, -0.015078675, 0.013734493, -0.015701003, 0.021794977, 0.017020877, 0.0055954377, -0.0134817185, 0.014094833, 0.013705054, -0.0052545643, -0.018803867, 0.0038320816, -0.01363326, 0.005455233, 0.0070958124, -0.012470369, -0.0109332595, -0.0051966975, 0.0055431877, 1.0448588e-05, 0.0024315785, -0.0005046015, -0.01577692, 0.014104157, -0.011843052, 0.021178456, -0.003375809, 0.0016722843, 0.006729433, 0.01106203, 0.0064900476, 0.016435005, 0.0037328417, -0.007157921, 0.00674612, 0.0088526225, 0.010830371, -0.00805617, 0.0007128863, 0.0018180056, -0.012240424, 0.0023254901, -0.003552639, -0.0010988768, 0.007135422, -0.0045485436, -0.0044216723, -0.0015555777, 0.0040163435, 0.0024036798, 0.0011873767, 0.02084704, -0.0046666297, -0.009258697, 0.018194411, -0.005447019, -0.00632946, -0.0014332029, -0.0046055457, -0.0031745243, -0.010892778, -0.00036274595, 0.0018454024, -0.0033488097, -0.0057495083, 0.006192248, 0.014096882, -0.019100437, -0.031518504, 0.022403153, 0.012226784, 0.02134202, -0.0014883527, 0.0020488866, -0.0011396072, -0.014136911, 0.0023748232, 0.007147387, 0.0072085094, 0.00041985724, 0.00143334, -0.0053224955, 0.004946442, -0.007724224, -0.007853778, 0.006594883, -0.0123454565, -0.004963322, 0.014328942, 0.014731836, -0.012742281, -0.006862966, -0.0072029545, -0.004257249, -0.0056924685, -0.0036528194, 0.0067140926, 0.01955796, -0.010336262, -0.0074845357, 0.017069545, 0.01522787, 0.01705186, -0.00935135, 0.0071410635, -0.0109890625, -0.0013940565, 0.018560577, -0.005052933, -0.007000014, 0.0006595624, -0.0005085727, 0.01302788, 0.011488103, -0.00555048, 0.01092091, -0.0010756635, 0.0051739584, 0.012918037, 0.09272364, 0.014026774, 0.014084796, 0.012035346, -0.0033591285, 0.008803877, 0.004541237, -0.0119215995, 0.006620552, -0.004275635, -0.015492745, 0.012266102, -0.024034305, 0.011112424, 0.0020709378, 0.013147633, 0.01678538, -0.0037923926, 0.00093196775, -0.007900267, -0.0026278256, -0.0044041993, 0.0060023097, 0.0038874883, 0.011203898, 0.0144108, -0.0096952915, -0.013699091, -0.002276413, 0.019800939, 0.0021247333, 0.010121672, 0.017820854, 0.004979273, -0.00046909973, 0.001579394, 0.0004934799, 0.0010785119, 0.016707586, 0.014402229, -0.0032628388, 0.008152926, 0.0006581599, 0.006943888, 0.027604103, 0.009899764, -0.007959177, -0.0007932839, -0.001487977, -0.006989545, -0.0060986234, 0.020591585, -0.001261876, 0.0022003064, -0.008966326, 0.0013633713, -0.018559605, 0.010414256, 0.0052907118, 0.011406575, -0.010077819, 0.0057672993, -0.016233433, -0.0035657063, 0.012164957, -0.01999874, -0.01402927, 0.0041595865, -0.011393266, -0.009779702, 0.006801467, -0.0049618953, -0.0045351246, 0.007186222, 0.045794763, -0.0036387928, 0.0001348254, 0.006561951, 0.0049267197, 0.017150812, -0.0012450013, -0.009209606, 0.0001756034, 0.0049800086, 0.0058544027, 0.013240371, -0.012699443, 0.0016582925, -0.0035373273, -0.011439337, 0.008421549, -0.012419569, 0.017001199, -0.009525894, 0.0056007206, 0.007386976, 0.099370174, -0.0025473114, -0.014125471, -0.009229478, -0.011434997, -0.01309617, -0.008609342, 0.014095708, -0.0039016376, -0.011395934, 0.0015469862, -0.0179433, -0.00488226, 0.005042694, 0.020721585, 0.005389244, 0.01144921, -0.0013605237, -0.0032947252, -0.0175092, -0.013563892, 0.009479371, -0.0200137, -0.004522609, 0.00239544, -0.0017368412, -0.0024866257, 0.0073062326, -0.0025889783, 0.01238495, -0.010255131, -0.017670447, 0.013988736, 0.010512736, 0.005982318, -0.005098696, -0.009018101, -0.002342114, 0.011897115, -0.0025440913, -0.009472971, 0.0279035, 0.0023898175, -0.0005947293, -0.016743645, -0.002568468, 0.00041010528, 0.003415593, -0.022303542, -0.005419644, 0.012393622, 0.0026385745, 0.001292528, 0.004220406, 0.0027572326, 0.004193466, 0.0028343988, -0.007788982, 0.019006342, 0.0051517026, 0.0014720958, 0.010636108, 0.031812254, -0.0076207696, 0.010489433, 0.001734597, 0.0003727296, 0.001863934, 0.008689936, 0.004480433, 0.029184176, 0.023769416, -0.014558396, -0.00043337187, 0.014460844, 0.015361226, 4.0686347e-05, -0.0031332932, -0.0009767761, 0.013440933, 0.0054285727, 0.013427595, -0.009705455, 0.009851951, 0.014811121, 0.011474746, 0.002016705, -0.016614802, 0.011683012, -0.020832926, 0.03857425, -0.008582475, 0.002120465, -0.008288721, -0.0027968937, -0.0046153874, -0.004442013, -0.004607203, -0.007504249, -0.008311511, 0.0122871585, -0.010828094, 0.0032400424, 0.0077589033, -0.0040038964, -0.008786211, 0.009027222, -0.024454638, -0.0006076751, 0.00262833, 0.006104933, 0.00914786, 0.006148712, 0.0029709483, 0.009399426, -0.013914001, 0.0058869417, -0.020066207, 0.002616191, -0.00889697, 0.0006102091, -0.007343618, -0.012113542, 0.0004192318, -0.0016628501, 0.0017719243, 0.0025761873, 0.024172714, -0.0102965925, -0.014561873, -0.0009972255, 0.006521652, -0.0012680439, 0.0069915713, 0.013400091, 0.008743257, -0.002733206, -0.002281231, -0.0065006334, 0.00485868, -0.0029307604, -0.001334832, 0.021684708, 0.005405855, -0.009105313, -0.0065359394, -0.0013321701, 0.0026314408, 0.0026346976, 0.018599905, -0.009116257, -0.0024459278, -0.0063352, 0.0039083334, -0.0020144964, 0.007945938, 0.012489809, -0.010744803, 0.016354738, 0.011689683, -0.0029802753, -0.04869737, 0.0075882026, 0.011229581, 0.00892329, 0.0050637703, -0.008725623, -0.0001283581, 0.0016739827, 0.014611992, 0.0006862023, -0.009909271, -0.007652503, 0.00094983674, -0.0076569645, 0.008747118, 0.0044020084, -0.00969846, -0.0027083806, -0.01687335, -0.005681582, -0.016310817, -0.017834146, 0.0016298704, 0.008643788, 0.000978357, 0.0069718454, -0.0104424255, 0.01563616, 0.0017350933, -0.010877297, 0.005144737, 0.004379938, -0.008530164, 0.002721829, 0.0007945464, -0.014385779, 0.02305598, 0.0056405873, 0.01497007, 0.0023480537, 0.02152021, 0.006438023, 0.0013206727, 0.016214639, -0.006892307, 0.00026280183, 0.01287128, 0.004529066, -0.007393348, -0.0007579636, 0.0076329643, 0.0044538197, -0.00078620174, 0.0011287676, 0.002584715, 0.0052335155, 0.019639736, -0.0008902361, -0.014252799, -0.027189225, 0.009204716, 0.0074163307, -0.019192679, -0.005113425, -0.022961717, 0.0062907087, 0.001304056, -0.013693011, 0.0062808185, 0.008165839, -0.007423162, -0.011355771, -0.0026603916, 0.020031642, -0.020829763, 0.0010458472, 0.009081393, 0.01376156, 0.005408602, 0.01032415, -0.016838674, 0.017341953, -0.0070448853, -0.017159387, -0.01470231, -0.016034856, -0.0038657975, -0.034143586, -0.014101499, 0.0061505535, -0.0035755453, 0.00732463, -0.009080336, -0.0038935589, -0.016296452, -0.006177199, -0.007884521, 0.010459765, 0.01160978, 0.0040238216, -0.015271195, -0.002737413, -0.009496717, -0.00714287, -0.0057837265, 0.00091808545, 0.01349004, 0.009345949, -0.021275865, -0.0009209512, 7.672338e-05, 0.0145324925, 0.0029696114, -0.0042383987, -0.013795878, 3.6874382e-05, 0.017356088, -0.007865857, -0.005180632, -0.010106539, -0.0134940855, 0.007840136, 0.023357725, -0.022151664, -0.0188928, -0.016124062, 0.022757584, 0.00739024, 0.028552637, -0.004244163, -0.016026918, 0.0014203324, 0.00071421266, 0.009050619, 0.0016067214, 0.012438347, 0.008574444, 0.0054576118, -0.02161136, 0.0026534298, 0.0031575938, -0.01807142, -0.0016637775, -0.008458633, -0.0009748613, -0.0039712456, -0.0045184377, -0.00043030852, 0.0018187513, -0.013574801, -0.0022260875, 0.009774158, 0.01601459, 0.016093202, 0.014408027, 0.004342555, -0.010274364, -0.0015162154, -0.005113024, -0.018168619, 0.008387629, 0.014872271, 0.0095755, 0.009949899, 0.019927213, -0.011283613, 0.004131771, -0.013776444, 0.0025728534, -0.018582061, 0.00030306476, -0.008822664, -0.0058045643, 0.018349264, 0.0032298805, -0.014230792, -0.0015976722, 0.0009778751, 0.0010747064, 0.0012256, -0.011952984, 0.0016914754, -0.015688796, 0.009032798, 0.00031547743, -0.005257413, -0.012415339, -0.00339328, -0.0016777766, 0.0027252168, 0.023717877, 0.015352629, -0.0029166816, -0.009630351, 0.01358383, -0.004191108, -0.011029045, 0.010876208, 0.0066326167, -0.017344313, 0.010455121, 0.00448432, -0.012524549, 0.0037196435, -0.004394077, -0.07031942, 0.0035343284, 0.007711187, 0.007989802, -0.025466278, 0.017354274, -0.005804197, 0.016538689, 0.014105269, -0.010584554, -0.011581498, 0.010520538, 0.011742626, -0.018625252, 0.00013252419, -0.026777526, 0.015083198, -0.0081441775, 0.006877336, -0.002020559, -0.0064298883, 0.010019538, 0.01992363, -0.008450818, -0.0037202712, 0.015886884, -0.0075250966, -0.013161913, 0.015703771, -0.010688876, 0.0103881555, 0.0065201656, -0.0013857994, 0.010291987, 0.017734896, 0.0125085, 0.011871682, -0.0022893269, -0.14611122, 0.008008159, 0.0050348495, -0.021811675, -0.0072690984, 0.0072259707, 0.00089497486, -0.0025718152, -0.0019317721, -0.012747091, 0.013987641, 0.0065915682, -0.00094884017, -0.004762013, 0.020434018, 0.00014290199, 0.0009595674, 0.012523468, -0.016897783, -0.008051975, -0.017486515, -0.011623448, -0.0026294799, 0.0050085597, -0.015903823, -0.009327568, 0.0018315864, -0.0023319551, 0.0077822777, 0.0061216666, 0.012876663, -0.0019812428, -0.011063072, -0.012689343, 0.0064306124, -0.004335928, -0.009952431, -0.0075467355, 0.0018611227, -0.0093313055, 0.011195702, 0.0055111386, 0.016924739, 0.009214923, -0.0074945097, 0.0011572879, 0.002555846, 0.014533203, -0.009879303, -0.009348989, -0.004146763, -0.003766391, -0.0161246, -0.001044076, 0.00044694354, -0.019104788, 0.0029512192, -0.013665496, -0.0004969216, 0.008143388, -0.009822971, 0.003442487, 0.013852363, 0.0062704333, -0.0067286757, 0.015624812, 0.0033110774, -0.005559851, 0.002747428, 0.025663523, 0.0037028436, 0.008085762, 0.014759333, -0.007323112, 0.019360045, -0.007870332, 0.0045365365, 0.013427548, 0.003777409, -0.015822703, 0.01002017, -0.000774672, 0.0007249928, 0.00695412, 0.01625612, -0.0065889233, -0.0067146723, -0.02661742, 0.013718142, -0.036424052, -0.026712105, -0.0066029322, -0.028415915, 0.017134193, -0.011773679, 0.0055031115, -0.025396757, 0.03589285, 0.0017794713, -0.013955725, 0.015467172, -0.010265314, -0.025701333, 0.014891295, -0.011434122, -0.01178709, -0.00880923, -0.01854711, -0.0073617594, 0.005936173, -0.025704367, 0.02049669, 0.017686216, 0.0031579488, -0.026076833, -0.010918474, 0.0104178665, -0.00066134706, -0.0019225935, -0.0055510122, 0.01911081, 0.005857551, 0.020444216, -0.021725088, 0.0017931992, 0.004064073, -0.0049552596, -0.029514462, 0.021620631, 0.013815527, 0.0136880595, -0.0166133, 0.008389256, -0.007655265, 0.005300828, -0.024721079, 0.0150946705, -0.0056216777, 0.014514947, 0.0039232573, 0.004968241, 0.0021400633, 0.00611675, 0.026358597, -0.0026753475, 0.014176171, -0.008627164, 0.0041036503, 0.044046216, 0.0074090157, 0.0010162572, 0.013284586, 0.015984, 0.022446843, 0.009469354, 0.0065180236, 0.0036916523, -0.036494736, -0.027086018, 0.002488553, -0.01860615, -0.0176771, -0.0032616698, -0.01043644, 0.0051652654, -0.0142761255, -0.00371118, -0.024524314, -0.01739117, 0.0068622637, 0.013630033, -0.0039478336, 0.011195419, 0.03216283, -0.012765206, -0.008772463, -0.019263487, -0.012221753, 0.016821152, -0.011077728, 0.0008967986, 0.0074796877, 0.00740402, -0.004200879, -0.008981902, 0.0012431545, -0.0125781195, -0.0050484496, -0.0046997056, 0.012795469, 0.008616459, -0.0066338195, 0.006563418, -0.003724642, -0.016478267, 0.009945431, -0.01275187, -0.0081527075, -0.008311161, 0.002118906, -0.024507077, -0.004835598, -0.00499223, -0.14394733, -0.013939103, -0.015439199, 0.01217677, 0.012883361, -0.018558685, -0.0037488714, -0.002585696, 0.0018516671, 0.003413116, -0.014664846, -0.004733974, -0.0057670693, 0.010509758, 0.012146714, -0.0010191728, 0.013516367, -0.0040494925, -0.018814335, -0.009879295, -0.032740936, 0.0055387574, -0.01531233, -0.011976406, 0.0046678707, -0.009585625, 0.0068591083, 0.022046793, -0.0050774906, 0.013952351, 0.00203611, -0.010078715, 0.01431499, -0.00052647927, 0.011325664, 0.004189521, -0.013577347, 0.0030112586, -0.005003756, 0.009570479, -0.016997537, 0.0052927216, 0.01882318, -0.01721522, -0.0028337715, 0.0057900385, 0.016762787, 0.008634309, -0.025102017, -0.012038482, 0.0079521, -0.020177197, 0.004098586, -0.0001397658, -0.0013288048, -0.008417845, 0.00034174163, 0.0032793605, 0.019095205, 0.01793273, 0.008856765, -0.014620761, -0.0100685805, 0.002728217, -0.007487885, -0.009727911, 0.007935884, 0.14152502, -0.012676292, -0.0053667137, 0.016099216, 0.0031371443, 0.020893358, -0.0037977174, 0.015625793, 0.0023676641, -0.018718716, 0.011890689, 0.0055786213, -0.0077144266, -0.022549136, 0.0021664456, -0.019061677, -0.00919933, 0.028731732, 0.0051474418, 0.0006267401, 0.012872566, 0.03340733, -0.017013947, -0.008961584, -0.02613904, 0.0058440156, 0.015697086, 0.004835986, 0.011461571, 0.005186286, 0.038088404, 0.011373883, -0.014713845, 0.0038190251, -0.024106706, 0.0049169394, 0.012852196, -0.00339615, -0.0184537, 0.0031967387, -0.011035287, 0.024264513, 0.025620818, -0.025985569, -0.0066205733, -0.023058623, -0.0088465465, 0.028821686, -0.0023595332, 0.0330804, 0.009970799, -0.02047643, -0.0032418792, -0.011453759, 0.014656789, 0.0039083264, 0.0011327779, -0.025270749, -0.005871252, 0.0076477146, 0.022117177, -0.000763407, -0.0050310297, 0.0059904233, 0.017739456, 0.0037310922, 0.009187591, 0.010450777, 0.010270677, -0.1335521, -0.013220206, -0.0055942168, -0.0033177468, 0.009837078, 0.001955825, 0.0038015656, -0.0034789066, 0.007400692, 0.0004991531, 0.006621164, -0.0012845169, -0.025320066, 0.010689656, -0.0031264084, 0.015575595, 0.0020460756, 0.010609962, 0.00695172, -0.010013825, -0.0005196656, -0.014134622, 0.007906656, -0.008436872, -0.004604453, 0.00013840286, -0.001417382, 0.011642206, -0.0057205986, -0.005197303, -0.030643038, 0.013020774, -0.0028058058, -0.014254141, -0.012452787, 0.034208328, -0.008044459, -0.020804418, -0.006214479, 0.008393323, -0.01023594, -0.012597522, 0.005735568, 0.018005893, -0.01583407, 6.779093e-05, -0.013127083, -0.0014517556, 0.0071818354, -0.016834445, -0.0066916184, -0.0102305375, 0.006959535, 0.005313629, -0.01112722, 0.026361918, 0.0111475, 0.0023768682, -0.0028994677, -0.00057685043, -0.004603275, 0.0066505824, 0.004469036, 0.007780703, 0.02135974, -0.021667687, 0.008312805, 0.011816395, 0.0065010944, -0.0018628632, 0.0038389717, -0.0056180856, -0.0077486383, -0.0049949083, -0.00015069266, -0.0058699376, 0.017923065, 0.017312186, -0.01644245, 0.009559774, -0.005839651, -0.0069625806, -0.0043610223, -0.008790831, 0.041685265, 0.0029505168, 0.021282101, -0.019904396, 0.013956457, 0.009806178, -0.005910061, 0.008441364, -0.021376295, -0.001096356, 0.004560491, 0.005023663, -0.00412475, 0.01980342, 0.0072212378, 0.005043287, -0.014404506, -0.013340174, -0.0034786377, -0.0032858702, 0.006794702, -0.010856332, -0.010492904, 0.0062820422, 0.031188952, -1.4424279e-05, -0.000500044, 0.014299256, -0.010333832, 0.0026319213, 0.017079724, 0.0066531184, 0.011579746, 0.015466882, -0.02235896, -0.009409443, 0.013465925, 0.00024987152, 0.011800387, 0.0035628253, -0.01916269, 0.016966866, -0.0031695466, -0.0035913894, 0.0016277476, -0.008347883, 0.0010343953, 0.02536007, 0.013932242, 0.021758845, 0.0020952637, 0.028137038, 0.017436814, 0.010782411, 0.0006786525, 0.012045415, 0.023439458, -0.006676158, 0.005954865, -0.0027618015, -0.008121248, -0.0070310123, 0.014103315, 0.0173262, -0.005023637, -0.011537601, 0.0034571222, -0.011392276, -0.0020649577, 0.012272993, -0.0020836126, -0.012762635, 0.0035457083, 0.0128914565, 0.009731314, 0.014123577, -0.009377111, 0.0008322829, -0.021941835, 0.0041297222, 0.015788559, 0.00017672087, 0.0011389621, -0.009740437, -0.006359467, 0.0004740124, -0.011192935, -0.008816194, 0.014477851, -0.015429385, -0.008659485, 0.005447617, 0.01053766, 0.02090725, 0.0027509232, -0.061931998, -0.007403043, -0.00071567437, 0.011323157, -0.004840717, -0.0013393272, 0.013005226, 0.0072834883, -0.023172142, -0.013945999, 0.03416589, -0.014327682, -0.0035418745, 0.0029986764, 0.007364745, -0.006727057, -0.01335135, 0.008323436, 0.0017717319, -0.03509859, -0.0025516439, -0.00013139941, 0.013867433, 0.002801041, -0.0076103695, -0.014169456, 0.0033894277, 0.010179457, 4.93916e-05, 0.006673222, -0.0145358415, -0.012005628, 0.0073289564, -0.008204479, 0.011243225, 0.0271786, 0.004965746, 0.007607664, 0.007609171, -0.069291554, 0.0065669892, -0.007171288, -0.08980096, 0.013037581, -0.0027681142, 0.0109057585, -0.009026225, -0.022940474, 0.005035733, -0.0037953495, 0.016064888, -0.014733474, -0.0016208282, -0.0057094283, 0.006399495, 0.02181148, -0.008210301, -0.0025701874, -0.008818664, -0.024176218, 2.6188487e-05, -0.005758492, 0.011822864, 0.009904712, -0.0015350404, -0.007385208, 0.01114183, 0.0047292006, -0.012069871, 0.013843964, 0.012520656, -0.002820153, -0.019327205, 0.009138392, -0.01311708, 0.0071821315, 0.007059197, 0.0027813513, 0.0009933282, 0.01167065, -0.017081019, 0.0010070924, 0.026108317, 0.037272837, -0.0015530429, -0.021084625, 0.013926429, -0.110784985, 0.0097427685, -0.0095812455, -0.0013492488, 0.020599276, 0.00087229064, -0.0073813167, 0.07301744, -0.012005011, 0.0021700326, 0.017570956, 0.0010260618, 0.0022113698, -0.022116497, -0.011046504, -0.015587278, -0.009699917, -0.0010586669, -0.004928304, -0.021861289, -0.0107587995, 0.01755353, -0.005304601, -0.00074469845, -0.021849982, -0.035246506, 0.0038613316, -0.01752461, 0.0052316636, 0.016247118, 0.0072287144, -0.0007596228, -0.007112147, -0.015000775, -0.018352164, -0.0050111176, 0.0036336666, -0.003700625, -0.0016900304, 0.0011046333, -0.013995568, -0.01947926, -0.023962565, -0.0015010166, -0.018006455, 0.003483105, 0.012892488, -0.0042848424, 0.01120954, -0.017591719, -0.020728962, 0.0038036779, -0.0076542054, 0.0037047763, 0.023430428, 0.0050169416, 0.005024702, -0.031916108, 0.025198948, -0.0019795944, 0.033458102, 0.008754435, 0.0037860896, 0.005434659, 0.006211499, -0.03207785, -0.019951047, -0.020614179, -0.007557527, 0.011331622, 0.004731656, -0.0010134276, -0.0015404387, -0.023199942, 0.012324969, 0.016461639, -0.005778327, 0.008468707, -0.026910897, -0.003640519, 0.0018398796, 0.004713565, 0.003408337, 0.0018251761, -0.005332731, -0.011324053, -0.0050159968, 0.017441118, 0.010595145, -0.0103844665, 0.010122038, -0.0028388975, -0.01544967, 0.01941322, 0.0025284241, -0.010922128, -0.014419273, 0.023941029, 0.0030221026, -0.004197702, 0.01007999, -0.017517947, -0.019741124, -0.02119819, 0.00030586534, 0.023047443, 0.007196097, -0.014465991, -0.0022640317, 0.02165373, -0.01130819, 0.0034753317, 0.0034032306, 0.001242602, 0.005894848, -0.009081222, -0.006435673, 0.004004931, -0.025789054, -0.009500178, -0.0034516316, -0.0021109201, 0.016071472, -0.024312424, 5.567732e-05, -0.0011901268, -0.002532303, -0.007216428, 0.025995925, -0.01682701, -0.0031265435, -0.019099401, 0.0015012418, -0.006682875, -0.0018092233, 0.0003445807, -0.017235214, 0.018256959, -0.019301463, -0.0059120115, -0.0011034936, -0.0116238, 0.0039859144, -0.012507636, -0.020380408, 0.009155386, 0.02613917, -0.014619095, -0.004272316, 0.014067558, -0.015160724, -0.010432249, 0.016582806, 0.0022560232, -0.002969263, 0.0049920157, 0.020099858, -0.022358729, -0.006362987, 0.033437427, 0.004931458, -0.016176363, 0.0071039028, 0.014581356, -0.0022585115, -0.0008470845, 0.004733828, 0.026111286, 0.008156051, -0.0016765748, 0.0039864564, 0.010421075, 0.016566016, -0.006407341, 0.050341588, -0.0048851618, -0.0042181453, 0.0020319477, 0.013072049, -0.007112343, 0.015101029, 0.0051592668, -0.0068231765, 0.016340636, 0.007101306, -0.0016613868, 0.0031165502, -0.012709803, 0.02323818, 0.0030571073, 0.0017909927, 0.01017508, 0.029577391, 0.0024435865, -0.004373232, 0.008825075, -0.019906394, -0.012235447, -0.0012335138, -0.0060463673, -0.025701895, -0.009422983, 0.0051608216, 0.0032289843, 0.006386354, 0.02308432, -0.044199467, -0.0031189222, 0.00805683, 0.004724676, 0.006054567, -0.025804613, 0.014687665, 0.021385556, -0.010715943, 0.007968775, 0.04307121, -0.024612237, -0.014253663, -0.00057716697, 0.0013760647, 0.018897837, 0.010051196, -0.0061119706, -0.0151012745, -0.02466055, 0.010062789, -0.010998132, 0.0023883828, -0.009529714, -0.011368956, 0.022299586, -0.018894495, 0.015491748, -0.018083816, -0.0014845342, -0.0117326, -0.0011103795, -0.002454198, -0.010290738, -0.00051190826, 0.029750755, 0.022193916, 0.002393748, -0.011555346, -0.004633363, -0.016238714, -0.013753118, 0.0092507955, -0.017799063, 0.012941895, -0.021057347, -0.01880517, 0.0060172966, -0.021728545, 0.009197734, -0.016670773, -0.032657437, 0.010140207, 0.0116489455, 0.0025373762, -0.012959688, 0.007374457, 0.0140604535, -0.03681101, 0.0048741507, 0.006217022, -0.0026647123, 0.005197549, -0.018647011, -0.005490936, 0.00746395, -0.027723506, -0.020356644, -0.003284226, -0.011438199, -0.005456003, -0.005653519, -0.02431827, -0.0032854571, 0.0025017376, 0.0095867915, 0.016824476, 0.007914246, 0.0056331656, -0.013677813, 0.016298952, -0.006015854, 0.018697135, 0.00075091794, 0.008626892, -0.006171423, 0.007697281, -0.00996711, -0.013362731, -0.009896643, 0.005981481, -0.011540702, 0.007713418, 0.022941895, 0.009685016, -0.0060607875, -0.008315814, -0.025681168, -0.0050314683, 0.016536001, -0.00095832255, -0.002616992, 0.00017427551, 0.008290037, 0.007953755, -0.000757811, -0.012151534, 0.017360926, 0.0013881692, 0.0031539386, 0.010811125, 0.009448265, 0.006507087, -0.010600359, 0.0025099553, 0.0035423413, 0.003194135, 0.002391342, -0.0016578274, 0.011716511, -0.008766675, 0.019758921, 0.01585225, 0.013203702, 0.020103542, -0.0134013835, 0.00066965056, -0.009519027, -0.0025944612, -0.007699399, 0.02476171, 0.019468216, -0.031751607, 0.0052045425, -0.0022182977, 0.03814968, 0.0148231005, 0.0044036987, -0.0028052907, 0.00278499, 0.010146313, -0.0041137347, -0.0025823591, -0.000679945, -0.02866676, -0.0010892155, -0.00061772764, 0.009198468, 0.009637172, 0.0073500243, -0.010991211, 0.012971636, -0.0020961356, -0.01281024, -0.004837023, -0.011736924, -0.0014949542, 0.0120737245, -0.009474926, -0.0101753045, 0.0020567141, -0.012828608, -0.0041434923, 0.024051301, -0.023483051, 0.041987885, 0.008227073, 0.0023530757, -0.010747628, 0.0039913687, -0.012826016, 0.010744259, -0.008943761, 0.0014869194, 0.01019325, 0.007358269, -0.01100904, -0.0028012332, 0.0015929237, -0.002046548, -0.013634688, 0.015196796, 0.0023709089, -0.006400678, -0.004698527, -0.013904793, 0.012155245, -0.011847229, 0.0069009173, -0.0041378746, -0.025989067, -0.009013504, 0.017444232, 0.014801414, -0.000929443, -0.019032188, 0.039838105, -0.002885434, 0.0047559896, 0.01874983, 0.002960342, -0.0063149417, -0.016106457, 0.031807844, -0.007677308, 0.000103534716, 0.008908119, 0.005303227, -0.030919686, 0.00029631777, -0.017753068, 0.025934529, 0.02042719, -0.024324017, 0.003408292, -0.011222658, 0.016262813, 0.006550177, 0.028623115, 0.0052857194, -0.009814662, 0.011358332, 0.023796527, -0.0022193668, 0.027662136, 0.0017149862, -0.008294674, 0.008974761, -0.019658942, 0.033315774, 0.004388566, 0.01782868, -0.0040591736, 0.029778661, -0.009065598, -0.007408847, -0.012997588, -0.00589537, 0.0011770391, 0.013058815, 0.011979679, 0.012948122, -0.017813874, -0.014509099, 0.026985211, -0.035738938, 0.0039323233, 0.01543665, -0.02736141, -0.0013748651, -0.01161653, 0.00011361282, 0.009992175, 0.012613138, -0.0015883249, -0.0261155, -0.0040542325, -0.005128251, -0.005295037, -0.006338256, 0.005860737, 0.022217194, -0.0013835669, 0.011847112, -0.06126144, -0.01205711, -0.039447803, -0.015485764, -0.005404198, 0.031792983, 0.0026601849, 0.010984315, 0.013813495, -0.033914346, -0.01574625, 0.018081428, 0.01864648, -0.00013617436, 0.014672131, -0.004963113, -0.021963626, -0.012091108, 0.014158133, -0.0038040655, -0.005376301, 0.028622208, 0.0029649916, -0.021929748, -0.034730103, -0.0013480387, -0.006081319, 0.009799032, -0.0043599727, -0.0007806131, -0.008229779, 0.0074101645, -0.0025214124, -0.015173822, -0.023348125, -0.0014913639, 0.0079584895, -0.016755357, -0.009903912, -0.0051997886, -0.014235712, 0.002133641, -0.007120518, -0.025942696, 0.008809019, -0.0019761098, 0.009616437, 0.008899898, 0.006888554, -0.0026970035, 0.016953155, 0.009902788, 0.005484868, -0.004468393, 0.004122769, -0.0068345484, 0.00080235064, 0.004229611, 0.0013796116, -0.0006287746, 0.0075856224, -0.0041542775, -0.017589767, -0.02021113, -0.012102624, -0.02034182, 0.0028006043, 0.012760479, 0.0108177615, -0.027731044, -0.0060667885, 0.02581907, -0.010368853, 0.008623889, 0.030087925, 0.0054828958, -0.045309693, -0.018318027, -0.02013859, 0.006492033, -0.005347142, -0.0039049413, -0.010544163, -0.016826153, 0.015864367, 0.0052407063, -0.004507066, 0.008190587, 2.356198e-05, -0.0017969316, -0.0035951966, -0.0018544975, -0.028065355, 0.0065634, -9.789766e-05, -0.0017583694, 0.0070015923, -0.0169733, -0.012229248, 0.0032025815, 0.014202967, -0.011589596, 0.005823353, -0.008467685, -0.013973529, 0.017506873, 0.007661237, 0.015508089, 0.0065698647, 0.00988826, -0.008849866, -0.015291924, 0.022960035, 0.008467639, 0.013147226, 0.00086684746, -0.007842922, -0.0074498006, 0.0041207997, 0.0063571716, -0.009357177, -0.001148741, 0.010688635, 0.022766342, -0.009275551, -0.008596144, -0.011916384, -0.0029522246, -0.016721018, 0.0023148651, -0.011969821, -0.010839022, 0.012660201, 0.021046575, -0.0038773913, -0.004808179, 0.009970107, 0.020613028, 0.013331093, 0.00086063315, 0.019708687, 0.015969122, -0.0018356519, -0.01974486, 0.00010052761, 0.0024434498, -0.010568417, 0.0073346053, 0.014296586, 0.006212922, -0.0008469059, -0.002029317, -0.0056815324, 0.0016620886, 0.009309792, -0.010920629, 0.028316928, -0.007213249, 0.015422213, -0.011421424, 0.014958369, 0.004984937, 0.003133859, -0.0044755093, -0.011147043, 0.0015000673, -0.0022129563, -0.012979987, 0.025269706, -0.011227868, 0.017886331, -0.016119307, 0.0009851182, -0.022426505, 0.0043474846, 0.020470632, -0.006530017, -0.0110715125, -0.011828496, 0.0021212928, 0.025457071, 0.0004586336, -0.019706031, 0.005195953, 0.006114101, 0.016679794, 0.022313436, -0.006558009, -0.0062968405, -0.014910262, 0.019680072, -0.0050594206, 0.013805136, -0.016411657, -0.017860243, -0.0075533264, 0.011976582, 0.023052296, 0.014510075, -0.013596918, -0.020726977, -0.019144585, -0.0169313, 0.016680114, -0.0030697857, 0.008577901, -0.007261201, 0.034977205, 0.016219394, 0.004664119, -0.004416933, 0.029770847, 0.0040267566, -0.025740154, -0.012710217, -0.01382036, 0.17865019, 0.12030994, -0.0071227904, -0.0048021404, -0.011958739, -0.0004518493, -0.018140532, 0.005205683, 0.003363259, 0.0047539966, -0.0013038145, 0.004737447, 0.012590419, -0.0017047417, 0.0010204585, -0.010309291, -0.007463334, 0.0030372364, 0.0021073327, -0.0025989064, 0.0058577987, 0.020736353, -0.010391192, 0.003300506, 0.008566039, -0.023268458, 0.01020582, -0.009460181, 0.02854026, 0.00028358432, -0.012198432, 0.007787061, -0.007488821, 0.0046953, -0.0035301524, -0.00860841, 0.029715054, 0.014459673, -0.013624419, -0.011001161, -0.00032516074, 0.0034187387, 0.0017141728, -0.014224861, 0.023579538, 0.008866487, 0.0017216377, 0.00335472, -0.008667856, -0.0076345038, -0.0019976357, 0.0027164833, 0.005853245, -0.014152618, -0.017019868, -0.006066314, 0.01910991, 0.00094063644, -0.003920052, 0.002768644, -0.0057645077, -0.009556244, -0.008732921, -0.008525224, 0.035587177, 0.007961314, -0.012337929, -0.0058683706, -0.010129264, 0.01015283, 0.015043675, -0.009773506, 0.017914327, -0.0047276462, 0.008311498, -0.016441768, 0.0052451277, 0.009177977, -0.0063264263, -0.006497892, -0.009235742, -0.00031391, -0.0016103889, 0.0015778673, -0.017632492, 0.008720388, 0.021600429, 0.0056503247, 0.1340291, 0.0051723444, -0.01220621, -0.011530605, 0.014243273, 0.0010378347, 0.004338539, 0.04417699, -0.0054609384, -0.01480198, 0.022468904, -0.006764784, -0.00053746405, -0.016692841, 0.00747635, -0.017181426, 0.016192058, 0.051617187, 0.0076439683, -0.0028515954, -0.0031632166, -0.010607635, -0.025994016, 0.007674837, -0.014100832, 0.021860503, -0.0011550603, 0.0048457184, 0.0057396987, -0.008445153, -0.087695524, -0.013091293, -0.005476917, 0.0036706894, 0.01760921, 0.004176806, -0.0039439932, 0.006709515, 0.0049273428, -0.011089453, 0.012012699, -0.0026575187, 0.01683408, 0.007890963, -0.0029652733, -0.010775723, -0.0061674975, -0.005344102, -0.015757227, 0.014850539, 0.015017501, -0.0019655402, -0.009258375, 0.014134148, -0.004046936, 0.025614055, -0.010152935, -0.008557238, 0.0024291635, 0.008759636, -0.011889597, 0.0005369363, 0.001052651, -0.016680064, -0.009217948, 0.023826025, -0.005650907, 0.016352454, -0.012561584, -0.015694426, 0.021706672, -0.0078028506, 0.020232756, -0.037976146, 0.0030358771, -0.010560425, 0.010727931, -0.019880528, -0.01476852, -0.020750191, 0.048505273, 0.011746458, -0.010941408, 0.004908108, 0.008292251, 0.011647349, -0.0065571466, -0.003322799, -0.0029935038, 0.016036065, -0.0016535886, 0.010501352, -0.022650136, -0.0022202693, -0.031035045, -0.01069237, 0.0035935913, 0.014069448, -0.0061026704, 3.4058543e-05, 0.0002396439, -0.0193289, 0.008066514, -0.007043377, -0.0010555506, -0.013547291, -0.016260862, 0.019203883, -0.0012308873, -0.011682342, 0.012945276, 0.0021111185, -0.010691912, 0.13833928, 0.02519544, 0.016602213, -0.020883458, 0.011056411, 0.014542173, 0.018402321, -0.005825102, -0.0017763447, -0.016924683, 0.007716431, 0.0031724304, -0.009905859, -0.013724384, 0.013560509, 0.017138207, -0.01541839, -0.01657398, 0.004231917, -0.01138902, -0.00041422492, 0.01270763, 0.013257762, -0.0014946201, -0.0013516615, 0.0048019574, -0.023889076, 0.001090251, -0.008211328, 0.00200506, 0.009599126, 0.0027569358, -0.0037818789, -0.011459675, -0.011896872, -0.00039971157, -0.014764295, 0.010194194, 0.0015814602, -0.010214423, 0.024488317, 0.0035552608, -0.0068807397, -0.0126801515, -0.045663394, 0.19509393, -0.022320697, 0.013756714, 0.0103124995, -0.014472305, 0.0044737947, 0.011720898, -0.0035122046, -0.013448253, 0.008639101, 0.000499447, 0.023035057, -0.0025761137, 0.010403681, -0.028421903, -0.008349791, -0.015966637, -0.007909181, 0.0035106596, 0.016735366, 0.017920658, -0.0022048699, -0.014121446, -0.01245945, 0.0039895973, -0.023503177, -0.004251456, -0.010675313, -0.018568862, 0.002061592, 0.012866801, 0.017304601, 0.018364515, -0.0071956418, -0.004123315, -0.021452807, 0.0020683242, 0.0056873793, -0.004978881, -0.004279338, -0.012336379, 0.014870781, 0.0005997171, 0.022412017, -0.002683866, 0.0058873217, -0.014323146, 0.01633269, 0.00283574, 0.037189495, -0.013654204, -0.006867911, -0.012204269, 0.0047038323, 0.0051088342, -0.0043399697, 0.026493458, -0.02129539, -0.019753398, 0.0061784894, -0.00086186035, -0.0009566044, 0.0017182463, -0.0050712526, -0.010582919, 0.014501172, -0.0012858594]}, {'values': [0.008262745, -0.0020646383, 0.0035470105, -0.06425429, -0.0127346525, -0.018763857, 0.019673888, -0.00046356532, -0.0056350315, 0.010579177, -0.019633995, -0.010263704, -0.0029904437, -0.02410605, 0.1190735, -0.029778702, 0.014068429, 0.027013088, -0.00027249125, -0.022515936, 0.016550725, 0.0014616773, 0.024003517, 0.0024441443, -0.023838943, -0.0136519475, 0.008673114, 0.008848458, 0.06601045, -0.0050230655, -0.0058570337, 0.0045687445, 0.009444436, 0.01104595, -0.002705338, 0.0267059, 0.013055191, -0.0023151697, -0.018059157, 0.0069822767, -0.033061102, 0.011989192, 0.002206632, -0.009344936, -0.017491227, -0.0124064265, -0.0034701284, -0.021586701, 0.002759893, 0.018540464, -0.02077685, -0.0016377252, 0.011681226, -0.1462852, 0.014873965, -0.0008653465, -0.020070564, 0.016774984, -0.023262756, 0.000402274, -0.00874505, 0.00833484, 0.0058266944, -0.010815126, 0.013939474, -0.034011655, -0.0049900473, -0.024584247, 0.004382607, 0.028074501, 0.019358726, -0.0060328934, 0.0027197583, 0.03857725, -0.0106222, -0.027269516, 0.0006531545, -0.020833442, 0.0031654886, 0.0315059, -0.024251882, 0.0012308587, 0.00032459374, -0.02781034, 0.007745026, -0.0043285964, 0.008073509, -0.008604185, -0.0054598744, -0.008353051, -0.008089349, -0.0032182515, 0.022388201, 0.0126801105, -0.02474699, -0.017237524, -0.0043161716, -0.01020819, -0.015678309, -0.005280877, 0.0134765515, -0.017867792, 0.025339454, -0.014067407, 0.011350618, 0.009443395, 0.020605925, 0.029248277, -0.007692828, 0.01357066, 0.02374907, -0.009333042, 0.033148814, 0.007657602, -0.0017600486, -0.1930178, 0.0041274983, -0.020056328, -0.00032493513, 1.1502672e-06, 0.008020277, 0.020305341, 0.020917367, 0.00418066, -0.04076683, -0.023423836, 0.015135217, 0.004361646, -0.0078045675, -0.0019979856, -0.0053192107, 0.004408649, 0.0039549107, 0.024184715, -0.0057534347, 0.0033790949, -0.013055671, -0.0041541047, 0.012950764, 0.0057537355, 0.012790569, -0.0017046911, 0.0007107726, -0.015622828, -0.004245799, -0.011361697, -0.03755929, 0.02345392, -0.007100172, 0.0004134169, 0.00038546088, 0.03186162, -0.008902562, 0.017569032, -0.023273794, -0.062649906, -0.025874106, -0.0007021325, -0.0005578421, -0.001465597, -0.016898703, -0.005535492, 0.0016456387, 0.0013556058, 0.005795829, -0.015764687, -0.0016978917, -0.008019427, 0.021062348, 0.01991326, -0.015220687, 0.008095727, -0.0054182312, 0.022845225, 0.013444476, -0.019156726, 0.02073907, -0.00029925897, 0.009689411, -0.0062795603, 0.004611309, 0.00019519917, -0.003995564, -0.013785579, 0.01705817, 0.0041465266, -0.012803346, 0.01267042, 0.012025614, -0.0029046691, 0.044222135, -0.030902263, 0.006202611, -0.04464009, -0.016350081, 0.0022071025, -0.030525232, -0.006115915, 0.011931187, 0.0028425804, 0.0043968316, 0.007512865, -0.00690225, 0.021996064, -0.0027937028, 0.0043309573, 0.029122353, -0.0049721287, 0.004204348, 0.026402973, 0.017550996, -0.009341018, -0.000908609, -0.022692816, 0.023311287, 0.0017230354, 0.0015982332, 0.006526058, -0.001343364, 0.0035469038, -0.009010735, -0.011787578, 0.00037818291, 0.0009930113, 0.0018819174, -0.013298265, -0.036631335, -0.014833292, -0.01450039, 0.029549303, 0.009664895, 0.016796373, -0.011788497, -0.012150966, -0.0038936073, 0.010131607, 0.0005813615, -0.018933102, -0.0016345553, 0.009692474, -0.016139206, -0.009597666, -0.0055069574, 0.028025063, -0.0070694406, 0.04054157, 0.0048372773, -0.008898406, 0.014926563, 0.01742412, 0.005798222, 0.007898562, 0.005544256, 0.003570372, 0.008999203, -0.030469226, -0.010211657, 0.01942483, 0.032281037, 0.023844946, -0.039089262, -0.03214695, -0.009884665, 0.004416539, -0.007123936, 0.0106524555, -0.00042510132, 0.036899135, -0.022615228, -0.0071883355, -0.015333755, -0.00337191, -0.010879641, 0.003289004, -0.00066292274, -0.0022228681, -0.08394864, -0.00043750223, -0.011575218, 0.007272447, 0.006163961, 0.015832746, -0.010105953, 0.015832324, -0.022222025, 0.008752041, -0.009732352, -0.012346621, -0.0029832027, -0.0015203526, 0.012771467, -0.010691959, -0.014239266, 0.009430284, 0.039502844, 0.0019481553, 0.0025645352, -0.025859589, -0.015708925, 0.004716854, -0.021415073, 0.005474911, 0.008089127, 0.03970251, -0.0117872525, 0.009900068, 0.0010432034, -0.01767805, -0.0036129914, -0.012780368, -0.0070205354, 0.009827747, -0.0017793707, 0.014102406, -0.009324864, 0.0082438225, -0.011145268, -0.009200647, 0.0067182244, -0.00014575811, -0.0061999806, 0.0042498135, 0.004816275, -0.002569561, 0.024939274, -0.011638248, -0.011590245, 0.009079138, 0.008282829, -0.0020828824, 0.029867796, -0.0011832042, 0.028946204, -0.00091290957, 0.0029513896, -0.0074037863, 0.022497345, -0.022766434, 0.005502524, 0.020433798, -0.0034940096, -0.012701849, -0.004913361, 0.0030646964, 0.018420573, 0.0022889187, -0.017457757, -0.02043763, -0.030111624, -0.0063979626, 0.017555658, 0.003421084, -0.0017631175, -0.028691141, -0.0015428972, 0.0094041545, -0.017857905, -0.0023484982, 0.012115634, 0.014493851, -0.017929154, -0.0038249788, -0.011755837, -0.0018470068, 0.0070807603, -0.0071509383, 0.0065176184, 0.014122131, 0.0127553865, 0.0040681674, -0.0042925314, -0.026684549, -0.017390396, 0.021846713, -0.0053178775, -0.008479763, -0.0061054733, -0.011392756, -0.00091384276, -0.0035641554, -0.0052195583, 0.03388159, -0.014635819, 0.010813308, -0.011612394, -0.015216206, 0.022834715, 0.018832078, -0.0046693734, 0.043478932, 0.003387485, 0.017178027, -0.007135788, -0.019179065, -0.004720275, 0.015139981, -0.017501758, 0.029857455, -0.011561756, 0.010661361, 0.00088574406, -0.0006997112, 0.008971141, 0.013478615, 0.0010768455, -0.006259204, 0.0054039485, 0.019863501, -0.0015941276, -0.015975662, 0.0038754598, 0.007692548, 0.034712203, -0.015681177, 0.0036719649, -0.018967098, -0.044219073, 0.0045868116, 0.001611899, 0.0013804722, 0.033321165, -0.0146738775, -0.0073379604, 0.015437728, 0.023523139, -0.038017366, -0.0050481823, -0.033603247, 0.0051931995, -0.0059179743, -0.0057810023, 0.014527231, -0.0029706035, -0.007308275, -0.04431399, 0.002310693, -0.031172298, 0.026423678, 0.0070677428, -0.024031498, -0.0049866294, -0.002361163, -0.0048236945, -0.011518153, -0.025063107, 0.027489202, 0.013771193, -0.0070296433, 0.0014167012, 0.004933951, -0.022110848, -0.0048272214, -0.0014817029, -0.022125501, 0.03522675, -0.015029922, 0.009111231, 0.023934301, -0.012539155, -0.012639648, -0.004775202, -0.044852972, -0.0011252933, 0.020541798, -0.0111666005, 0.015877683, 0.0009344361, -0.013058186, -0.0023995503, 0.028018575, -0.02453732, 0.038886625, 0.023657314, -0.013772822, 0.0019165783, 0.008521461, -0.0008003517, 0.0006332702, 0.0062110433, 0.018385539, 0.009628965, 0.0069610197, 0.0053329193, 0.020584373, -0.00046271403, -0.010625636, -0.008897602, 0.005354333, 0.010891935, 0.0011821499, 0.022224082, -0.0012316332, -0.018001806, 0.020651452, -0.029925197, -0.03329016, 0.00041599327, -0.0031378998, 0.0073889946, 0.0067663086, -0.0024803623, -0.012165245, -0.016584622, 0.014590006, 0.010272807, 0.0073752035, -0.013535724, -0.010863723, 0.008236828, -0.0024063322, -0.014016381, 0.011062521, 0.034774806, 0.017433453, -0.028091554, 0.045911938, -0.0149725145, 0.013637911, -0.012200115, -0.008489505, -0.008781241, 0.0065075, -0.011819529, 0.024367163, -0.0031388113, 0.0073695146, 0.032449774, -0.006781057, 0.0017277923, 0.015191846, -0.0055682026, -0.013584152, -0.017480664, 0.0027282478, -0.023274334, -0.010718315, -0.009827615, -0.0033485196, 0.007256414, -0.010212749, 0.005676776, 0.0035274797, -0.011838557, 0.011335526, -0.018887226, -0.1093085, 0.029836372, 0.020401476, -0.024318013, 0.0015706873, -0.011025337, 0.0018735094, -0.007587413, 0.0072759455, -0.0074548502, 0.0027278324, 0.009226071, -0.0056554745, 0.015605095, -0.032987107, -0.0067189853, -0.019646034, 0.0025034125, -0.005359864, 0.027141811, 0.00459906, 0.02968214, 0.030807098, 0.009815527, 0.0014475243, -0.00694463, -0.009595425, 0.016866459, -0.0022982527, 0.018879572, 1.2996348e-07, 0.01863164, -0.009945671, -0.014464402, -0.019172652, 0.008401967, 0.006705402, 0.012019216, -0.01640555, 0.021278419, 0.0008654819, -0.020446926, -0.0058313985, -0.013428156, 0.021488443, 0.018099789, 0.019226808, -0.026129775, -0.0059143794, 0.0022495096, -0.028482672, -0.006902858, -0.014711115, 0.008264344, -0.012646892, -0.017425263, -0.0035191893, 0.00866518, -0.009946035, 0.0042227004, -0.010562682, 0.020371856, -0.01158991, -0.016419573, -0.0018448962, -0.01227179, 0.0075251614, 0.024002343, -0.019544374, -0.0054218243, -0.01419115, 0.0046489257, 0.04180678, 0.031511527, 0.010216659, -0.005664941, 0.01924858, 0.025588619, 0.004250142, 0.022591624, -0.0026608722, 0.016599376, -0.075568214, -0.025785215, -0.00348397, 0.0042426186, 0.009252072, -0.0010018498, -0.018558446, 0.0035682186, -0.0033517664, -0.01743455, -0.00044477973, 0.016475733, -0.0038502153, -0.013890828, -0.010620741, 0.0066039595, 0.010766551, 0.012890548, -0.0067963465, 0.0076478515, 0.0014224576, 0.026449017, 0.01617251, 0.0033049132, -0.01240619, 0.04040004, -0.0028985967, 0.009360016, 0.021840071, -0.01700369, -0.004278275, -0.1140839, -0.0027218142, 0.00014997786, 0.014460051, 0.010303562, -0.0018149602, 0.003312081, 0.027607193, -0.0074518016, 0.008445013, -0.018826906, -0.00020197274, -0.00846021, -0.013245643, -0.009496745, 0.12500282, 0.019760255, 0.01824994, 0.013535608, 0.013226771, -0.0031635922, 0.0072634467, 0.008492551, -0.000357118, 0.011737282, -0.004980057, -0.0120761115, -0.0047026863, -0.0058985744, 0.021214109, 0.008146241, -0.0073121046, 0.0076817214, 0.006068393, -0.0035418358, 0.022829495, -0.036897857, 0.025332093, 0.018462703, 0.0064022983, 0.033448342, -0.0003286623, 0.00025322844, 0.015503107, -0.018634817, -0.022428282, 0.0070702806, -0.007534217, 0.004383203, 0.011778295, -0.014482772, -0.08446844, 0.018054869, -0.022051673, 0.0040607527, 0.011652388, 0.0036754496, -0.019933356, -0.03421039, 0.010749271, 0.018199373, 0.0118694855, 0.001952657, -0.013562406, 0.0046197153, -0.01806425, 0.014944502, 0.0019208058, -0.015772687, 0.012108346, 0.007740925, -0.011828319, -0.0029153905, -0.018679371, -0.012300577, -0.0076428675, 0.007155274, -0.016398743, -0.004757474, -0.01966336, -0.0030751927, -0.004992097, 0.010237995, -0.016651357, -0.00019648686, -0.0067401906, -0.009070176, 0.029037438, 0.008413914, -5.0987655e-05, -0.0043792254, 0.01244263, 0.009465372, -0.030026374, -0.01258405, 0.011136055, 0.0028084947, -0.0058148154, 0.02908101, 0.015422638, 0.03393633, -0.023790464, -0.004938151, -0.013171258, 0.0034918792, -0.0024645312, 0.010417796, -0.017212557, 0.008137772, 0.023690596, -0.0020253614, 0.0098269675, -0.0035459984, 0.015682522, 0.010225528, 0.0032461097, 0.0010382459, 0.012066734, 0.010297224, -0.010984225, 0.025002811, 0.005255834, -0.00858056, 0.014959623, 0.01806526, -0.012560616, 0.015718084, -0.013053595, -0.0013563089, -0.016145589, 0.008965939, 0.006952072, -0.0015051406, 0.010389994, -0.008527328, 0.020261917, 0.0033053649, -0.00073676434, 0.00794952, -0.0028170326, 0.007502109, -0.0128847, -0.013454064, 0.009939417, 0.004684679, 0.0031365885, -0.0037717372, 0.009192066, -0.0083022285, -0.001243247, -0.0044722944, -0.0007890038, 0.03895779, 0.0023890429, 0.0099908095, 0.016200008, -0.007400201, -0.010063876, -0.010955831, 0.0012560352, 0.0036805524, -0.009771506, -0.011059316, -0.010001779, 0.00027812299, 0.0009959233, 0.004932638, -0.006643664, 0.0040465826, -0.007592903, 0.0026145594, 0.0065828664, 0.005845663, -0.0019191781, -0.006932774, -0.017328633, -0.011620098, 0.0033281168, 0.000887839, -0.007451335, 0.0042674756, -0.010896599, -0.0071313097, 0.00828329, -0.012569703, 0.01923064, -0.020975735, 0.012943235, 0.010343888, 0.0025536595, -0.0069362647, -0.0056472337, 0.008877527, 0.007162741, -0.01598058, 0.0154327145, 0.0030232829, 0.009910103, 0.0057368805, -0.0076026763, -0.004981311, 0.0060952078, 0.009033653, -0.00324188, 0.005790684, 0.007883068, 0.0051620323, 0.017538248, 0.016142707, 0.00996622, -0.011076768, -0.0074015246, -0.0050159525, 0.010081468, -0.010394253, -0.0160131, -0.010952931, -0.0038354048, -0.0017916551, 0.0060313907, -0.005173508, -0.0065990873, 0.021130348, -0.004217651, -0.008082724, 0.017705807, -0.023284115, -0.019107712, 0.015922986, -0.006738195, -0.016157446, -0.011892356, 0.0057233637, 0.00350043, 0.0052667395, 0.0022546093, 0.019956272, 0.0046900897, -0.00011246986, -0.021002993, 0.019335752, 0.0030738197, 0.012991471, -0.003025496, -0.0028907026, 0.012754327, 0.0156836, 0.008143985, -0.0064582783, 0.0026140828, 0.004785498, -0.011907494, 0.012321157, -0.0073430603, -0.012348988, -0.013374014, -0.004034324, 0.004885504, -0.015525007, -0.011120877, 0.0052380827, -0.0088713, 0.0029625602, -0.0008740351, 0.018536525, -0.016236875, 0.0009899039, -0.0039859368, -0.01878769, 0.0011075969, -0.004213132, -0.008457708, -0.0006833832, -8.508592e-05, -0.017381357, -0.009031066, -0.010719221, -0.005905724, -0.010719448, 0.010799291, -0.002966126, -0.027834496, -0.0011291273, 0.009903045, 0.009588959, -0.004320476, 0.0025942223, 0.010300985, -0.00731488, -0.025681598, -0.014613996, 0.017905328, -0.007696408, 0.028157774, -0.0072854026, 0.0073030074, -0.003733016, 0.0072231535, 0.012928073, -0.0086333435, -0.0018078327, 0.0125102345, 0.010426642, -0.010869753, 0.00024062175, -0.017960947, -0.00039414316, 0.010657737, 0.00970101, 0.0034412518, 0.09782422, -0.0033478315, 0.012370878, 0.026363699, 0.013040188, -0.012066441, 0.0064651184, -0.00383537, -0.00036117484, -0.011908497, -0.003201133, -0.005099776, 0.0007854258, 0.026337104, 0.002450698, -0.0066684345, -0.0072930804, 0.016914673, -0.0056200656, 0.0046047643, -0.014237617, -0.0026583965, 0.0017467166, -0.009895203, 0.015905796, 0.007050596, -0.0077799014, -0.0013725548, -0.015574629, 0.015541494, 0.0075762593, 0.013123374, -0.015354287, 0.0010648915, -0.017126523, 0.0061453213, -0.008197442, -0.015017196, 0.007969992, 0.009612322, -0.018491952, 0.008687196, 0.011274919, -0.012591977, 0.014492352, 0.009251554, -0.01616089, 0.01474359, 0.0023636234, 0.007980019, -0.007258743, -0.017778026, -0.01277268, 0.014633272, -0.0034009288, -0.009030058, -0.009820313, 0.0054165893, 0.0007107394, 0.010001748, -0.017242556, 0.029638208, -0.007755359, -0.0015308128, 0.005790475, -0.03131324, -0.005038698, 0.0038784128, 0.007629303, -0.0026973905, -0.004823724, -0.0026002524, 0.0030351565, -0.004924153, 0.054320924, 0.0067726397, -0.0013141579, -0.0048845513, -0.023614507, -0.009309963, -0.008378954, 0.009400755, -0.015776373, -0.028638817, 0.002109085, 0.0074723586, -0.014068323, -0.0020960215, -0.0183734, -0.0019404812, 0.00697832, 0.00033203687, 0.004660906, 0.0059237895, -0.0063222563, 0.02539229, 0.105110414, -0.003816757, -0.00090619555, -0.009575267, 0.0005899169, -0.022427255, -0.010864935, -0.005105657, -0.014762512, -0.007016731, 0.012726656, 0.012074003, -0.0028537328, -0.010053519, -0.006875575, -6.9394635e-05, -0.0036189791, -0.0010902596, 0.016993733, -0.013611833, -0.005387313, -0.009525383, -0.013446905, -0.010291895, 0.004571802, 0.0071996152, -0.0035654644, 0.0021905387, -0.00024723163, 0.001706574, -0.011808755, -0.018296318, -0.01866789, -0.0026052287, 0.006644962, -0.01390173, -0.005374135, 0.014403553, -0.012170812, -0.00328678, 0.002437223, 0.015010008, 0.014019512, 0.004407532, -0.018415408, -0.005489107, 0.01109893, -0.00892013, 0.0019344533, 0.0013585481, 0.0007177949, 0.0051757502, 0.008209043, 0.010941429, 0.014820226, 0.0018026724, 0.016566599, 0.0028815179, -0.005684277, -0.012223964, 0.0048313765, 0.012841313, 0.0016635281, 0.014025541, 0.0026030096, 0.010758289, 0.003443968, 0.006446625, 0.006393347, 0.002640535, 0.029349906, 0.009895534, 0.002970595, 0.0017056841, 0.022266025, 0.011005632, -0.0031804033, 0.013556307, 0.0020589277, 0.0075987577, 0.0013221131, -0.011538712, -0.01803156, 0.013441555, 0.01343942, -0.0047437, -0.008708776, -0.00894733, -0.00040831516, -0.015641028, 0.016968295, 0.009244833, 0.0004308416, -0.004601922, 0.0015907596, -0.006425367, 0.017617585, -0.006210322, -0.008475237, -0.0035003829, 0.0018071333, 0.010091818, -0.017277313, 0.0044949264, 0.003911108, -0.0033030517, 0.016570132, -0.028364431, -0.021976706, -0.0010661451, 0.011663509, 0.008477287, -0.0012191031, 0.0050982963, -0.0009572262, -0.013879946, 0.013080955, -0.004098324, -6.420016e-05, -0.010383214, 0.012100915, -0.018757937, -0.0040008533, -0.0065985136, -0.0018410693, -0.02202698, 0.0017954605, 0.0146011375, 0.0009464541, -0.029941317, -0.018975524, 0.015644323, 0.009824041, -0.016057199, 0.011198236, 0.0012135174, 0.003504927, -0.015152878, -0.0029866323, -0.009463288, 0.002612926, 0.0069317776, -0.009362504, 0.016037634, 0.011947414, 0.00012643101, 0.009088293, 0.01660401, 7.7652054e-05, -0.0104661165, 0.012657026, 0.023732336, -0.008400114, 0.020215662, -0.004005796, -0.014608526, 0.017504089, 0.004566521, -0.00032891592, 0.020736951, -0.00018864348, -0.056714423, -0.0076064984, 0.0050382717, 0.007701806, 0.019581215, -0.012365176, -0.011277512, -0.028619349, 0.0031135639, 0.0024831926, -0.008522792, -0.011500881, -0.018332256, 0.004997709, 0.018923003, 0.014104138, -0.0012686801, -0.010740752, -0.0077746487, -0.014801782, -0.008764039, 0.010550446, -0.0022101484, 0.003460406, 0.005770098, -0.0022859755, -0.00028945215, 0.02544765, -0.004872762, -0.015176602, -0.016038759, -0.008053255, 0.015335581, 0.009797532, 0.022104558, 0.00068922504, -0.00054018624, 0.007970588, 0.013100022, -0.002162975, 0.026592689, -0.0027516312, -0.01347322, 0.018212948, -0.0066384603, 0.010012131, 0.017878115, 0.002674524, -0.0017386067, 0.0014376506, 0.009194919, 0.020586837, -0.011513807, 0.011515029, -0.015879817, -0.004105982, -0.014636394, 0.005930956, -0.0076257866, -0.0066017425, -0.0010259869, 0.0096172225, -0.0076315533, -0.003198331, -0.021514747, -0.0049097645, 0.015685564, -0.0060910177, 0.008564247, 0.014641819, -0.002026389, 0.005521693, -0.013094429, -0.0023636813, -0.014058715, -0.0027217618, 0.0032402603, -6.0053906e-05, -0.0039848257, 0.002930397, -0.005350208, 0.009895059, -0.014520215, -0.020029169, 0.0010745155, -0.02481115, 0.011909065, -0.007090558, -0.016533634, 0.0017576478, -0.011801793, 0.0077179596, 0.00046115334, -0.007943733, -0.014756279, -0.0022166653, -0.002449903, 0.0025896733, -0.004671842, -0.0056457454, -0.00013785968, -0.0059282556, -0.0014234798, 0.00022767122, -0.014578897, 0.00033231394, -0.0035347843, -0.022472622, 0.002891129, 0.0018050426, -0.0070907637, 0.00079132506, -0.0014608557, -0.0031040062, 0.01276663, -0.010569829, 0.004092661, 0.019069394, 0.0037160933, -0.013230881, -0.0061480664, 0.0022982405, -0.0033384345, -0.0049788402, -0.01768235, -0.00022170553, 0.015219627, 0.01772106, 0.02288094, -0.012936042, 0.0048778257, -0.01186569, 0.0047684987, 0.0041106297, -0.00929547, -0.008471601, 0.018110938, 0.0021386426, -0.021119792, 0.021632146, -0.0059515806, -0.0066754185, 0.010663043, -0.025536673, 0.003075263, 0.024463069, -0.00232835, -0.01243454, 0.003913259, -0.0015017196, 0.027788326, -0.012536714, 0.007727369, 0.016020918, 0.018968727, -0.01187976, 0.009352992, 0.00841913, 0.011421704, -0.0024754994, 0.019232891, -0.001301115, 0.015086595, -0.01661434, -0.0060866773, -0.031016197, 0.010324399, -0.0014333478, -0.0027657954, -0.016185464, -0.011390378, 0.007946238, -0.0011934064, 0.023341445, -0.008232014, -0.005004693, 0.013954034, -0.0015232684, -0.0103891045, -0.0033837827, 0.001317337, -0.0008500084, -0.0029850272, -0.008442849, 0.0069394177, -0.0014108163, 0.011188878, 0.017735647, 0.0013854085, -5.219478e-05, 0.0139170345, -0.001280909, 0.0013256388, 0.013070528, 0.010721588, -0.017106207, 0.0075570536, -0.000899471, -0.0020795919, 0.005241519, -0.009812464, 0.005699701, 0.023849497, -0.015783135, -0.004139597, -0.06522248, 3.2648815e-05, -0.002982057, 0.011359993, -0.017082365, -0.0042865253, -0.015934413, -0.009105697, 0.008975719, 0.0019666255, -0.0019802067, -0.0037068299, -0.008134181, -0.026933618, 0.021586848, -0.015256459, -0.005394077, -0.010855239, -0.001628198, 0.0029972252, 0.005085343, 0.012312876, 0.0017665763, -0.01614828, -0.015199192, 0.0032190084, -0.0077774087, 0.010988106, 0.0060869944, -0.00036027233, -0.016588066, -0.0011459738, -0.004390258, 0.004533197, 0.017448224, -0.005325336, 0.020356562, 0.0005316701, -0.14905511, -0.01705904, 0.014484476, -0.0045174207, -0.007117252, 0.009771405, -0.027305527, 0.005824728, -0.004147741, -0.000344115, 0.001265251, 0.007386775, -0.011071693, -0.0037657921, 0.0035116668, 0.013121404, 0.005873115, 0.01281992, -0.008962697, 0.0071999603, 0.003685035, -0.0030399084, -0.0010926703, 0.0052127824, -0.0058434713, -0.0053787385, 0.016292099, -0.0026121477, 0.011970993, 0.027908493, -0.0026387204, 0.0052185166, -0.003694763, -0.011862204, 0.003188827, 0.008797219, 0.007955404, 0.0070596873, -0.002868695, 0.009927657, -0.012209541, -0.0068121376, 0.0007696377, -0.00049182033, -0.0051368624, -0.0037163051, 0.009049726, 0.0055677686, 0.00034393393, -0.010230739, -0.0017327924, 0.0030849443, -0.007520234, 0.0010877656, -0.00021156612, 0.0058637336, -0.014922365, 0.009528203, -0.0103803575, 0.0019280277, -0.0062219948, -0.0005322517, 0.023639305, -0.00786408, -0.0046809525, 0.0072459267, -0.00032069936, 0.009596753, 0.01805609, 0.032992464, 0.012145831, -0.0029884237, 0.006109513, -0.0072842445, 0.00981117, -0.005857486, 0.008511898, 0.014692844, -0.010204205, -0.026868295, 0.015938804, -0.0024619114, -0.0012689942, -0.014355056, 0.006006891, -0.021283196, -0.022472717, 0.009262905, 0.0026755526, -0.046930213, -0.002705942, 0.0051404773, -0.01012178, 0.033840355, -0.006741247, 0.010463882, -0.015375726, -0.014005718, 0.003714186, 0.0028379268, 0.007424366, 0.029980136, -0.0044323215, 0.019734625, 0.008570328, -0.0075939894, 0.0044592894, -0.0009225774, -0.009271213, -0.0054734508, -0.002007984, 0.015871558, 0.0037877308, 0.005167388, -0.01613186, -0.008061799, -0.006729765, 0.01701274, -0.02225821, -0.016722422, -0.01388628, -0.0020374646, 0.001096514, -0.00901354, 0.009239451, 0.0019482104, 0.039001197, -0.026710771, 0.005584859, 0.02289215, -0.012629173, 0.0070856074, -0.006219309, 0.0011985851, 0.014631495, -0.0052401116, -0.003203915, -0.012533407, 0.010911956, -0.024641257, 0.028225135, 0.0036936353, -0.012240782, 0.0054201283, -0.0068103783, -0.00014404647, -0.00597577, 0.011511191, 0.04375723, -0.02806872, -0.0035219754, -0.017146401, 0.0079251975, -0.00045370683, 0.002300703, 0.01675555, -0.0074847243, 0.0036307736, -0.013785549, -0.0034046322, -0.017900445, 0.013635689, 0.0007447612, -0.027500853, 0.006919507, -0.0046458677, 0.0014421954, 0.015286105, -0.0022486264, 0.010675223, 0.016018558, 0.008405772, 0.0010106864, 0.028845616, -0.026555533, 0.023051005, -0.005629428, -0.015076624, 0.011514606, -0.0057367277, -0.02056919, -0.0079194475, 0.0012131301, 0.005846704, -2.5230065e-06, -0.0172777, -0.0015441937, -0.010243961, 0.02488298, 0.039517313, 0.006759726, -0.020764094, -0.030342037, 0.013303383, -0.00034138927, 0.013654158, 0.0011145035, -0.00806231, -0.0047377027, 0.00016260057, -0.01651605, -0.00053148024, 0.0017795099, -0.12724388, -0.018050456, -0.027534364, 0.010946556, -0.012910993, -0.013800112, 0.010947511, -0.0088555785, 0.029458813, -0.019420383, -0.0049562785, -0.0017778274, 0.014656866, -0.0049746335, 0.00909353, -0.016399648, -0.0061878744, -0.011460159, -0.025909226, -0.02436293, -0.024886081, -0.013677065, 0.003283583, -0.0038375645, -0.011512004, -0.0029220684, -0.00655329, 0.014751434, 0.009169749, 0.0065799206, -0.0021929774, -0.0031076614, 0.0075009842, -0.005033793, 0.0014922408, -0.020154346, -0.015491809, 0.024873922, 0.004901227, 0.003142861, -0.0008453615, 0.018690147, 0.011946628, -0.00444185, -0.0046632686, 0.0051288465, 0.0018693357, 0.007478764, -0.028793128, -0.007156138, 0.018670626, -0.0123162465, 0.0012244226, -0.00684176, 0.0057848473, -0.02274927, 0.018559443, 0.008058886, -0.0024544732, 0.0073169107, -0.01289587, -0.004226657, 0.00755737, -0.0034044087, -0.011546906, -0.021938497, -0.01695464, 0.15304781, 0.0029697854, -0.008144063, -0.013634303, -0.0040453374, -0.00029262464, -0.0022881601, -0.0073902183, -0.015150394, -0.028153066, -0.0066900696, 0.023799637, -0.007860633, 0.0024119571, 0.0098934015, -0.0066293026, -0.0034020543, 0.024938103, 0.0014384916, 0.011409514, 0.007096653, -0.007845674, 0.009315857, -0.0153256515, -0.0044749035, 0.0023356683, -0.0066823554, -0.019033901, 0.012916156, -0.0092962105, 0.020069798, -0.0118695665, -0.009232324, -0.00089984573, -0.0058634714, 0.0022637455, -0.005480908, 0.02763415, 0.0071005956, 0.013195072, -0.019525986, -0.0033069232, 0.0017038392, 0.0010998384, 0.0047528544, -0.0025725788, 0.008991656, 0.01693843, -0.0023502877, -0.01024304, -0.019041698, -0.005211157, 0.019008042, 0.00022598168, 0.008645845, 0.00382306, 0.0024937927, 0.003781623, 0.0072857756, -0.0036161866, 0.009333962, -0.01650187, -0.001850146, 0.003155154, 0.014905173, 0.008241552, 0.016519846, -0.0023883022, -0.0032179584, -0.13581681, -0.009203092, -0.0036812713, 0.009626218, 0.0021852765, 0.046947367, 0.009943687, 0.014022559, 0.0072439453, -0.003690167, 0.004937386, 0.0049450854, -0.0026431023, 0.01977813, 0.0016993994, -0.0038672178, -0.018184744, 0.016756777, 0.019998705, 0.0049775476, -0.016928334, -0.0025113462, 0.003758751, -0.017839564, 0.002139213, -0.005330205, -0.010839116, -0.008289833, -0.0027628103, -0.004265555, -0.012666114, -5.8503876e-05, 0.0045803385, -0.009571798, -0.011867833, 0.008259063, 0.014034369, -0.0043382905, 0.009567895, 0.011728439, -0.011297783, 0.004581752, -0.0029315576, 0.017463645, 0.0023977633, 0.006864049, -0.012262118, -0.0011068872, 0.02200712, -0.018484764, 0.013164035, -0.020417498, -0.0053953542, -0.017079806, -0.004832614, -0.0013580914, 0.0020022073, -0.006701592, 0.0042676046, 0.002277464, 0.02393398, 0.01371058, -0.014181957, -0.0058023077, 0.01983129, 0.008033789, -0.015739072, -0.024309812, 0.007363405, -0.01411887, 8.869106e-05, -0.0012025643, 0.009222334, -0.019529423, -0.005034586, 0.0067469976, 0.014883918, 0.016202966, -0.001643178, -0.00291216, -0.011219615, 0.0037704203, 0.0006921948, 0.002894782, 0.04000028, -0.0014977768, -0.016685124, -0.018017994, -0.0023020757, 0.0057901484, -0.0026959528, 0.007574643, -0.0029641874, -0.005727128, -0.0320021, 0.028441465, -0.01657154, 0.026037496, -0.02525216, 0.010827193, -0.0080838, 0.0036823128, -0.017322812, -0.00017396358, -0.00014719403, -0.014828154, 0.0046996656, 0.018392798, 0.00953487, 0.0060260254, -0.012211126, -0.009653677, 0.016323444, 0.019390896, 0.012454436, -0.025024397, -0.016672969, 0.007867301, -0.008642839, 0.0052047144, 0.01043335, -0.00032251884, 0.02067044, 0.0057710893, 0.016642634, -0.00945439, -0.0109640155, 0.001983063, 0.0040742476, 0.018035494, 0.0007185645, 0.013106709, 0.014814314, -0.0072564627, -0.0032624053, 0.0023194326, 0.017423047, -0.0023713522, -0.011827002, -0.002266033, 0.0111989975, -0.012716429, 0.006858197, -0.017253976, -0.01965288, 0.00079693407, 0.00096599513, 0.046170916, 0.0012778217, 0.01866531, 0.0024791018, 0.013397936, -0.025229452, -0.01678502, -0.0029979474, 6.093302e-05, 0.0038377685, 0.012922594, 0.010819937, 0.009941673, -0.0036712296, -0.0018397338, -0.00081424514, 0.0071478314, 0.018148929, 0.009562319, -0.025593612, -0.0077173123, 0.0028423625, -0.016112939, -0.01738955, -0.0059805075, 0.019157533, 0.00012028301, 0.0033007464, 0.014170798, 0.013508139, 0.011086438, 0.008648346, -0.06449673, 0.008053296, -0.0015173163, -0.0023500575, -0.017819399, -0.0027060008, 0.021435553, 0.0065987282, -0.003635465, -0.019457802, 0.0011387048, -0.008416662, -0.0058191908, -0.0372288, 0.0015663235, -0.0011445351, -0.0027860075, -0.014000196, -0.0043500024, -0.0044949143, -0.008226237, -0.0074848663, 0.021046279, -0.019174416, 0.00013561475, 0.0023449922, 0.021652885, 0.0009911406, -0.011574878, 0.023942148, -0.005033615, -0.0073940717, -0.0025800685, 0.020378888, -0.0031997329, -0.010642734, -0.013127237, -0.015145913, 0.018968979, -0.05680786, 0.0037551946, 0.023021165, -0.098732755, 0.017358223, 0.022655971, 0.014482942, 0.012180912, 0.005613121, 0.0051735053, 0.0011877146, -0.012085383, 0.003406758, -0.013346308, 0.007939968, -0.00015406449, 0.043966416, -0.01613541, 0.007317526, 0.015059125, -0.014011186, -0.009614277, -0.019751146, 0.0036216709, 0.014462263, 0.00559393, 0.013551231, 0.0081588235, 0.010363209, 0.011923672, 0.026060082, -0.0009528916, -0.017904505, -0.019164938, 0.0023902294, 0.026142417, 0.008403016, -0.011187723, 0.003922627, 0.0054697255, -0.0064721843, -0.010330305, -0.006443782, 0.006906086, 0.038458664, 0.015437763, -0.012638903, 0.0020925258, -0.11255605, 0.0026013204, 0.009925101, -0.0015450141, 0.011952053, -0.0007185272, -0.026213842, 0.081686705, -0.007835965, -0.0030637998, 0.0052190856, -0.00811272, 0.012278403, 0.026449597, 0.0066797417, 0.00012487054, 0.016534187, 0.023692785, -0.0013151574, -0.0060663093, -0.00305885, 0.011426262, 0.011705119, 0.0038548615, -7.311439e-05, -0.05104844, -0.013884614, -0.018753434, 0.03282674, 0.020135311, 0.010818144, 0.006216727, -0.0024563186, -0.009594829, -0.0154360775, 0.030961346, 0.001236703, 0.009456698, -0.009703789, 0.0026199573, -0.0054787123, -0.0043789297, -0.0025134392, -0.010490117, 0.013625177, -0.01970814, 0.0017256322, -0.006600249, 0.00560807, -0.02033839, 0.0011653927, -0.007602809, 0.0070960806, 0.020386444, 0.0056213317, -0.013210747, 0.00040266715, 0.0033825485, -0.0062132007, -0.02828569, -0.002679017, 0.005088168, -0.002462201, 0.02798099, 0.017060231, -0.030635852, -0.02552144, -0.011355847, 0.0006789462, 0.023719896, 0.005620842, 0.0048541925, 0.0016375156, -0.001380859, 0.02448707, -0.015554127, -0.017806303, -0.00033570538, -0.026794437, 0.0043363688, -0.0098759215, -0.0044552437, 0.004513842, -0.0077131283, -0.02284539, 0.0070712366, 0.021053264, 0.026569635, 0.011307396, -0.012169325, -0.021433344, -0.0049578357, -0.003830229, 0.017657708, 0.0016263378, -3.2442586e-05, -0.013611836, 0.010469591, -0.0106645385, -0.0012851, 0.021542221, -0.00027825567, -0.02367947, -0.0056022005, 0.0013426485, -0.0036383227, 0.005056439, 0.007407321, -0.025444021, -0.0016036078, 0.021734845, 0.0074128853, 0.009348992, 0.010151405, -0.010117598, -0.023342103, -0.014164417, -0.00032028486, -0.00031666158, 0.010391667, -0.009801646, 0.0008598547, 0.0047281873, -0.03717224, 0.00019319885, -0.0018110926, 0.00014694719, -0.01405306, 0.009347417, 0.011951494, -0.011904517, 0.004643391, 0.0033726494, 0.0042919563, 0.009448821, 0.0060535125, -0.027069695, 0.022108588, -0.012639593, -0.0028433623, -0.0068822834, -0.037593555, -0.006603323, -0.0067733866, -0.0051351697, 0.006114155, 0.01993345, 0.0004038755, -0.0018558421, 0.00077715795, 0.007370972, 0.017818563, -0.008460546, -0.005718009, 0.0071831853, 0.004000354, 0.0018056699, 0.011655193, -0.013127925, 0.009815902, 0.002010976, -0.016793048, -0.0055577257, -0.020398963, -0.0080212075, 0.004184954, -0.009229687, -0.014391565, 0.021575399, 3.468412e-05, 0.014867738, -0.008580293, -0.01781842, 0.004093776, 0.034961, 1.8347866e-05, 0.0013135121, -0.025014514, -0.0030817827, 0.0151521005, 0.011911927, -0.01862762, -0.017270776, 0.01820096, 0.0024336998, -0.00022737835, 0.01330663, -0.0131368125, 0.025190419, 0.0195521, 0.010940989, 0.001030418, 0.018408656, -0.019520424, -0.0014740269, -0.020891262, -0.030201586, 0.00663286, -0.0036676815, -0.0075008473, -0.015048696, 0.0050125816, -6.9441114e-05, -0.030587964, -0.008315137, -0.0068397755, -0.013820393, -0.007961793, -0.028783144, -0.007222895, 0.010682368, 0.009739108, -0.0025288477, 0.006869673, 0.005029004, 0.019447602, 0.015940076, -0.011602448, 0.005304743, 0.005784197, 0.0043303017, 0.011184275, 0.029775593, 0.006482066, -0.01901559, 0.0020671147, 0.0056938906, -0.016091978, -0.0063752574, -0.006672065, -0.010308823, 0.0017674691, 0.014681909, 0.00781273, 0.00723744, 0.029379658, -0.005343211, -0.012901564, 0.01247312, -0.0020704437, 0.02037146, 0.0109927105, 0.0039079054, 0.010259457, -0.01107292, 0.0027401971, 0.0025494657, -0.014830782, -0.010382451, 0.011728641, 0.018252546, 0.019442506, 0.0025360317, 0.0033874162, -0.0022154958, 0.0017032408, -0.019170579, -0.008960317, -0.0053339237, -0.0022118774, -0.0086283665, -0.00067489245, -0.010356308, -0.006106611, -0.031500153, 0.008551609, -0.0089372285, -0.017550902, 0.009735344, -0.0043948824, -0.0015305312, -0.0013000609, -0.011750871, 0.0028421737, 0.011910143, 0.014261303, -0.019857375, 0.0049575446, 0.003972762, 0.01919715, 0.0010446993, 0.0067721843, -0.0057808436, -0.012453746, 0.018842408, -0.012045646, 0.0066206986, -0.0069642602, -0.0036502257, -0.008073045, 0.00074465515, -0.0021230401, 0.009632009, -0.017262598, -0.02251628, 0.0021727907, 0.0068095145, -0.0022142266, -0.00044110997, -0.017150322, 0.0029158911, -0.0009250483, -0.024418445, 0.0029017292, 0.0042316318, 0.0029983472, 0.007088978, -0.038059667, -0.010548548, -0.0056863916, -0.015069812, 0.021839017, -0.014865049, 0.0058126305, -0.0048017125, 0.00022184858, 0.007943223, 0.0022364603, -0.0022389663, -0.00012160431, -0.02584734, 0.008836297, 0.02996643, 0.0025692228, 0.004006278, -0.014943826, 0.005711075, -0.016179956, -0.007137865, 0.01585441, 0.039972186, -0.012919499, -0.01673398, 0.0038464589, 0.018556025, -0.00063696323, 0.010585266, 0.020111673, -0.02312421, -0.0064145927, -0.0055485168, -0.00023879031, 0.014549344, -0.00830853, 0.004953696, -0.0056532104, 0.011900824, -0.00012545561, 0.0127124805, -0.017041057, -0.013269249, -0.014991442, 0.012708528, 0.022458293, 0.0057805874, 0.010382929, 0.0128569, -0.03431728, 0.023564385, -0.008388879, -0.0064783613, 0.011569899, -0.025678549, 0.004354891, -0.007193723, 0.026334833, 0.0154430345, -0.011862589, 0.001474963, 0.01803626, -0.003814409, 0.019938378, -0.010524232, -0.010144176, -0.012718621, 0.012816903, -0.024048628, 0.0074362094, -0.006473277, -0.0069376724, -0.0018206012, 0.001213748, -0.012420809, 0.0022385512, -0.011005351, 4.8735405e-05, -0.010465854, 0.008416911, -0.012525589, -0.013388494, 0.014723248, -0.015712637, 0.008135536, -0.021539582, 0.0066765565, 0.010497977, 0.009480461, 0.005918405, -0.0010933215, 0.010120566, 0.004727044, -0.0072705583, 0.025124518, -0.020694353, 0.0077853934, 0.006817529, 0.011378478, -0.0030704131, 0.0025303422, 0.00070181186, 0.009719738, -0.0012373854, 0.0063222093, 0.0015428311, -0.045855075, 0.008447987, 0.008490923, 0.0005088542, 0.009982324, -0.0074036615, -0.007906148, 0.0072858674, 0.00759929, 0.01875131, -0.0042590927, 0.009114433, -0.0032566458, 0.014186985, 0.022686828, -0.0022304163, 0.0070357583, 0.01754448, 0.007424136, -0.003570414, -0.014765024, 0.002076104, -0.011441886, 0.016091784, -0.0049313055, 0.021779168, 0.01527937, 0.0027018676, 0.018338338, 0.0041299206, -0.00052244327, 0.0066179773, -0.002091485, 0.0020860005, -0.0066980915, -0.0007471896, 0.013195176, 0.015136741, -0.013052044, 0.021022867, -0.016361916, 0.015341802, -0.0018783514, 0.0127077885, 0.0004106422, 0.0008852015, -0.0032448578, -0.0064322646, 0.023194697, 0.005648514, -0.020009995, -0.01957467, -0.014857056, 0.01360904, -0.0021678645, 0.016860595, -0.040485214, -0.0055038705, -0.037193693, 0.009308636, 0.009298996, 0.00041469713, -0.006332565, -0.017767634, 0.00079153315, -0.044696048, 0.033866197, 0.03785604, 0.012536545, -0.00072902656, -0.00036748464, 0.009893871, -0.0049549527, -0.0032813938, -0.0016120207, -0.03191268, -0.0071291486, 0.0118892025, -0.009807695, 0.002542565, -0.012368785, -0.009291833, 0.0111068, 0.007162348, 0.00854095, -0.012343943, 0.008011426, -0.026722873, 0.003951294, -0.022273954, -0.0011843708, 0.007418649, -0.0038342518, 0.0051674806, -0.0016764685, -0.027616821, -0.0164832, -0.003958385, 0.007611718, 0.00209643, -0.016756034, -0.0034410795, -0.0026926824, 0.007598077, -0.022251477, -0.0071154432, -0.03849174, -0.01665909, 0.013609914, 0.014118669, 0.006739879, -0.017385982, 0.017799312, 0.014215724, -0.007704249, 0.011383564, -0.005223153, -0.013443631, -0.0069844434, -0.009382917, 0.004858286, -0.024059681, 0.017634291, -0.0025337588, 0.018157532, -0.0021159383, -0.02128687, 0.026024355, -0.019587627, 0.002603181, 0.016577953, 0.021717422, -0.038777877, -0.007593828, 0.0028334649, 0.029960426, -0.009678649, -0.006161291, -0.011030848, -0.008581637, 0.020372529, -0.0012394207, -0.0022448257, 0.018389931, 0.013752341, -0.015326471, -0.009163572, -0.0071616177, -0.017306654, 0.015082858, -0.031244233, 0.013139997, -0.0139875, -0.0015179542, -0.0051151593, 0.0054879007, 0.023868144, -0.0075938874, 0.01377579, 0.00017564859, -0.010032508, 0.00972591, 0.012076874, -0.008205897, -0.012682854, 0.0007626393, -2.4730067e-05, 7.593342e-05, 0.0068413536, -0.017199555, 0.016694693, -0.006172279, -0.009273582, -0.004528891, 0.02536135, -0.008854299, -0.015027037, -0.023762286, -0.008410892, 0.0077221435, -0.013367638, 0.0050712866, -0.027022716, -0.011040678, -0.021642113, -0.0025487284, 0.0009212137, 0.0052463776, 0.008635814, 0.002438758, 0.012082924, -0.014357622, -0.018857397, 0.026358753, 0.009825974, 0.005899466, -0.0032832325, 0.014069916, -0.008939001, 0.0026924554, -0.0044778017, 0.003640484, 0.004730881, -0.0014899576, -0.007258477, 0.009588394, -0.018422645, -0.012672835, 0.00993397, -0.0031282112, 0.008668277, -0.014749341, 0.028373443, 0.0054335487, -0.006858366, -0.022217793, 0.0017704137, -0.010685656, -0.005935102, -0.008190293, 0.023547722, -0.010641196, -0.0018387189, -0.0027601735, 0.021506203, -0.009028288, 0.018317973, 0.008630854, -0.0008328304, -0.0031606222, 0.013516591, 0.016234074, 0.01810044, -0.028530933, -0.005941334, -0.0019187724, 0.016648335, 0.015630234, 0.00073351007, -0.0028132484, 0.011270831, 0.003463902, 0.013631239, 0.005625128, 0.0007434217, -0.0277161, 0.00621723, -0.016194101, -0.01183131, -0.019567477, -0.016261972, -0.01260383, 0.012508566, 0.016328992, -0.007820113, -0.038270608, -0.016677702, -0.0061966176, 0.004634712, -0.0035748284, 0.0064737094, -0.00712551, -0.012342577, -0.013216793, 0.024820134, -0.0069583873, -0.0019666345, -0.003541762, 0.0011282226, 0.0019072169, -0.0126677, 0.0016749917, 0.17769904, 0.13686894, 0.0041233734, 0.0022675018, 0.022894295, -0.00461916, -0.018076278, 0.0027351598, 0.0035691475, 0.032972287, -0.007924325, 0.002349766, 0.00066808565, 0.016785352, 0.021617534, 0.0045872056, -0.018529871, 0.006057487, -0.004996461, 0.009095534, -0.011638243, 0.014093551, 0.0008319378, 0.0067477576, -0.0009085391, -0.015485236, 0.006861883, -0.0086299945, 0.011665416, 0.0066121146, -0.028669938, -0.011777633, 0.0042715347, 0.0064296597, 0.020170104, -0.015255075, 0.015548025, -0.0064048623, 0.0038208691, -0.023774918, -0.020542245, 0.0011993228, -0.0012433408, -0.010115937, -0.010789462, -0.0034641009, -0.010025348, 0.011085035, -0.0051384433, 0.016391305, -0.011096027, 0.008629219, 0.029908963, -0.008211692, -0.011425837, -0.011656106, 0.010336157, 0.007946476, -0.014747836, -0.0007627821, 0.03294341, 0.006976803, -0.000771719, -0.006301276, 0.02392632, -0.006254184, -0.0062563987, -0.003000163, 0.0075951656, 0.0042189537, 0.018891338, 0.0012608744, 0.00067062944, 0.0034068443, 0.006137819, -0.009037244, 0.020377984, -0.00060294213, -0.016469527, 0.0071852645, -0.03282021, -0.0024693438, -0.022291016, 0.013048541, -0.003907478, 0.02107876, 0.011566582, 0.005586034, 0.12676628, 0.026231607, -0.018366542, -0.027467003, -0.00997401, -0.021836253, -0.003102063, 0.023541583, -0.007399746, 0.02693953, -0.006323666, 0.006581963, 0.0007884623, -0.0130544985, -0.010762675, -0.010491199, 0.020770688, 0.063000314, 0.0039452463, 0.0056004315, 0.0063251965, -0.0009958271, -0.010740619, 0.011239183, 0.004984487, 0.02114261, 0.01597757, -0.020251531, -0.0063082147, -0.0029517652, -0.09248158, 0.016437836, 0.021639967, -0.00663795, -0.0055867224, -0.017012011, -0.016720442, 0.00048332068, 0.015260246, 0.012349027, -0.0035556129, -0.009320754, -0.0041044517, 0.011089744, -0.003260337, -0.0018660113, 0.013459524, -0.008899085, -0.0059391577, 0.0031315878, 0.009837841, -0.008930891, -0.00045419938, 0.031641617, 6.8185705e-05, -0.011591632, -0.00094430277, -0.018348739, -0.012174053, 0.013173585, -0.009378712, 0.0017414729, -0.0034390562, -0.011468892, -0.019536667, -0.013593501, -0.0341007, -0.013240133, 0.014336193, -0.011844023, 0.018882513, -0.02678851, 0.0067066173, -0.025081083, 0.018620195, -0.027705457, -0.009946982, -0.019104544, -0.007525618, -0.007983454, 0.063494384, 0.0025078892, -0.023366822, 0.010595891, 0.0019264808, 0.00843506, -0.0027926425, 0.01170464, -0.013092887, -0.005720979, 0.003787295, 0.014267475, -0.016126027, 0.00045646337, 0.0023958592, -0.001459415, 0.013215993, -0.0055882894, -0.002882695, -0.0062348302, 0.0012516757, -0.023149682, -0.015665386, -0.013457138, -0.0053457175, 0.01711215, -0.040117413, 0.021693073, -0.010719533, -0.012390573, -0.00063044386, 0.0036223005, 0.005869642, 0.12402858, 0.011907674, 0.010180202, 0.022197824, 0.007858446, -0.00034736126, -0.009669672, -0.010477125, -0.010195664, -0.010419889, -0.012281949, -0.013227559, 0.012501394, -0.017622435, 0.0045124018, 0.00019985315, 0.010878265, -0.037323955, 0.004884369, -0.025704931, -0.011435488, -0.013018548, -0.0043525295, -0.0020500747, -0.012501511, 0.016245047, -0.006391944, 0.0021078377, 0.018242635, -0.0075783296, 0.010868627, 0.014933467, 0.0045747375, -0.010289051, -0.0044212947, -0.00090407114, -0.010054787, 0.015253208, 0.013936276, -0.0086403, 0.0035383534, 0.006109758, 0.009828793, 0.0031235784, -0.06718377, 0.19657016, 0.00598744, 0.004197776, 0.00062632054, -0.0059518693, 0.01574138, 0.009378725, -0.0008126281, 0.008691763, 0.009345853, 0.0063072345, -0.0033846076, -0.018762827, -0.00013698603, -0.015377338, -0.0038505737, 0.008962791, 0.0037367656, -0.007862768, -0.008448103, 0.020800667, 0.0039563496, 0.0035792983, 0.007279615, 0.0103530735, -0.011820326, 0.0048141857, -0.004268827, -0.019262306, 0.0027580997, 0.014988539, 0.0071800123, 0.0048048026, -0.0043762703, -0.0028520997, -0.0041472767, 0.006816501, 0.0026243492, 0.009304603, -0.010246889, -0.007899807, -0.0033633364, 0.003603141, 0.023904888, 0.00787463, 0.005982991, -0.011566939, 0.011434746, -0.0065670456, 0.007454616, -0.0025073255, 0.016261084, -0.019755451, -0.0007033195, -0.00028343278, -0.01867948, -0.008609067, -0.005843161, 0.004898602, 0.01833153, -0.008601058, 0.0052998383, -0.011253145, -0.0038270985, -0.0027427652, 0.006242003, -0.00473818]}]}
Received 2 embeddings
Embedding 0 length: 768
Embedding 0 sample: [0. 0. 0. 0. 0.]
ERROR: Embedding 0 is all zeros!
Embedding 1 length: 768
Embedding 1 sample: [0. 0. 0. 0. 0.]
ERROR: Embedding 1 is all zeros!
